
 Start         Length     Name                   Class
 0001:00000000 000906A0H .text                   CODE
 0002:00000000 000016C4H .data                   DATA
 0002:000016C4 0000102DH .bss                    BSS


Detailed map of segments

 0001:00000000 000058E7 C=CODE     S=.text    G=(none)   M=System   ACBP=A9
 0001:000058E8 000001CC C=CODE     S=.text    G=(none)   M=SysInit  ACBP=A9
 0001:00005AB4 00000164 C=CODE     S=.text    G=(none)   M=Types    ACBP=A9
 0001:00005C18 00000FCC C=CODE     S=.text    G=(none)   M=Windows  ACBP=A9
 0001:00006BE4 00000338 C=CODE     S=.text    G=(none)   M=SysConst ACBP=A9
 0001:00006F1C 000074F0 C=CODE     S=.text    G=(none)   M=SysUtils ACBP=A9
 0001:0000E40C 00000038 C=CODE     S=.text    G=(none)   M=Messages ACBP=A9
 0001:0000E444 000007FB C=CODE     S=.text    G=(none)   M=VarUtils ACBP=A9
 0001:0000EC40 000068D2 C=CODE     S=.text    G=(none)   M=Variants ACBP=A9
 0001:00015514 00000140 C=CODE     S=.text    G=(none)   M=RTLConsts ACBP=A9
 0001:00015654 00000E28 C=CODE     S=.text    G=(none)   M=TypInfo  ACBP=A9
 0001:0001647C 00000340 C=CODE     S=.text    G=(none)   M=ActiveX  ACBP=A9
 0001:000167BC 0000C7FA C=CODE     S=.text    G=(none)   M=Classes  ACBP=A9
 0001:00022FB8 00000308 C=CODE     S=.text    G=(none)   M=Consts   ACBP=A9
 0001:000232C0 000093C3 C=CODE     S=.text    G=(none)   M=Graphics ACBP=A9
 0001:0002C684 00000787 C=CODE     S=.text    G=(none)   M=MultiMon ACBP=A9
 0001:0002CE0C 00000048 C=CODE     S=.text    G=(none)   M=Math     ACBP=A9
 0001:0002CE54 0000054C C=CODE     S=.text    G=(none)   M=Contnrs  ACBP=A9
 0001:0002D3A0 000005A8 C=CODE     S=.text    G=(none)   M=CommCtrl ACBP=A9
 0001:0002D948 00000038 C=CODE     S=.text    G=(none)   M=Imm      ACBP=A9
 0001:0002D980 00000FF8 C=CODE     S=.text    G=(none)   M=HelpIntfs ACBP=A9
 0001:0002E978 00000058 C=CODE     S=.text    G=(none)   M=WinSpool ACBP=A9
 0001:0002E9D0 00000FB8 C=CODE     S=.text    G=(none)   M=Printers ACBP=A9
 0001:0002F988 0000033B C=CODE     S=.text    G=(none)   M=FlatSB   ACBP=A9
 0001:0002FCC4 000001A4 C=CODE     S=.text    G=(none)   M=SyncObjs ACBP=A9
 0001:0002FE68 000009BB C=CODE     S=.text    G=(none)   M=UxTheme  ACBP=A9
 0001:00030824 00000038 C=CODE     S=.text    G=(none)   M=RichEdit ACBP=A9
 0001:0003085C 00000038 C=CODE     S=.text    G=(none)   M=ToolWin  ACBP=A9
 0001:00030894 00000038 C=CODE     S=.text    G=(none)   M=ShellAPI ACBP=A9
 0001:000308CC 00000038 C=CODE     S=.text    G=(none)   M=RegStr   ACBP=A9
 0001:00030904 00000038 C=CODE     S=.text    G=(none)   M=WinInet  ACBP=A9
 0001:0003093C 00000038 C=CODE     S=.text    G=(none)   M=UrlMon   ACBP=A9
 0001:00030974 000000A0 C=CODE     S=.text    G=(none)   M=ShlObj   ACBP=A9
 0001:00030A14 0000008C C=CODE     S=.text    G=(none)   M=CommDlg  ACBP=A9
 0001:00030AA0 00000038 C=CODE     S=.text    G=(none)   M=Dlgs     ACBP=A9
 0001:00030AD8 00001FC1 C=CODE     S=.text    G=(none)   M=Dialogs  ACBP=A9
 0001:00032A9C 00000652 C=CODE     S=.text    G=(none)   M=ExtCtrls ACBP=A9
 0001:000330F0 00000060 C=CODE     S=.text    G=(none)   M=ComStrs  ACBP=A9
 0001:00033150 00000094 C=CODE     S=.text    G=(none)   M=Clipbrd  ACBP=A9
 0001:000331E4 00000038 C=CODE     S=.text    G=(none)   M=StrUtils ACBP=A9
 0001:0003321C 00002731 C=CODE     S=.text    G=(none)   M=Buttons  ACBP=A9
 0001:00035950 00000038 C=CODE     S=.text    G=(none)   M=ExtDlgs  ACBP=A9
 0001:00035988 00001028 C=CODE     S=.text    G=(none)   M=IniFiles ACBP=A9
 0001:000369B0 0000079C C=CODE     S=.text    G=(none)   M=Registry ACBP=A9
 0001:0003714C 0000006C C=CODE     S=.text    G=(none)   M=Mapi     ACBP=A9
 0001:000371B8 00000058 C=CODE     S=.text    G=(none)   M=ExtActns ACBP=A9
 0001:00037210 00001C44 C=CODE     S=.text    G=(none)   M=ListActns ACBP=A9
 0001:00038E54 0000D0C8 C=CODE     S=.text    G=(none)   M=ComCtrls ACBP=A9
 0001:00045F1C 00000BC4 C=CODE     S=.text    G=(none)   M=Themes   ACBP=A9
 0001:00046AE0 00003E88 C=CODE     S=.text    G=(none)   M=StdCtrls ACBP=A9
 0001:0004A968 00000168 C=CODE     S=.text    G=(none)   M=StdActns ACBP=A9
 0001:0004AAD0 00000D1F C=CODE     S=.text    G=(none)   M=WinHelpViewer ACBP=A9
 0001:0004B7F0 0000177A C=CODE     S=.text    G=(none)   M=ActnList ACBP=A9
 0001:0004CF6C 0000C500 C=CODE     S=.text    G=(none)   M=Forms    ACBP=A9
 0001:0005946C 00001B9C C=CODE     S=.text    G=(none)   M=ImgList  ACBP=A9
 0001:0005B008 00006755 C=CODE     S=.text    G=(none)   M=Menus    ACBP=A9
 0001:00061760 00011273 C=CODE     S=.text    G=(none)   M=Controls ACBP=A9
 0001:000729D4 00000060 C=CODE     S=.text    G=(none)   M=ComConst ACBP=A9
 0001:00072A34 000011B5 C=CODE     S=.text    G=(none)   M=ComObj   ACBP=A9
 0001:00073BEC 0000013C C=CODE     S=.text    G=(none)   M=TntWideStrUtils ACBP=A9
 0001:00073D28 00002C1D C=CODE     S=.text    G=(none)   M=TntClasses ACBP=A9
 0001:00076948 00000038 C=CODE     S=.text    G=(none)   M=TntFormatStrUtils ACBP=A9
 0001:00076980 00000B8E C=CODE     S=.text    G=(none)   M=TntSysUtils ACBP=A9
 0001:00077510 00000A2F C=CODE     S=.text    G=(none)   M=TntWindows ACBP=A9
 0001:00077F40 00000E62 C=CODE     S=.text    G=(none)   M=TntSystem ACBP=A9
 0001:00078DA4 00001464 C=CODE     S=.text    G=(none)   M=TntWideStrings ACBP=A9
 0001:0007A208 000000D8 C=CODE     S=.text    G=(none)   M=TntGraphics ACBP=A9
 0001:0007A2E0 00001EC0 C=CODE     S=.text    G=(none)   M=TntControls ACBP=A9
 0001:0007C1A0 00001A98 C=CODE     S=.text    G=(none)   M=TntActnList ACBP=A9
 0001:0007DC38 000000C3 C=CODE     S=.text    G=(none)   M=CheckLst ACBP=A9
 0001:0007DCFC 000027DC C=CODE     S=.text    G=(none)   M=TntStdCtrls ACBP=A9
 0001:000804D8 00000044 C=CODE     S=.text    G=(none)   M=TntClipBrd ACBP=A9
 0001:0008051C 00000038 C=CODE     S=.text    G=(none)   M=TntExtCtrls ACBP=A9
 0001:00080554 00000F30 C=CODE     S=.text    G=(none)   M=TntDialogs ACBP=A9
 0001:00081484 00000308 C=CODE     S=.text    G=(none)   M=TntStdActns ACBP=A9
 0001:0008178C 000013CC C=CODE     S=.text    G=(none)   M=TntForms ACBP=A9
 0001:00082B58 00001C03 C=CODE     S=.text    G=(none)   M=TntMenus ACBP=A9
 0001:0008475C 00000060 C=CODE     S=.text    G=(none)   M=OleConst ACBP=A9
 0001:000847BC 000008EA C=CODE     S=.text    G=(none)   M=OleServer ACBP=A9
 0001:000850A8 00000038 C=CODE     S=.text    G=(none)   M=StdVCL   ACBP=A9
 0001:000850E0 00001793 C=CODE     S=.text    G=(none)   M=AxCtrls  ACBP=A9
 0001:00086874 00003469 C=CODE     S=.text    G=(none)   M=OleCtrls ACBP=A9
 0001:00089CE0 000000F8 C=CODE     S=.text    G=(none)   M=ActiveIMM_TLB ACBP=A9
 0001:00089DD8 00001B08 C=CODE     S=.text    G=(none)   M=TntComCtrls ACBP=A9
 0001:0008B8E0 00000078 C=CODE     S=.text    G=(none)   M=TransIntf ACBP=A9
 0001:0008B958 00000038 C=CODE     S=.text    G=(none)   M=SHFolder ACBP=A9
 0001:0008B990 000000DC C=CODE     S=.text    G=(none)   M=CommonUtils ACBP=A9
 0001:0008BA6C 000016D4 C=CODE     S=.text    G=(none)   M=PreviewExportFrm ACBP=A9
 0001:0008D140 000019CC C=CODE     S=.text    G=(none)   M=WideIniFiles ACBP=A9
 0001:0008EB0C 00000820 C=CODE     S=.text    G=(none)   M=SingleImportFrm ACBP=A9
 0001:0008F32C 000000D4 C=CODE     S=.text    G=(none)   M=KeePassParserLang ACBP=A9
 0001:0008F400 00000F3C C=CODE     S=.text    G=(none)   M=KeePassParserImpl ACBP=A9
 0001:0009033C 00000361 C=CODE     S=.text    G=(none)   M=KeePassParser ACBP=A9
 0002:00000000 0000009C C=DATA     S=.data    G=DGROUP   M=System   ACBP=A9
 0002:0000009C 00000030 C=DATA     S=.data    G=DGROUP   M=SysInit  ACBP=A9
 0002:000000CC 00000250 C=DATA     S=.data    G=DGROUP   M=SysUtils ACBP=A9
 0002:0000031C 00000008 C=DATA     S=.data    G=DGROUP   M=VarUtils ACBP=A9
 0002:00000324 00000136 C=DATA     S=.data    G=DGROUP   M=Variants ACBP=A9
 0002:0000045C 0000000C C=DATA     S=.data    G=DGROUP   M=TypInfo  ACBP=A9
 0002:00000468 00000010 C=DATA     S=.data    G=DGROUP   M=ActiveX  ACBP=A9
 0002:00000478 000000E4 C=DATA     S=.data    G=DGROUP   M=Classes  ACBP=A9
 0002:0000055C 00000304 C=DATA     S=.data    G=DGROUP   M=Graphics ACBP=A9
 0002:00000860 00000004 C=DATA     S=.data    G=DGROUP   M=Printers ACBP=A9
 0002:00000864 00000010 C=DATA     S=.data    G=DGROUP   M=ShlObj   ACBP=A9
 0002:00000874 00000108 C=DATA     S=.data    G=DGROUP   M=Dialogs  ACBP=A9
 0002:0000097C 00000178 C=DATA     S=.data    G=DGROUP   M=ExtCtrls ACBP=A9
 0002:00000AF4 00000046 C=DATA     S=.data    G=DGROUP   M=Buttons  ACBP=A9
 0002:00000B3C 00000008 C=DATA     S=.data    G=DGROUP   M=IniFiles ACBP=A9
 0002:00000B44 00000008 C=DATA     S=.data    G=DGROUP   M=Registry ACBP=A9
 0002:00000B4C 00000008 C=DATA     S=.data    G=DGROUP   M=Mapi     ACBP=A9
 0002:00000B54 00000134 C=DATA     S=.data    G=DGROUP   M=ComCtrls ACBP=A9
 0002:00000C88 00000068 C=DATA     S=.data    G=DGROUP   M=Themes   ACBP=A9
 0002:00000CF0 00000080 C=DATA     S=.data    G=DGROUP   M=StdCtrls ACBP=A9
 0002:00000D70 0000011C C=DATA     S=.data    G=DGROUP   M=Forms    ACBP=A9
 0002:00000E8C 00000020 C=DATA     S=.data    G=DGROUP   M=ImgList  ACBP=A9
 0002:00000EAC 000000EC C=DATA     S=.data    G=DGROUP   M=Menus    ACBP=A9
 0002:00000F98 0000013C C=DATA     S=.data    G=DGROUP   M=Controls ACBP=A9
 0002:000010D4 00000030 C=DATA     S=.data    G=DGROUP   M=ComObj   ACBP=A9
 0002:00001104 00000020 C=DATA     S=.data    G=DGROUP   M=TntSysUtils ACBP=A9
 0002:00001124 00000004 C=DATA     S=.data    G=DGROUP   M=TntWindows ACBP=A9
 0002:00001128 00000011 C=DATA     S=.data    G=DGROUP   M=TntSystem ACBP=A9
 0002:0000113C 00000010 C=DATA     S=.data    G=DGROUP   M=TntControls ACBP=A9
 0002:0000114C 0000002C C=DATA     S=.data    G=DGROUP   M=TntDialogs ACBP=A9
 0002:00001178 00000004 C=DATA     S=.data    G=DGROUP   M=TntForms ACBP=A9
 0002:0000117C 00000006 C=DATA     S=.data    G=DGROUP   M=TntMenus ACBP=A9
 0002:00001184 0000002C C=DATA     S=.data    G=DGROUP   M=OleCtrls ACBP=A9
 0002:000011B0 00000010 C=DATA     S=.data    G=DGROUP   M=ActiveIMM_TLB ACBP=A9
 0002:000011C0 00000008 C=DATA     S=.data    G=DGROUP   M=TntComCtrls ACBP=A9
 0002:000011C8 00000004 C=DATA     S=.data    G=DGROUP   M=CommonUtils ACBP=A9
 0002:000011CC 00000008 C=DATA     S=.data    G=DGROUP   M=WideIniFiles ACBP=A9
 0002:000011D4 00000004 C=DATA     S=.data    G=DGROUP   M=KeePassParserLang ACBP=A9
 0002:00002000 00000664 C=BSS      S=.bss     G=DGROUP   M=System   ACBP=A9
 0002:00002664 00000014 C=BSS      S=.bss     G=DGROUP   M=SysInit  ACBP=A9
 0002:00002678 00000004 C=BSS      S=.bss     G=DGROUP   M=Types    ACBP=A9
 0002:0000267C 00000004 C=BSS      S=.bss     G=DGROUP   M=Windows  ACBP=A9
 0002:00002680 00000004 C=BSS      S=.bss     G=DGROUP   M=SysConst ACBP=A9
 0002:00002684 00000120 C=BSS      S=.bss     G=DGROUP   M=SysUtils ACBP=A9
 0002:000027A4 00000004 C=BSS      S=.bss     G=DGROUP   M=Messages ACBP=A9
 0002:000027A8 0000005C C=BSS      S=.bss     G=DGROUP   M=VarUtils ACBP=A9
 0002:00002804 00000040 C=BSS      S=.bss     G=DGROUP   M=Variants ACBP=A9
 0002:00002844 00000004 C=BSS      S=.bss     G=DGROUP   M=RTLConsts ACBP=A9
 0002:00002848 00000004 C=BSS      S=.bss     G=DGROUP   M=TypInfo  ACBP=A9
 0002:0000284C 00000004 C=BSS      S=.bss     G=DGROUP   M=ActiveX  ACBP=A9
 0002:00002850 00000040 C=BSS      S=.bss     G=DGROUP   M=Classes  ACBP=A9
 0002:00002890 00000004 C=BSS      S=.bss     G=DGROUP   M=Consts   ACBP=A9
 0002:00002894 00000060 C=BSS      S=.bss     G=DGROUP   M=Graphics ACBP=A9
 0002:000028F4 00000031 C=BSS      S=.bss     G=DGROUP   M=MultiMon ACBP=A9
 0002:00002928 00000004 C=BSS      S=.bss     G=DGROUP   M=Math     ACBP=A9
 0002:0000292C 00000004 C=BSS      S=.bss     G=DGROUP   M=Contnrs  ACBP=A9
 0002:00002930 0000000C C=BSS      S=.bss     G=DGROUP   M=CommCtrl ACBP=A9
 0002:0000293C 00000004 C=BSS      S=.bss     G=DGROUP   M=Imm      ACBP=A9
 0002:00002940 00000008 C=BSS      S=.bss     G=DGROUP   M=HelpIntfs ACBP=A9
 0002:00002948 00000004 C=BSS      S=.bss     G=DGROUP   M=WinSpool ACBP=A9
 0002:0000294C 00000004 C=BSS      S=.bss     G=DGROUP   M=Printers ACBP=A9
 0002:00002950 00000034 C=BSS      S=.bss     G=DGROUP   M=FlatSB   ACBP=A9
 0002:00002984 00000004 C=BSS      S=.bss     G=DGROUP   M=SyncObjs ACBP=A9
 0002:00002988 000000CC C=BSS      S=.bss     G=DGROUP   M=UxTheme  ACBP=A9
 0002:00002A54 00000004 C=BSS      S=.bss     G=DGROUP   M=RichEdit ACBP=A9
 0002:00002A58 00000004 C=BSS      S=.bss     G=DGROUP   M=ToolWin  ACBP=A9
 0002:00002A5C 00000004 C=BSS      S=.bss     G=DGROUP   M=ShellAPI ACBP=A9
 0002:00002A60 00000004 C=BSS      S=.bss     G=DGROUP   M=RegStr   ACBP=A9
 0002:00002A64 00000004 C=BSS      S=.bss     G=DGROUP   M=WinInet  ACBP=A9
 0002:00002A68 00000004 C=BSS      S=.bss     G=DGROUP   M=UrlMon   ACBP=A9
 0002:00002A6C 00000004 C=BSS      S=.bss     G=DGROUP   M=ShlObj   ACBP=A9
 0002:00002A70 00000004 C=BSS      S=.bss     G=DGROUP   M=CommDlg  ACBP=A9
 0002:00002A74 00000004 C=BSS      S=.bss     G=DGROUP   M=Dlgs     ACBP=A9
 0002:00002A78 0000000C C=BSS      S=.bss     G=DGROUP   M=Dialogs  ACBP=A9
 0002:00002A84 00000004 C=BSS      S=.bss     G=DGROUP   M=ExtCtrls ACBP=A9
 0002:00002A88 00000004 C=BSS      S=.bss     G=DGROUP   M=ComStrs  ACBP=A9
 0002:00002A8C 0000000C C=BSS      S=.bss     G=DGROUP   M=Clipbrd  ACBP=A9
 0002:00002A98 00000004 C=BSS      S=.bss     G=DGROUP   M=StrUtils ACBP=A9
 0002:00002A9C 00000030 C=BSS      S=.bss     G=DGROUP   M=Buttons  ACBP=A9
 0002:00002ACC 00000004 C=BSS      S=.bss     G=DGROUP   M=ExtDlgs  ACBP=A9
 0002:00002AD0 00000004 C=BSS      S=.bss     G=DGROUP   M=IniFiles ACBP=A9
 0002:00002AD4 00000004 C=BSS      S=.bss     G=DGROUP   M=Registry ACBP=A9
 0002:00002AD8 00000004 C=BSS      S=.bss     G=DGROUP   M=Mapi     ACBP=A9
 0002:00002ADC 00000009 C=BSS      S=.bss     G=DGROUP   M=ExtActns ACBP=A9
 0002:00002AE8 00000004 C=BSS      S=.bss     G=DGROUP   M=ListActns ACBP=A9
 0002:00002AEC 00000015 C=BSS      S=.bss     G=DGROUP   M=ComCtrls ACBP=A9
 0002:00002B04 00000008 C=BSS      S=.bss     G=DGROUP   M=Themes   ACBP=A9
 0002:00002B0C 00000004 C=BSS      S=.bss     G=DGROUP   M=StdCtrls ACBP=A9
 0002:00002B10 00000004 C=BSS      S=.bss     G=DGROUP   M=StdActns ACBP=A9
 0002:00002B14 00000014 C=BSS      S=.bss     G=DGROUP   M=WinHelpViewer ACBP=A9
 0002:00002B28 00000004 C=BSS      S=.bss     G=DGROUP   M=ActnList ACBP=A9
 0002:00002B2C 00000020 C=BSS      S=.bss     G=DGROUP   M=Forms    ACBP=A9
 0002:00002B4C 0000000C C=BSS      S=.bss     G=DGROUP   M=ImgList  ACBP=A9
 0002:00002B58 00000010 C=BSS      S=.bss     G=DGROUP   M=Menus    ACBP=A9
 0002:00002B68 00000080 C=BSS      S=.bss     G=DGROUP   M=Controls ACBP=A9
 0002:00002BE8 00000004 C=BSS      S=.bss     G=DGROUP   M=ComConst ACBP=A9
 0002:00002BEC 00000011 C=BSS      S=.bss     G=DGROUP   M=ComObj   ACBP=A9
 0002:00002C00 00000004 C=BSS      S=.bss     G=DGROUP   M=TntWideStrUtils ACBP=A9
 0002:00002C04 00000008 C=BSS      S=.bss     G=DGROUP   M=TntClasses ACBP=A9
 0002:00002C0C 00000004 C=BSS      S=.bss     G=DGROUP   M=TntFormatStrUtils ACBP=A9
 0002:00002C10 000000CC C=BSS      S=.bss     G=DGROUP   M=TntSysUtils ACBP=A9
 0002:00002CDC 00000008 C=BSS      S=.bss     G=DGROUP   M=TntWindows ACBP=A9
 0002:00002CE4 00000284 C=BSS      S=.bss     G=DGROUP   M=TntSystem ACBP=A9
 0002:00002F68 00000004 C=BSS      S=.bss     G=DGROUP   M=TntWideStrings ACBP=A9
 0002:00002F6C 00000004 C=BSS      S=.bss     G=DGROUP   M=TntGraphics ACBP=A9
 0002:00002F70 00000018 C=BSS      S=.bss     G=DGROUP   M=TntControls ACBP=A9
 0002:00002F88 00000004 C=BSS      S=.bss     G=DGROUP   M=TntActnList ACBP=A9
 0002:00002F8C 0000000C C=BSS      S=.bss     G=DGROUP   M=CheckLst ACBP=A9
 0002:00002F98 00000004 C=BSS      S=.bss     G=DGROUP   M=TntStdCtrls ACBP=A9
 0002:00002F9C 00000008 C=BSS      S=.bss     G=DGROUP   M=TntClipBrd ACBP=A9
 0002:00002FA4 00000004 C=BSS      S=.bss     G=DGROUP   M=TntExtCtrls ACBP=A9
 0002:00002FA8 00000008 C=BSS      S=.bss     G=DGROUP   M=TntDialogs ACBP=A9
 0002:00002FB0 00000004 C=BSS      S=.bss     G=DGROUP   M=TntStdActns ACBP=A9
 0002:00002FB4 0000000C C=BSS      S=.bss     G=DGROUP   M=TntForms ACBP=A9
 0002:00002FC0 00000008 C=BSS      S=.bss     G=DGROUP   M=TntMenus ACBP=A9
 0002:00002FC8 00000004 C=BSS      S=.bss     G=DGROUP   M=OleConst ACBP=A9
 0002:00002FCC 00000004 C=BSS      S=.bss     G=DGROUP   M=OleServer ACBP=A9
 0002:00002FD0 00000004 C=BSS      S=.bss     G=DGROUP   M=StdVCL   ACBP=A9
 0002:00002FD4 0000001C C=BSS      S=.bss     G=DGROUP   M=AxCtrls  ACBP=A9
 0002:00002FF0 00000014 C=BSS      S=.bss     G=DGROUP   M=OleCtrls ACBP=A9
 0002:00003004 00000004 C=BSS      S=.bss     G=DGROUP   M=ActiveIMM_TLB ACBP=A9
 0002:00003008 00000004 C=BSS      S=.bss     G=DGROUP   M=TntComCtrls ACBP=A9
 0002:0000300C 00000004 C=BSS      S=.bss     G=DGROUP   M=TransIntf ACBP=A9
 0002:00003010 00000004 C=BSS      S=.bss     G=DGROUP   M=SHFolder ACBP=A9
 0002:00003014 00000004 C=BSS      S=.bss     G=DGROUP   M=CommonUtils ACBP=A9
 0002:00003018 00000004 C=BSS      S=.bss     G=DGROUP   M=PreviewExportFrm ACBP=A9
 0002:0000301C 00000004 C=BSS      S=.bss     G=DGROUP   M=WideIniFiles ACBP=A9
 0002:00003020 00000004 C=BSS      S=.bss     G=DGROUP   M=SingleImportFrm ACBP=A9
 0002:00003024 00000004 C=BSS      S=.bss     G=DGROUP   M=KeePassParserLang ACBP=A9
 0002:00003028 00000004 C=BSS      S=.bss     G=DGROUP   M=KeePassParserImpl ACBP=A9


  Address         Publics by Name

 0002:00002FD4       .02
 0002:00002930       .1
 0002:00002914       .1
 0002:00002970       .1
 0002:00002678       .1
 0002:00002C00       .1
 0002:00002A74       .1
 0002:00002BE8       .1
 0002:00002FD0       .1
 0002:00002680       .1
 0002:00002FC8       .1
 0002:00002B1C       .1
 0002:00002A88       .1
 0002:00002AD8       .1
 0002:00002844       .1
 0002:00002A44       .1
 0002:00002670       .1
 0002:0000300C       .1
 0002:00002A54       .1
 0002:00003010       .1
 0002:00002CE8       .1
 0002:00002A70       .1
 0002:00002A6C       .1
 0002:00003024       .1
 0002:00002890       .1
 0002:000027A4       .1
 0002:00002CDC       .1
 0002:00002A68       .1
 0002:00002A98       .1
 0002:00002A5C       .1
 0002:00002A60       .1
 0002:00002A64       .1
 0002:0000293C       .1
 0002:00002A78       .11
 0002:00002A84       .12
 0002:00002898       .12
 0002:00002F6C       .2
 0002:00003018       .2
 0002:00003028       .2
 0002:00003020       .2
 0002:00002940       .2
 0002:00002B04       .2
 0002:00003014       .2
 0002:00002F9C       .2
 0002:00002A90       .2
 0002:00002928       .2
 0002:00002C0C       .2
 0002:00002F8C       .2
 0002:00002FA4       .21
 0002:0000292C       .21
 0002:00002F88       .21
 0002:0000267C       .3
 0002:00002948       .3
 0002:00002FCC       .3
 0002:00002FA8       .3
 0002:00002B4C       .3
 0002:0000294C       .3
 0002:00002ACC       .3
 0002:00002F74       .3
 0002:00002F68       .3
 0002:0000284C       .3
 0002:00003004       .3
 0002:00002C08       .31
 0002:00002794       .35
 0002:00002AEC       .36
 0002:00002A9C       .4
 0002:00002C18       .4
 0002:00002A58       .4
 0002:00002B34       .41
 0002:00002BEC       .41
 0002:00002B0C       .42
 0002:00003008       .43
 0002:0000285C       .45
 0002:00002800       .5
 0002:00002AD4       .5
 0002:000025BC       .5
 0002:00002FC4       .5
 0002:00003000       .5
 0002:00002F98       .52
 0002:00002848       .6
 0002:00002984       .6
 0002:00002FB8       .6
 0002:00002ADC       .72
 0002:00002B70       .72
 0002:00002FB0       .73
 0002:00002B10       .73
 0002:00002AD0       .8
 0002:00002AE8       .8
 0002:0000301C       .8
 0002:00002B28       .8
 0002:00002824       .81
 0002:00002B60       .9
 0001:00001D38       @AbstractError
 0001:00002928       @AfterConstruction
 0001:00002714       @AsClass
 0001:0000348C       @Assert
 0001:00001EA0       @AStrCmp
 0001:00002938       @BeforeDestruction
 0001:00002494       @BoundErr
 0001:00002760       @CallDynaInst
 0001:00005324       @CheckAutoResult
 0001:000028D0       @ClassCreate
 0001:00002920       @ClassDestroy
 0001:00001DA8       @Close
 0001:00001C64       @Copy
 0001:0000451C       @CopyArray
 0001:00004400       @CopyRecord
 0001:00004688       @DispCallByIDError
 0001:0000F820       @DispInvokeError
 0001:00004624       @Dispose
 0001:00002E78       @DoneExcept
 0001:00004AFC       @DynArrayAsg
 0001:00004AC0       @DynArrayClear
 0001:000048E0       @DynArrayHigh
 0001:000048D8       @DynArrayLength
 0001:00004AB4       @DynArraySetLength
 0001:00002F60       @ExceptionHandler
 0001:00001F10       @FillChar
 0001:000043DC       @Finalize
 0001:000042F0       @FinalizeArray
 0001:000042A4       @FinalizeRecord
 0001:00002778       @FindDynaInst
 0001:00002488       @FpuInit
 0001:000023C4       @FpuMaskInit
 0001:00001AD8       @FreeMem
 0001:00001AA8       @GetMem
 0001:000059E8       @GetTls
 0001:00003474       @Halt
 0001:00003394       @Halt0
 0001:00002A4C       @HandleAnyException
 0001:00002D38       @HandleAutoException
 0001:00002D00       @HandleFinally
 0001:00002B78       @HandleOnException
 0001:00004298       @Initialize
 0001:00004204       @InitializeArray
 0001:000041D4       @InitializeRecord
 0001:0000323C       @InitImports
 0001:00005A34       @InitLib
 0001:00003214       @InitResStringImports
 0001:000031F0       @InitResStrings
 0001:00003260       @InitWideStrings
 0001:00005288       @IntfAddRef
 0001:00005258       @IntfCast
 0001:00005214       @IntfClear
 0001:0000522C       @IntfCopy
 0001:000026F0       @IsClass
 0001:00002394       @isNECWindows
 0001:00003974       @LStrAddRef
 0001:000034D8       @LStrArrayClr
 0001:00003508       @LStrAsg
 0001:0000378C       @LStrCat
 0001:000037D0       @LStrCat3
 0001:00003844       @LStrCatN
 0001:000034B4       @LStrClr
 0001:000038D0       @LStrCmp
 0001:000039E4       @LStrCopy
 0001:00003A24       @LStrDelete
 0001:00003734       @LStrFromArray
 0001:0000369C       @LStrFromChar
 0001:000036BC       @LStrFromPChar
 0001:000035A4       @LStrFromPCharLen
 0001:000036EC       @LStrFromPWChar
 0001:00003610       @LStrFromPWCharLen
 0001:00003728       @LStrFromString
 0001:000036AC       @LStrFromWChar
 0001:0000374C       @LStrFromWStr
 0001:00003A6C       @LStrInsert
 0001:0000354C       @LStrLAsg
 0001:00003784       @LStrLen
 0001:00003AC8       @LStrPos
 0001:00003B10       @LStrSetLength
 0001:00003984       @LStrToPChar
 0001:00003760       @LStrToString
 0001:00004610       @New
 0001:00003578       @NewAnsiString
 0001:00003B7C       @NewWideString
 0001:00013F8C       @OleVarFromLStr
 0001:00014048       @OleVarFromVar
 0001:000020A8       @Pow10
 0001:00001E1C       @PStrCmp
 0001:00001E00       @PStrNCpy
 0001:00002E24       @RaiseAgain
 0001:00002DFC       @RaiseExcept
 0001:00001AF8       @ReallocMem
 0001:00001D2C       @ROUND
 0001:00003480       @RunError
 0001:0000208C       @SetEq
 0001:00002034       @SetRange
 0001:00003128       @StartLib
 0001:0000031C       @strlen
 0001:00002EA8       @TryFinallyExit
 0001:000039DC       @UniqueStringA
 0001:000046B4       @ValInt64
 0001:00001F30       @ValLong
 0001:00014AD8       @VarAddRef
 0001:00010114       @VarCast
 0001:0000FB0C       @VarClear
 0001:000042D8       @VarClr
 0001:0000FB20       @VarClr
 0001:000153E0       @VarCmpEQ
 0001:000043E8       @VarCopy
 0001:0000FE48       @VarCopy
 0001:00013E6C       @VarFromBool
 0001:00013CF8       @VarFromByte
 0001:00013EBC       @VarFromCurr
 0001:00013E14       @VarFromCurrency
 0001:00013E40       @VarFromDate
 0001:00013F60       @VarFromDisp
 0001:00013DE8       @VarFromDouble
 0001:00013C9C       @VarFromInt
 0001:00013D98       @VarFromInt64
 0001:00013CD8       @VarFromInteger
 0001:00013F34       @VarFromIntf
 0001:00013D38       @VarFromLongWord
 0001:00013ED0       @VarFromLStr
 0001:00013E94       @VarFromReal
 0001:00013D58       @VarFromShortInt
 0001:00013DC4       @VarFromSingle
 0001:00013D78       @VarFromSmallInt
 0001:00013EA8       @VarFromTDateTime
 0001:00013D18       @VarFromWord
 0001:00013EFC       @VarFromWStr
 0001:0000F874       @VarNull
 0001:000118E0       @VarToBool
 0001:00011598       @VarToBoolean
 0001:000109D8       @VarToByte
 0001:00012784       @VarToCurrency
 0001:0001221C       @VarToDate
 0001:00013BF0       @VarToDisp
 0001:00011AAC       @VarToDouble
 0001:00010F9C       @VarToInt64
 0001:000104D8       @VarToInteger
 0001:00013B24       @VarToIntf
 0001:00010C50       @VarToLongWord
 0001:00012E38       @VarToLStr
 0001:00011E28       @VarToReal
 0001:00010928       @VarToShortInt
 0001:00011E44       @VarToSingle
 0001:00010A80       @VarToSmallInt
 0001:00010B78       @VarToWord
 0001:00013558       @VarToWStr
 0001:000041B4       @WStrAddRef
 0001:00003BBC       @WStrArrayClr
 0001:00003BE0       @WStrAsg
 0001:00003E10       @WStrCat
 0001:00003E70       @WStrCat3
 0001:00003ED8       @WStrCatN
 0001:00003BA4       @WStrClr
 0001:00003F20       @WStrCmp
 0001:00003FA4       @WStrCopy
 0001:00003FF0       @WStrDelete
 0001:00003D44       @WStrFromArray
 0001:00003D78       @WStrFromLStr
 0001:00003CCC       @WStrFromPChar
 0001:00003C0C       @WStrFromPCharLen
 0001:00003CFC       @WStrFromPWChar
 0001:00003C98       @WStrFromPWCharLen
 0001:00003D38       @WStrFromString
 0001:00003D5C       @WStrFromWArray
 0001:00003CBC       @WStrFromWChar
 0001:00004080       @WStrInsert
 0001:00003C04       @WStrLAsg
 0001:00003E04       @WStrLen
 0001:0000411C       @WStrPos
 0001:0000416C       @WStrSetLength
 0001:00003DF4       @WStrToPWChar
 0001:00003D88       @WStrToString
 0001:00002010       @_CLenToPasStr
 0001:00002004       @_CToPasStr
 0001:00001C34       @_IOTest
 0001:00004690       @_llmul
 0001:0002EAF8       AbortProc
 0001:00064924       AbsMin
 0001:0000C604       AbstractErrorHandler
 0002:0000202C       AbstractErrorProc
 0002:00001104       AccessMode
 0002:0000014C       AccessMode
 0001:00001B94       AcquireExceptionObject
 0001:00018DF8       ActivateClassGroup
 0001:00006284       ActivateKeyboardLayout
 0002:00002BA4       ActiveDrag
 0001:00089DD0       ActiveIMM_TLB
 0001:000167B4       ActiveX
 0001:0004CF40       ActnList
 0001:0000047C       AddBlockAfter
 0002:00000478       AddDataModule
 0001:0001CA28       AddFinished
 0001:0005CC3C       AddIn
 0001:0000506C       AddModuleUnloadProc
 0001:0000507C       AddModuleUnloadProc
 0001:0001CA60       AddNotFinished
 0001:00060ABC       AddOle2
 0001:00078C30       Addr_System_EndThread
 0001:00078C38       Addr_System_LoadResString
 0001:00078C48       Addr_System_LStrFromPWCharLen
 0001:00078C58       Addr_System_VarFromLStr
 0001:00078C60       Addr_System_WStrCat3
 0001:00078C40       Addr_System_WStrFromPCharLen
 0001:00078C50       Addr_System_WStrToString
 0001:0001D484       AddSubComponentsToLoaded
 0001:00026D2C       AdjustColor
 0001:000080B8       AdjustLineBreaks
 0001:0003BAC8       AdjustLineBreaks
 0001:0004F5B8       Adjustment
 0001:0000628C       AdjustWindowRectEx
 0002:000011C4       AIMM
 0002:00000D38       Alignments
 0002:00000F70       Alignments
 0002:00000CF8       Alignments
 0002:0000117C       Alignments
 0002:00000F80       Alignments
 0001:00069F90       AlignWork
 0001:000564FC       AlignWork
 0001:00022D98       AllocateHWnd
 0001:00080CF4       AllocFilterStr
 0001:00031AB8       AllocFilterStr
 0001:00007BE0       AllocMem
 0002:000025B4       AllocMemCount
 0002:000025B8       AllocMemSize
 0001:0002C47C       AllocPatternBitmap
 0001:00005918       AllocTlsBuffer
 0001:00074674       AncestorIsValid
 0001:0002020C       AncestorIsValid
 0002:00000FA4       AnchorAlign
 0002:00000F98       AnimateWindowProc
 0002:000010A0       AnimationStyle
 0001:00007DD0       AnsiCompareStr
 0001:00007E08       AnsiCompareText
 0001:00008984       AnsiLastChar
 0001:00006294       AnsiLower
 0001:00007D9C       AnsiLowerCase
 0001:0000CFD0       AnsiLowerCaseFileName
 0001:0000CF94       AnsiPos
 0001:0006156C       AnsiSameCaption
 0001:00007E40       AnsiSameText
 0001:00007E58       AnsiStrLIComp
 0001:0000D05C       AnsiStrPos
 0001:0000D11C       AnsiStrRScan
 0001:0000D164       AnsiStrScan
 0001:000056A4       AnsiToUtf8
 0001:00007D68       AnsiUpperCase
 0001:00013AAC       AnyToIntf
 0001:0000A468       AppendChars
 0001:0000A834       AppendFormat
 0001:0000A4CC       AppendNumber
 0001:0000A4AC       AppendString
 0002:00002B2C       Application
 0002:00000488       ApplicationHandleException
 0002:00000490       ApplicationShowException
 0002:00000E84       AppVisible
 0002:00000BB8       Arrangements
 0001:0000C5E8       AssertErrorHandler
 0002:00002024       AssertErrorProc
 0001:00015B44       AssignLongStr
 0001:000161C0       AssignVariant
 0002:00000BC0       AutoArrange
 0001:00076198       AutoDetectCharacterSet
 0002:0000260C       avail
 0001:00086850       AxCtrls
 0001:00008B5C       BackfillGetDiskFreeSpaceEx
 0001:000674B8       BackgroundClipped
 0001:0000E6D4       BackupVarBoolFromStr
 0001:0000E834       BackupVarBStrFromBool
 0001:0000E754       BackupVarBStrFromCy
 0001:0000E7C4       BackupVarBStrFromDate
 0001:0000E668       BackupVarCyFromStr
 0001:0000E5FC       BackupVarDateFromStr
 0001:0000E4B8       BackupVarI4FromStr
 0001:0000E464       BackupVariantChangeTypeEx
 0001:0000E524       BackupVarR4FromStr
 0001:0000E590       BackupVarR8FromStr
 0002:00002CF4       base64
 0002:0000033C       BaseTypeMap
 0001:000191CC       BeginGlobalLoading
 0001:0000629C       BeginPaint
 0001:00026D38       BetterSize
 0001:0005DAD0       BiDiDraw
 0001:000219A4       BinToHex
 0001:0000601C       BitBlt
 0002:00000AF4       BitBtnCaptions
 0002:00002AA0       BitBtnGlyphs
 0002:00000814       BitmapCanvasList
 0002:000028B0       BitmapImageLock
 0001:0000E4A0       BiUnimplemented
 0002:00000530       BlockCode
 0002:000025E4       blockDescBlockList
 0002:000025E8       blockDescFreeList
 0002:0000045C       BooleanIdents
 0002:00000338       BooleanToStringRule
 0001:0000878C       BoolToStr
 0001:00012BC0       BoolToWStrViaOS
 0002:00000CF0       BorderStyles
 0002:00000B98       BorderStyles
 0001:00005B98       Bounds
 0001:000180F4       Bounds
 0002:00000F18       Breaks
 0001:000062A4       BringWindowToTop
 0002:000028E8       BrushManager
 0001:000602A4       BuildImage
 0002:00000950       ButtonCaptions
 0002:00000B24       ButtonCount
 0002:000011A8       ButtonMap
 0002:00000924       ButtonNames
 0002:0000114C       ButtonNames
 0001:00035928       Buttons
 0002:00000F94       Buttons
 0002:00000C44       ButtonStates
 0002:00000D68       ButtonStyles
 0002:00000C54       ButtonStyles
 0001:00026504       BytesPerScanline
 0001:00026868       ByteSwapColors
 0001:0000CCC0       ByteToCharIndex
 0001:0000CC98       ByteToCharLen
 0001:0000CC5C       ByteType
 0001:0000CBE4       ByteTypeTest
 0002:00002B50       CachedComCtrlVer
 0002:00002C1C       Cached_ENG_US_FormatSettings
 0001:00022CD4       CalcJmpOffset
 0001:00071CA8       CalcSplitterPos
 0001:000322D8       CallDefWndProc
 0001:00088108       CallEventMethod
 0001:000062AC       CallNextHookEx
 0001:0000D86C       CallTerminateProcs
 0001:000062B4       CallWindowProc
 0001:000062BC       CallWindowProcW
 0001:0006595C       CancelDrag
 0002:000028EC       CanvasList
 0002:00002BB8       CanvasList
 0002:00000910       Captions
 0002:0000105C       CaptureControl
 0002:00000EB8       cBooleanToItemAutoFlag
 0002:0000036C       CBooleanToRelationship
 0001:00005BB4       CenterPoint
 0001:000313C8       CenterWindow
 0002:00002A8E       CF_COMPONENT
 0002:00002A8C       CF_PICTURE
 0002:0000281C       ChangeAnyProc
 0001:00063E88       ChangeBiDiModeAlignment
 0001:00008A0C       ChangeFileExt
 0002:00000D18       CharCases
 0001:000035D4       CharFromWChar
 0001:0000CEA4       CharLength
 0001:000062C4       CharLowerBuff
 0001:00000294       CharNext
 0001:000062CC       CharNext
 0001:00024D74       CharsetToIdent
 0001:0000CDAC       CharToByteIndex
 0001:0000CE10       CharToByteLen
 0001:000062D4       CharToOemA
 0001:000062DC       CharUpperA
 0001:000062EC       CharUpperBuff
 0001:000062F4       CharUpperBuffW
 0001:000062E4       CharUpperW
 0001:0002731C       CheckBool
 0001:0003AA1C       CheckCommonControl
 0001:000029C8       CheckJmp
 0001:0007DCEC       CheckLst
 0001:000062FC       CheckMenuItem
 0002:00000F08       Checks
 0001:0001D4C0       CheckSubComponents
 0001:00021AAC       CheckSynchronize
 0001:0004EFD0       CheckTaskWindow
 0001:00014198       CheckType
 0001:00065610       CheckUndock
 0001:0000CAD8       CheckWin32Version
 0001:00006304       ChildWindowFromPoint
 0002:00000354       CInvalidCustomVariantType
 0002:00000EBC       cItemAutoFlagToBoolean
 0002:00000EB4       cItemAutoFlagToMenu
 0001:00022F24       Classes
 0001:00072DB8       ClassIDToProgID
 0001:00076364       ClassIsRegistered
 0001:00018BBC       ClassNotFound
 0002:000011B0       CLASS_CActiveIMM
 0002:00002818       ClearAnyProc
 0001:000245F4       ClearColor
 0001:000738CC       ClearExcepInfo
 0001:00014F94       ClearVariantTypeList
 0001:0000630C       ClientToScreen
 0001:0006F24C       ClientToWindow
 0002:0000080C       ClipboardFormats
 0001:0003318C       Clipbrd
 0001:00006024       CloseEnhMetaFile
 0001:00005D04       CloseHandle
 0001:0002E978       ClosePrinter
 0002:0000298C       CloseThemeData
 0002:00000864       CLSID_AutoComplete
 0002:00002040       CmdLine
 0002:0000203C       CmdShow
 0002:00000EB0       cMenuAutoFlagToItem
 0002:00000378       CmpTypeMap
 0001:0000E4AC       CmpUnimplemented
 0002:000010DC       CoAddRefServerProcess
 0001:00089D3C       CoCActiveIMM.Create
 0001:00016718       CoCreateInstance
 0002:000010D4       CoCreateInstanceEx
 0002:00000B88       Codes
 0002:00000C14       Codes
 0001:00016710       CoGetClassObject
 0002:00002B00       CoInitExProcLoaded
 0002:000010EC       CoInitFlags
 0001:00016700       CoInitialize
 0002:000010D8       CoInitializeEx
 0002:00002AFC       CoInitializeExProc
 0001:00019488       CollectionsEqual
 0002:0000058C       Colors
 0001:00024B6C       ColorToIdent
 0002:0000097C       ColorToPretyName
 0001:00024B5C       ColorToRGB
 0002:00000BE8       ColumnClicks
 0002:00000C68       ComboBoxExStyles
 0002:00000C74       ComboExStyles
 0002:00002BF4       ComClassManagerVar
 0001:00072A2C       ComConst
 0002:00002934       ComCtl32DLL
 0002:00002AF8       ComCtlVersion
 0001:00045F14       ComCtrls
 0002:00002B64       CommandPool
 0001:0002D940       CommCtrl
 0001:00030A98       CommDlg
 0001:000007FC       Commit
 0002:00002628       committedRoot
 0001:0008BA64       CommonUtils
 0001:00073B94       ComObj
 0001:000766D0       CompareComponentHelperToTarget
 0001:0005C220       CompareFront
 0001:00007CD0       CompareMem
 0001:00007CA0       CompareStr
 0001:00005D0C       CompareString
 0001:00005D14       CompareStringA
 0001:00005D1C       CompareStringW
 0001:00007CF0       CompareText
 0001:000086B4       CompareWith
 0001:0001D5A0       ComponentCreated
 0001:000270DC       ComputeAldusChecksum
 0001:00033148       ComStrs
 0001:000232B8       Consts
 0001:0002D398       Contnrs
 0002:00002B76       ControlAtom
 0002:00002F7C       ControlAtom
 0002:00002B7C       ControlAtomString
 0002:00002F84       ControlAtomString
 0001:00053DA0       ControlHasHelp
 0001:00072944       Controls
 0002:00000B6C       ConversionFormatList
 0002:000004BC       Convert
 0002:000004AC       Convert
 0001:0000BFE0       ConvertAddr
 0001:0000A5C0       ConvertEraString
 0001:00007BBC       ConvertErrorFmt
 0001:0004007C       ConvertFlags
 0001:0003FEE8       ConvertMask
 0001:000400A0       ConvertStates
 0001:000783EC       ConvertUCS2toUTF7
 0001:000785C8       ConvertUTF7toUCS2
 0001:0000A72C       ConvertYearString
 0001:000048E8       CopyArray
 0001:00029A04       CopyBitmap
 0001:0002A0CC       CopyBitmapAsMask
 0001:0000602C       CopyEnhMetaFile
 0001:00035728       CopyImage
 0001:00006900       CopyMemory
 0001:0002A068       CopyPalette
 0002:00000C8C       Copyright
 0001:0005F350       CopyToBest
 0002:000010E0       CoReleaseServerProcess
 0002:000010E4       CoResumeClassObjects
 0002:000010E8       CoSuspendClassObjects
 0001:00016730       CoTaskMemAlloc
 0001:00016738       CoTaskMemFree
 0001:00016708       CoUninitialize
 0001:0000CD1C       CountChars
 0002:000028C8       CounterLock
 0002:00000358       CRangeToType
 0001:0000C52C       CreateAssertException
 0001:0000C6B4       CreateAVObject
 0001:00006034       CreateBitmap
 0001:0000603C       CreateBrushIndirect
 0001:00072DE4       CreateComObject
 0001:00006044       CreateCompatibleBitmap
 0001:0000604C       CreateCompatibleDC
 0001:0001D620       CreateComponent
 0001:00006054       CreateDC
 0001:00006064       CreateDIBitmap
 0001:0000605C       CreateDIBSection
 0001:0000606C       CreateEnhMetaFile
 0001:00005D24       CreateEvent
 0001:00005D2C       CreateFile
 0001:00005D34       CreateFileA
 0001:00005D3C       CreateFileW
 0001:00006074       CreateFontIndirect
 0001:00082910       CreateGetMessageHookForNT
 0001:0000607C       CreateHalftonePalette
 0001:00006084       CreateIC
 0001:00006314       CreateIcon
 0001:0000C458       CreateInOutError
 0001:0000631C       CreateMDIWindowW
 0001:00006324       CreateMenu
 0001:0000608C       CreatePalette
 0001:00006094       CreatePenIndirect
 0001:0000632C       CreatePopupMenu
 0001:00072E1C       CreateRemoteComObject
 0001:0000609C       CreateSolidBrush
 0001:00016758       CreateStreamOnHGlobal
 0001:000268C0       CreateSystemPalette
 0001:00005D44       CreateThread
 0001:0007B7B4       CreateUnicodeHandle
 0001:00006A5C       CreateWindow
 0001:000069AC       CreateWindowEx
 0001:00006A04       CreateWindowExW
 0002:00000878       CreationControl
 0002:00000F9C       CreationControl
 0002:00000448       CRelationshipToBoolean
 0002:0000031C       CResult
 0002:00000144       cSimpleBoolStrs
 0002:000003F4       CText
 0002:00001098       Ctl3DStyles
 0002:00002620       curAlloc
 0001:0001442C       CurrCompare
 0002:0000268C       CurrencyDecimals
 0002:00002688       CurrencyFormat
 0002:00002684       CurrencyString
 0001:0000A454       CurrentYear
 0001:00009FA4       CurrToStr
 0001:00012B50       CurrToWStrViaOS
 0002:00000E08       CursorMap
 0002:00000FAC       Cursors
 0001:000641A8       CursorToIdent
 0002:00000DF8       cUseAlpha
 0002:00000E00       cUseColorKey
 0001:000082C4       CvtInt
 0001:00008474       CvtInt64
 0001:00008390       CvtInt64W
 0001:00008310       CvtIntW
 0002:00000184       CWNear
 0001:0007B978       DataPointsToHintInfoForTnt
 0001:00036B24       DataTypeToRegData
 0001:00014404       DateCompare
 0002:0000268D       DateSeparator
 0001:0000B098       DateTimeToStr
 0001:0000B00C       DateTimeToString
 0001:0000A0A0       DateTimeToTimeStamp
 0001:0000B068       DateToStr
 0001:00012B88       DateToWStrViaOS
 0001:0000A42C       DayOfWeek
 0002:00000180       DCon10
 0002:00000588       DDBsOnly
 0001:00022E4C       DeallocateHWnd
 0002:00000028       DebugHook
 0002:0000268B       DecimalSeparator
 0001:0000A40C       DecodeDate
 0001:0000A2BC       DecodeDateFully
 0001:0000A154       DecodeTime
 0001:000008BC       Decommit
 0001:00000FE8       DecommitFree
 0002:000025FC       decommittedRoot
 0001:00057138       Default
 0001:00051A20       Default
 0002:00000020       Default8087CW
 0002:00000FA0       DefaultDockTreeClass
 0001:0003EA54       DefaultListViewSort
 0001:00077F40       DefaultSystemCodePage
 0002:000025C0       DefaultUserCodePage
 0002:000007DC       DefBrushData
 0002:0000055C       DefFontData
 0001:00006334       DefFrameProc
 0001:0000633C       DefFrameProcW
 0002:00000210       DefLongDayNames
 0002:000001C4       DefLongMonthNames
 0001:00006344       DefMDIChildProc
 0001:0000634C       DefMDIChildProcW
 0002:000007BC       DefPenData
 0002:000001F4       DefShortDayNames
 0002:00000194       DefShortMonthNames
 0001:00006354       DefWindowProc
 0001:0000635C       DefWindowProcW
 0001:00004B54       DelayLoadResourceModule
 0001:000004D8       DeleteBlock
 0001:00005D4C       DeleteCriticalSection
 0001:000003E8       DeleteCriticalSection
 0001:000060A4       DeleteDC
 0001:000060AC       DeleteEnhMetaFile
 0001:00005D54       DeleteFile
 0001:0000896C       DeleteFile
 0001:00005D5C       DeleteFileW
 0001:00000DD0       DeleteFree
 0001:00006364       DeleteMenu
 0001:000060B4       DeleteObject
 0001:000295C0       DeselectBitmap
 0001:0000636C       DestroyCursor
 0001:00006374       DestroyIcon
 0001:00035858       DestroyLocals
 0001:0000637C       DestroyMenu
 0001:00006384       DestroyWindow
 0001:0004B4A4       DialogEnumerationTester
 0001:0003147C       DialogHook
 0001:00032A5C       Dialogs
 0002:00000818       DIBPalSizes
 0002:0000008C       dig
 0002:00002DF8       direct
 0002:00000C00       Directions
 0001:0004EE0C       DisableTaskWindows
 0001:000732E0       DispatchInvoke
 0001:000738C0       DispatchInvokeError
 0001:0000638C       DispatchMessage
 0001:00006394       DispatchMessageW
 0001:00055080       DispatchShortCut
 0001:000738DC       DispCall
 0001:000739C0       DispCallByID
 0002:00002000       DispCallByIDProc
 0001:000737EC       DispCallError
 0002:00001194       DispIDArgs
 0002:00001184       DispParams
 0001:00007BA0       DivMod
 0001:00030AD0       Dlgs
 0002:0000266C       DllProc
 0001:000563B0       DoAlign
 0001:00069E20       DoAlign
 0001:0006DF0C       DoCalcConstraints
 0002:00002BAC       DockSiteList
 0001:0005FF70       DoClick
 0001:0006B564       DoControlMsg
 0001:0002E980       DocumentProperties
 0001:0004EDBC       DoDisableWindow
 0001:00064F3C       DoDragOver
 0001:0006FF7C       DoFindControlZone
 0001:0004EF10       DoFindWindow
 0001:00070508       DoFindZone
 0001:00070000       DoForEach
 0001:0007190C       DoGetNextLimit
 0001:0004ED84       DoneApplication
 0001:0007266C       DoneControls
 0001:0000C9E8       DoneExceptions
 0001:000533FC       DoNestedActivation
 0001:00021A6C       DoneThreadSynchronization
 0001:00058378       DoOnHelp
 0001:000699E0       DoPosition
 0001:00056200       DoPosition
 0001:00070F34       DoPrune
 0001:0007140C       DoSaveZone
 0001:00071610       DoSetNewBounds
 0002:00000464       DotSep
 0002:00000C60       DownMessage
 0002:00000B28       DownStyles
 0001:00027574       DoWrite
 0001:0005A880       DoWrite
 0001:000793BC       DoWrite
 0001:0001AA28       DoWrite
 0001:000281CC       DoWrite
 0001:0006AB4C       DoWriteDesignSize
 0001:000685B8       DoWriteIsControl
 0002:00002B90       DragCapture
 0002:00002B84       DragControl
 0001:00065684       DragDone
 0001:00064EEC       DragFindTarget
 0001:00064EC0       DragFindWindow
 0002:00002BA8       DragImageList
 0001:000652DC       DragInit
 0001:0006544C       DragInitControl
 0002:00002B8C       DragInternalObject
 0001:00064E08       DragMessage
 0002:00002B88       DragObject
 0002:00002BB4       DragSave
 0002:00002B9C       DragSaveCursor
 0002:00002B94       DragStartPos
 0002:00002BA0       DragThreshold
 0001:0006500C       DragTo
 0001:00057174       DrawAppIcon
 0001:00070AA0       DrawCloseButton
 0001:0000639C       DrawEdge
 0001:000063A4       DrawFrameControl
 0001:00070AF8       DrawGrabberLine
 0001:000063AC       DrawIcon
 0001:000063B4       DrawIconEx
 0002:00000E8C       DrawingStyles
 0001:000063BC       DrawMenuBar
 0001:00061388       DrawMenuItem
 0001:00083B08       DrawMenuText
 0001:000063C4       DrawText
 0001:000063CC       DrawTextA
 0001:000063D4       DrawTextW
 0002:00002990       DrawThemeBackground
 0002:000029B4       DrawThemeEdge
 0002:000029B8       DrawThemeIcon
 0002:00002A3C       DrawThemeParentBackground
 0002:00002994       DrawThemeText
 0001:00007E78       DumbItDownFor95
 0001:00026384       DupBits
 0001:00004900       DynArrayClear
 0001:00004908       DynArraySetLength
 0002:00000F78       EdgeStyle
 0002:00001088       EdgeStyles
 0002:00000BA0       EditStyles
 0001:0000C42C       EHeapException.FreeInstance
 0002:00000B70       Empty
 0002:00000D34       Empty
 0001:00014290       EmptyCompare
 0002:00002FF0       EmptyParam
 0002:00002804       EmptyParam
 0002:000000CC       EmptyStr
 0002:000000D0       EmptyWideStr
 0001:0008AFAC       EnableActiveIMM
 0001:000063DC       EnableMenuItem
 0002:00000F10       Enables
 0001:000063E4       EnableScrollBar
 0001:0004EEC0       EnableTaskWindows
 0002:00002A24       EnableThemeDialogTexture
 0002:00002A40       EnableTheming
 0001:000063EC       EnableWindow
 0001:000060BC       EndDoc
 0001:00019254       EndGlobalLoading
 0001:000060C4       EndPage
 0001:000063F4       EndPaint
 0001:000034AC       EndThread
 0001:000003D8       EnterCriticalSection
 0001:00005D64       EnterCriticalSection
 0001:00005D6C       EnumCalendarInfoA
 0002:00002910       EnumDisplayMonitors
 0001:0000BC54       EnumEraNames
 0001:0000BC90       EnumEraYearOffsets
 0001:00051FE4       EnumMonitorsProc
 0001:0002E988       EnumPrinters
 0001:000063FC       EnumThreadWindows
 0001:0001CDD0       EnumValue
 0001:00006404       EnumWindows
 0001:00072CC0       EOleException.Create
 0001:00072BF0       EOleSysError.Create
 0001:0000640C       EqualRect
 0002:00002754       EraNames
 0001:0000B310       EraToYear
 0002:00002770       EraYearOffsets
 0002:00000064       errCaption
 0001:0005BF70       Error
 0001:00001C28       Error
 0001:00018760       Error
 0001:0001C5B4       Error
 0002:00000004       ErrorAddr
 0001:00001BDC       ErrorAt
 0001:0000C4D8       ErrorHandler
 0002:0000022C       ErrorMap
 0002:00002008       ErrorProc
 0002:000023E8       ErrOutput
 0001:00001B68       ExceptAddr
 0002:0000200C       ExceptClsProc
 0001:0000C954       ExceptHandler
 0001:0000C258       Exception.Create
 0001:0000C294       Exception.CreateFmt
 0001:0000C3E4       Exception.CreateHelp
 0001:0000C314       Exception.CreateRes
 0001:0000C350       Exception.CreateResFmt
 0002:0000201C       ExceptionClass
 0001:0000BFEC       ExceptionErrorMessage
 0002:00000264       ExceptMap
 0001:00001B48       ExceptObject
 0002:00002010       ExceptObjProc
 0002:00002004       ExceptProc
 0001:000060CC       ExcludeClipRect
 0002:00000000       ExitCode
 0001:000032D8       ExitDll
 0002:00002048       ExitProc
 0001:000002A4       ExitProcess
 0002:00002028       ExitProcessProc
 0001:000059C4       ExitProcessTLS
 0001:0000029C       ExitThread
 0001:0000599C       ExitThreadTLS
 0001:00008B20       ExpandFileName
 0001:00031754       ExplorerHook
 0001:00037208       ExtActns
 0001:000330C0       ExtCtrls
 0001:00035980       ExtDlgs
 0001:00008AD8       ExtractFileExt
 0001:00031DCC       ExtractFileName
 0001:00008AA0       ExtractFileName
 0001:00031E14       ExtractFileNames
 0001:00081040       ExtractFileNamesW
 0001:000772B0       ExtractStringFromStringArray
 0001:000772FC       ExtractStringsFromStringArray
 0001:0007B9D0       ExtractTntHintCaption
 0001:000060D4       ExtTextOut
 0002:00002790       FalseBoolStrs
 0002:00002F94       FCheckHeight
 0002:00002F90       FCheckWidth
 0002:00002A94       FClipboard
 0002:00000174       FCon1E18
 0001:0002EA90       FetchStr
 0001:000088F4       FileAge
 0001:000088EC       FileClose
 0001:00008854       FileCreate
 0001:00008830       FileCreate
 0001:0000895C       FileExists
 0002:00000810       FileFormats
 0002:00000008       FileMode
 0001:000087D8       FileOpen
 0001:0000885C       FileRead
 0002:000004A0       FilerSignature
 0001:000088B4       FileSeek
 0001:00005D74       FileTimeToDosDateTime
 0001:00005D7C       FileTimeToLocalFileTime
 0001:00008888       FileWrite
 0001:00000F08       FillAfterGap
 0001:00000EA8       FillBeforeGap
 0001:00000FA8       FillerSizeAfterGap
 0001:00000F30       FillerSizeBeforeGap
 0001:00006414       FillRect
 0002:00000B30       FillStyles
 0001:000307B4       Finalization
 0001:000804D8       Finalization
 0001:00030824       Finalization
 0001:0003085C       Finalization
 0001:000804A0       Finalization
 0001:0007DCBC       Finalization
 0001:00030894       Finalization
 0001:0000EC00       Finalization
 0001:00005A7C       Finalization
 0001:00035950       Finalization
 0001:000308CC       Finalization
 0001:00030904       Finalization
 0001:0007DC00       Finalization
 0001:0003093C       Finalization
 0001:00084784       Finalization
 0001:0007C0A0       Finalization
 0001:000309DC       Finalization
 0001:00016784       Finalization
 0001:0000E40C       Finalization
 0001:00030AA0       Finalization
 0001:00036960       Finalization
 0001:000846F4       Finalization
 0001:0002CDCC       Finalization
 0001:00030A68       Finalization
 0001:0008051C       Finalization
 0001:0002C4B4       Finalization
 0001:0002E930       Finalization
 0001:000358F0       Finalization
 0001:00032A00       Finalization
 0001:00089C50       Finalization
 0001:00089DA0       Finalization
 0001:000729FC       Finalization
 0001:0002CE1C       Finalization
 0001:0002D368       Finalization
 0001:0002F944       Finalization
 0001:00077EC0       Finalization
 0001:0004AA98       Finalization
 0001:0004A930       Finalization
 0001:000867F0       Finalization
 0001:00046A94       Finalization
 0001:0007740C       Finalization
 0001:0007A2A8       Finalization
 0001:000153F0       Finalization
 0001:0002D910       Finalization
 0001:00005BE0       Finalization
 0001:0007A1D0       Finalization
 0001:0004CF10       Finalization
 0001:00078CEC       Finalization
 0001:0000E20C       Finalization
 0001:000728DC       Finalization
 0001:000057C0       Finalization
 0001:000813CC       Finalization
 0001:0002D948       Finalization
 0001:0008B920       Finalization
 0001:000593CC       Finalization
 0001:00033078       Finalization
 0001:0008B958       Finalization
 0001:00073CF0       Finalization
 0001:000371B8       Finalization
 0001:00073B14       Finalization
 0001:00045E9C       Finalization
 0001:00076904       Finalization
 0001:0001561C       Finalization
 0001:00081754       Finalization
 0001:0008BA28       Finalization
 0001:0002FC84       Finalization
 0001:0008D108       Finalization
 0001:0008EA9C       Finalization
 0001:0008F2F4       Finalization
 0001:00016424       Finalization
 0001:0002E998       Finalization
 0001:0005AFD0       Finalization
 0001:00023288       Finalization
 0001:0002FE30       Finalization
 0001:00033118       Finalization
 0001:00022E74       Finalization
 0001:00061668       Finalization
 0001:0008505C       Finalization
 0001:000370FC       Finalization
 0001:00082AC0       Finalization
 0001:0008F3BC       Finalization
 0001:0004B71C       Finalization
 0001:000331E4       Finalization
 0001:00090304       Finalization
 0001:00076948       Finalization
 0001:00006BAC       Finalization
 0001:00037160       Finalization
 0001:00006EE4       Finalization
 0001:00033150       Finalization
 0001:00038E1C       Finalization
 0001:00090370       Finalization
 0001:0008B870       Finalization
 0001:000850A8       Finalization
 0001:000048F8       FinalizeArray
 0002:00002F78       Finalized
 0001:00003048       FinalizeUnits
 0001:0005FD30       Find
 0001:0007CDC8       FindActionHelper
 0001:0001F904       FindAncestor
 0001:00004BE4       FindBS
 0001:00018C7C       FindClass
 0001:00004B4C       FindClassHInstance
 0001:00005D84       FindClose
 0001:000002B4       FindClose
 0001:00000E64       FindCommitted
 0001:00063F88       FindControl
 0001:00070734       FindControlAtPos
 0001:00015238       FindCustomVariantType
 0001:000152F0       FindCustomVariantType
 0001:000659A8       FindDragTarget
 0001:0001D7D0       FindExistingComponent
 0001:00005D8C       FindFirstFile
 0001:000002BC       FindFirstFile
 0001:00005D94       FindFirstFileA
 0001:00005D9C       FindFirstFileW
 0001:000190E4       FindGlobalComponent
 0001:0004F01C       FindGlobalComponent
 0002:00002868       FindGlobalComponentProcs
 0001:00004B24       FindHInstance
 0001:00018F8C       FindIdentToInt
 0001:00018F10       FindIntToIdent
 0002:00002A80       FindMsg
 0001:0001C960       FindNestedComponent
 0002:000008DC       FindOptions
 0001:0007B468       FindOrCreateWinControlTrap
 0001:0005BF38       FindPopupControl
 0001:0000E8C8       FindProc
 0001:000323C8       FindReplaceDialogHook
 0001:00032314       FindReplaceWndProc
 0001:00005DA4       FindResource
 0001:00004B9C       FindResourceHInstance
 0001:00058BAC       FindScanline
 0001:00076300       FindSortedListByTarget
 0001:00030A60       FindText
 0001:0004EF74       FindTopMostWindow
 0001:0001E6B4       FindUniqueName
 0001:00014DD0       FindVarData
 0001:00065974       FindVCLWindow
 0001:00076834       FindWideComponentHelper
 0001:000766F0       FindWideComponentHelperIndex
 0001:0007A5B8       FindWideControlHelper
 0001:0000641C       FindWindow
 0001:0004B4FC       FindWinHelp
 0001:000834C8       FixMenuBiDiProblem
 0001:000299B8       FixupBitFields
 0002:00000F88       Flags
 0002:000027A0       FLanguages
 0001:0002FCB4       FlatSB
 0002:00002950       FlatSB_EnableScrollBar
 0002:0000295C       FlatSB_GetScrollInfo
 0002:00002960       FlatSB_GetScrollPos
 0002:00002958       FlatSB_GetScrollRange
 0002:00002968       FlatSB_SetScrollInfo
 0002:00002964       FlatSB_SetScrollPos
 0001:0002F988       FlatSB_SetScrollProp
 0002:0000296C       FlatSB_SetScrollRange
 0002:00002954       FlatSB_ShowScrollBar
 0001:00009C34       FloatToDecimal
 0001:00009F74       FloatToStr
 0001:00009960       FloatToText
 0001:00001D9C       Flush
 0002:00000188       FMSecsPerDay
 0001:00009310       FmtStr
 0002:00000D7C       FocusCount
 0002:00000D78       FocusMessages
 0002:0000072C       FontCharsets
 0002:000028E0       FontManager
 0001:000870C8       FontToOleFont
 0002:00000874       ForceCurrentDirectory
 0001:0004EFF0       ForegroundTask
 0001:000092FC       Format
 0002:00000190       Format
 0001:00008EEC       FormatBuf
 0001:00008EE0       FormatClearStr
 0001:00008E64       FormatError
 0002:0000016C       FormatErrorStrs
 0001:00005DAC       FormatMessage
 0001:00005DB4       FormatMessageA
 0001:00005DBC       FormatMessageW
 0001:00008EBC       FormatVarToStr
 0001:00059428       Forms
 0001:000020A0       FPower10
 0002:00000860       FPrinter
 0001:00006424       FrameRect
 0001:0000DD98       FreeAndNil
 0001:00000B64       FreeCommitted
 0001:0000119C       FreeCurAlloc
 0001:00065A68       FreeDeviceContext
 0001:00065B24       FreeDeviceContexts
 0001:00022C40       FreeIntConstList
 0001:00005DC4       FreeLibrary
 0001:000002C4       FreeLibrary
 0001:00087510       FreeList
 0001:00029514       FreeMemoryContexts
 0001:00022D74       FreeObjectInstance
 0001:0004F0B8       FreeObjectInstance
 0001:00005DD4       FreeResource
 0001:00000734       FreeSpace
 0001:0000D898       FreeTerminateProcs
 0001:0002FE68       FreeThemeLibrary
 0001:00078BA8       FreeTntSystemThreadVars
 0002:000011C0       FRichEdit20Module
 0002:00002AF4       FRichEditModule
 0002:00002CEC       GDefaultSystemCodePage
 0001:00026374       GDICheck
 0001:000262CC       GDIError
 0001:00001D24       Get8087CW
 0001:00005DDC       GetACP
 0001:00016768       GetActiveObject
 0001:0000642C       GetActiveWindow
 0001:0005688C       GetAnimation
 0001:000060DC       GetBitmapBits
 0001:000003F0       GetBlockDesc
 0001:000060E4       GetBrushOrgEx
 0001:00006434       GetCapture
 0001:000642A4       GetCaptureControl
 0001:0007DC38       GetCheckSize
 0001:00018C28       GetClass
 0001:0000643C       GetClassInfo
 0001:00006444       GetClassInfoW
 0001:0000644C       GetClassName
 0001:00006454       GetClassNameW
 0001:0000645C       GetClientRect
 0001:00006464       GetClipboardData
 0001:00027D3C       GetClipboardFormats
 0001:000060EC       GetClipBox
 0001:0000038C       GetCmdShow
 0001:00059668       GetColor
 0001:0003AA44       GetComCtlVersion
 0001:000002CC       GetCommandLine
 0001:00005DEC       GetCommandLineW
 0001:00000978       GetCommitted
 0001:00000A20       GetCommittedAt
 0001:00020CBC       GetComponentValue
 0001:00005DF4       GetComputerName
 0001:0006B118       GetControlAtPos
 0001:0000A518       GetCount
 0001:00005DE4       GetCPInfo
 0001:000060F4       GetCurrentPositionEx
 0001:00005DFC       GetCurrentProcessId
 0002:00002A34       GetCurrentThemeName
 0001:0000037C       GetCurrentThreadId
 0001:00005E04       GetCurrentThreadId
 0001:000068F8       GetCurrentTime
 0001:0000646C       GetCursor
 0001:00058BBC       GetCursorHeightMargin
 0001:00006474       GetCursorPos
 0001:0000A548       GetDate
 0001:00005E0C       GetDateFormat
 0001:0000B228       GetDateOrder
 0001:0000647C       GetDC
 0001:00006484       GetDCEx
 0001:000060FC       GetDCOrgEx
 0001:0002C0BC       GetDefFontCharSet
 0001:00019FD0       GetDesigner
 0001:0000648C       GetDesktopWindow
 0001:00006114       GetDeviceCaps
 0001:00027304       GetDIB
 0001:00006104       GetDIBColorTable
 0001:0000610C       GetDIBits
 0001:0002724C       GetDIBSizes
 0001:000264E4       GetDInColors
 0001:00005E14       GetDiskFreeSpaceA
 0002:00000140       GetDiskFreeSpaceEx
 0001:00006494       GetDlgItem
 0001:000719EC       GetDockAlign
 0001:00064C4C       GetDockSiteAtPos
 0001:00064F78       GetDropCtl
 0001:00002730       GetDynaMethod
 0001:0000611C       GetEnhMetaFileBits
 0001:00006124       GetEnhMetaFileDescription
 0001:0000612C       GetEnhMetaFileHeader
 0001:00006134       GetEnhMetaFilePaletteEntries
 0001:000156CC       GetEnumName
 0001:000157A4       GetEnumNameValue
 0001:000157F0       GetEnumValue
 0001:0000BD08       GetEraNamesAndYearOffsets
 0001:0000B2BC       GetEraYearOffset
 0001:00016770       GetErrorInfo
 0001:0000C69C       GetExceptionClass
 0001:0000C888       GetExceptionObject
 0001:00018BB0       GetFieldClassTable
 0001:00027D1C       GetFileFormats
 0001:0000CAF8       GetFileVersion
 0001:00006004       GetFileVersionInfo
 0001:0000600C       GetFileVersionInfoSize
 0001:00015EB0       GetFloatProp
 0001:0000649C       GetFocus
 0001:00085590       GetFontAccess
 0001:00024D94       GetFontData
 0001:000064A4       GetForegroundWindow
 0001:0000D410       GetFormatSettings
 0001:00005E1C       GetFullPathName
 0001:00005E24       GetFullPathNameA
 0001:00005E2C       GetFullPathNameW
 0001:000242DC       GetHashCode
 0001:00053DD8       GetHelpInfo
 0001:0002DDC8       GetHelpSystem
 0001:00056670       GetHint
 0001:000566A8       GetHintControl
 0001:00061508       GetHotkey
 0001:000064AC       GetIconInfo
 0001:00073658       GetIDsOfNames
 0001:000441CC       GetImageBitmap
 0001:000162CC       GetInt64Prop
 0001:00016330       GetInterfaceProp
 0001:000064CC       GetKeyboardLayout
 0001:000064D4       GetKeyboardLayoutList
 0001:000064DC       GetKeyboardState
 0001:0000238C       GetKeyboardType
 0001:000064B4       GetKeyNameText
 0001:000064BC       GetKeyNameTextW
 0001:000064C4       GetKeyState
 0001:000064E4       GetLastActivePopup
 0001:0006FCB4       GetLastChildZone
 0001:00005E34       GetLastError
 0001:0003E6AC       GetLength
 0001:0000BACC       GetLocaleChar
 0001:00005E44       GetLocaleInfo
 0001:000002D4       GetLocaleInfo
 0001:0000BA80       GetLocaleStr
 0001:00005E3C       GetLocalTime
 0001:0006420C       GetLongHint
 0001:00015B58       GetLongStrProp
 0001:000064EC       GetMenu
 0001:00053D60       GetMenuHelpContext
 0001:000064F4       GetMenuItemCount
 0001:000064FC       GetMenuItemID
 0001:00006504       GetMenuItemInfo
 0001:0000650C       GetMenuItemInfoW
 0001:0005E57C       GetMenuSize
 0001:00006514       GetMenuState
 0001:0000651C       GetMenuString
 0001:00006524       GetMenuStringW
 0001:000828B0       GetMessageForNT
 0001:0000652C       GetMessagePos
 0001:00006534       GetMessageTime
 0001:00016254       GetMethodProp
 0001:00005E4C       GetModuleFileName
 0001:000002DC       GetModuleFileName
 0001:00005E54       GetModuleFileNameA
 0001:00005E5C       GetModuleFileNameW
 0001:000002E4       GetModuleHandle
 0001:00005E64       GetModuleHandle
 0001:0000D788       GetModuleName
 0002:00002904       GetMonitorInfo
 0002:00002908       GetMonitorInfoA
 0002:0000290C       GetMonitorInfoW
 0001:0000BB30       GetMonthDayNames
 0001:0000653C       GetNextWindow
 0001:0000613C       GetObject
 0001:0007B564       GetObjectInstance
 0001:00085630       GetOleFont
 0001:000856E8       GetOlePicture
 0001:00030A38       GetOpenFileName
 0001:00030A40       GetOpenFileNameA
 0001:00030A48       GetOpenFileNameW
 0001:00015980       GetOrdProp
 0001:00006144       GetPaletteEntries
 0001:00006544       GetParent
 0001:0004F20C       GetParentForm
 0001:000855E0       GetPictureAccess
 0001:0000614C       GetPixel
 0001:00005E6C       GetPrivateProfileString
 0001:00005E74       GetProcAddress
 0001:000002EC       GetProcAddress
 0001:00005E7C       GetProfileString
 0001:0000654C       GetProp
 0001:00015680       GetPropInfo
 0001:000158C4       GetPropInfo
 0001:00015854       GetPropInfo
 0001:000156A0       GetPropInfo
 0001:000158FC       GetPropInfos
 0001:0004F6CC       GetRealScrollPosition
 0001:00080CC8       GetResNamePtr
 0001:00059648       GetRGBColor
 0001:00030A50       GetSaveFileNameA
 0001:00030A58       GetSaveFileNameW
 0001:00006554       GetScrollInfo
 0001:0000655C       GetScrollPos
 0001:00006564       GetScrollRange
 0001:000641C8       GetShortHint
 0001:00015A50       GetShortStrProp
 0001:00015AE8       GetShortStrPropAsLongStr
 0001:00000658       GetSpace
 0001:000006BC       GetSpaceAt
 0001:0005BFC8       GetSpecialName
 0001:000002F4       GetStartupInfo
 0001:0000026C       GetStdHandle
 0001:00005E84       GetStdHandle
 0001:00006154       GetStockObject
 0001:00005E8C       GetStringTypeEx
 0001:00005E94       GetStringTypeExA
 0001:00005E9C       GetStringTypeExW
 0001:00015C88       GetStrProp
 0001:0000656C       GetSubMenu
 0001:00076594       GetSyncedWideString
 0001:00006574       GetSysColor
 0001:0000657C       GetSysColorBrush
 0001:00005EA4       GetSystemInfo
 0001:00006584       GetSystemMenu
 0001:0000658C       GetSystemMetrics
 0002:000028F4       GetSystemMetrics
 0001:0000615C       GetSystemPaletteEntries
 0001:00006164       GetTextExtentPoint32
 0001:0000616C       GetTextExtentPoint32W
 0001:00006174       GetTextMetrics
 0002:00002A2C       GetThemeAppProperties
 0002:00002998       GetThemeBackgroundContentRect
 0002:0000299C       GetThemeBackgroundExtent
 0002:000029AC       GetThemeBackgroundRegion
 0002:000029D0       GetThemeBool
 0002:000029C4       GetThemeColor
 0002:00002A38       GetThemeDocumentationProperty
 0002:000029D8       GetThemeEnumValue
 0002:000029F8       GetThemeFilename
 0002:000029E0       GetThemeFont
 0002:000029D4       GetThemeInt
 0002:000029EC       GetThemeIntList
 0002:000029E8       GetThemeMargins
 0002:000029C8       GetThemeMetric
 0002:000029A0       GetThemePartSize
 0002:000029DC       GetThemePosition
 0002:000029F0       GetThemePropertyOrigin
 0002:000029E4       GetThemeRect
 0002:000029CC       GetThemeString
 0002:00002A04       GetThemeSysBool
 0002:000029FC       GetThemeSysColor
 0002:00002A00       GetThemeSysColorBrush
 0002:00002A0C       GetThemeSysFont
 0002:00002A14       GetThemeSysInt
 0002:00002A08       GetThemeSysSize
 0002:00002A10       GetThemeSysString
 0002:000029A4       GetThemeTextExtent
 0002:000029A8       GetThemeTextMetrics
 0001:00005EAC       GetThreadLocale
 0001:000002FC       GetThreadLocale
 0001:00005EB4       GetTickCount
 0001:0000A580       GetTime
 0001:00005924       GetTlsSize
 0001:00056E50       GetTopMostWindows
 0001:000643AC       GetTopParent
 0001:00006594       GetTopWindow
 0001:00032550       GetTopWindow
 0001:000156C0       GetTypeData
 0001:0000659C       GetUpdateRect
 0001:00005EBC       GetUserDefaultLCID
 0001:00014EFC       GetVarDataArrayInfo
 0001:000161D4       GetVariantProp
 0001:00005EC4       GetVersion
 0001:00000384       GetVersion
 0001:00005ECC       GetVersionEx
 0001:00015CF4       GetWideStrProp
 0001:00015BD8       GetWideStrPropAsLongStr
 0001:000065A4       GetWindow
 0001:000065AC       GetWindowDC
 0001:000065B4       GetWindowLong
 0001:000065BC       GetWindowLongW
 0001:00006184       GetWindowOrgEx
 0001:000065C4       GetWindowPlacement
 0001:000065CC       GetWindowRect
 0001:000065D4       GetWindowText
 0001:000065E4       GetWindowTextLengthW
 0001:000065DC       GetWindowTextW
 0002:00002A20       GetWindowTheme
 0001:000065EC       GetWindowThreadProcessId
 0001:000065F4       GetWindowThreadProcessId
 0001:0000617C       GetWinMetaFileBits
 0001:00005ED4       GlobalAddAtom
 0001:00005EDC       GlobalAlloc
 0001:00006914       GlobalAllocPtr
 0002:000011D4       GlobalAppServices
 0001:00005EE4       GlobalDeleteAtom
 0001:00005EEC       GlobalFindAtom
 0002:0000286C       GlobalFixupList
 0001:0001CAA8       GlobalFixupReferences
 0001:00005EF4       GlobalFree
 0001:00006940       GlobalFreePtr
 0001:00005F04       GlobalHandle
 0001:00005EFC       GlobalLock
 0002:00002850       GlobalNameSpace
 0001:00005F0C       GlobalReAlloc
 0001:00006924       GlobalReAllocPtr
 0001:00005F14       GlobalSize
 0001:00005F1C       GlobalUnlock
 0002:00000B20       GlyphCache
 0001:0002C588       Graphics
 0001:00018DA4       GroupDescendentsWith
 0002:00002FA0       GTntClipboard
 0001:00072D8C       GUIDToString
 0002:00000468       GUID_NULL
 0001:0000F79C       HandleConversionException
 0001:00053FE0       HandleEdge
 0001:0001DF0C       HandleException
 0001:00085564       HandleException
 0001:00074970       HasData
 0001:00047C64       HasPopup
 0002:00000024       HeapAllocFlags
 0002:000025C8       heapErrorCode
 0002:000025CC       heapLock
 0001:0002E970       HelpIntfs
 0002:00002944       HelpManager
 0002:00002A7C       HelpMsg
 0002:00002B20       HelpViewer
 0002:00002B24       HelpViewerIntf
 0002:0000013C       HexDisplayPrefix
 0001:000219E0       HexToBin
 0001:000068F0       HiByte
 0002:00000B74       HideScrollBars
 0002:00000B7C       HideSelections
 0002:00000D24       HideSelections
 0002:00000BB0       HideSelections
 0001:00071A68       HideZone
 0001:000862FC       HIMETRICtoDP
 0002:00002668       HInstance
 0002:00002B40       HintDoneEvent
 0001:00056778       HintGetMsgHook
 0002:00002B44       HintHook
 0001:0005671C       HintMouseThread
 0002:00002B48       HintThread
 0002:00002B3C       HintThreadID
 0001:000566C8       HintTimerProc
 0002:00000D70       HintWindowClass
 0002:000029B0       HitTestThemeBackground
 0001:000068EC       HiWord
 0001:000567BC       HookHintHooks
 0001:00006AB4       HwndMSWheel
 0002:00000C2C       IAlignment
 0002:00000F2C       IBreaks
 0002:00000F38       IChecks
 0002:00000F40       IDefaults
 0001:00024D84       IdentToCharset
 0001:00024B7C       IdentToColor
 0001:000641B8       IdentToCursor
 0001:00019008       IdentToInt
 0002:00000F48       IEnables
 0001:0005F320       IfHotkeyAvailable
 0002:00002B54       ImageListWriteExProc
 0001:0002D454       ImageList_Add
 0001:0002D474       ImageList_AddIcon
 0001:0002D4A4       ImageList_BeginDrag
 0001:0002D43C       ImageList_Create
 0001:0002D444       ImageList_Destroy
 0001:0002D4B4       ImageList_DragEnter
 0001:0002D4BC       ImageList_DragLeave
 0001:0002D4C4       ImageList_DragMove
 0001:0002D4D4       ImageList_DragShowNolock
 0001:0002D484       ImageList_Draw
 0001:0002D494       ImageList_DrawEx
 0001:0002D4AC       ImageList_EndDrag
 0001:0002D46C       ImageList_GetBkColor
 0001:0002D4DC       ImageList_GetDragImage
 0001:0002D4F4       ImageList_GetIconSize
 0001:0002D44C       ImageList_GetImageCount
 0001:0002D4E4       ImageList_Read
 0001:0002D49C       ImageList_Remove
 0001:0002D48C       ImageList_Replace
 0001:0002D45C       ImageList_ReplaceIcon
 0001:0002D464       ImageList_SetBkColor
 0001:0002D4CC       ImageList_SetDragCursorImage
 0001:0002D4FC       ImageList_SetIconSize
 0001:0002D4EC       ImageList_Write
 0002:00000E9C       Images
 0001:0005B000       ImgList
 0001:0002D978       Imm
 0002:000010C8       IMM32DLL
 0001:00072658       Imm32IsIME
 0002:0000018C       IMSecsPerDay
 0001:0000FB28       InBounds
 0001:0000F888       InBounds
 0001:0000F8B8       Increment
 0001:0000FB58       Increment
 0001:0002D480       IndexToOverlayMask
 0001:0002D548       IndexToStateImageMask
 0001:000065FC       InflateRect
 0001:000369A8       IniFiles
 0001:00000BF8       InitAllocator
 0001:0002C684       InitAnApi
 0002:0000291C       InitApis
 0001:0007C054       InitAtomStrings
 0001:0007BF6C       InitAtomStrings_D6_D7_D9
 0001:0002D3A8       InitComCtl
 0001:0003A9F0       InitCommonControl
 0001:0002D3A0       InitCommonControls
 0001:0002D408       InitCommonControlsEx
 0001:00073A9C       InitComObj
 0001:000192B0       InitComponent
 0002:00002638       InitContext
 0001:000726F4       InitControls
 0001:0007C05C       InitControls
 0001:0002C100       InitDefFontData
 0001:0000D8C4       InitDriveSpacePtr
 0001:0000C964       InitExceptions
 0001:0002FA00       InitFlatSB
 0001:000328AC       InitGlobals
 0001:00027104       InitializeBitmapInfoHeader
 0001:000003D0       InitializeCriticalSection
 0001:00005F24       InitializeCriticalSection
 0002:000025C4       initialized
 0001:0002F9BC       InitializeFlatSB
 0001:00005A28       InitializeModule
 0001:0000E8F4       InitializeVarUtils
 0001:00078284       Initialize_UTF7_Data
 0001:000722F8       InitIMM32
 0001:00019358       InitInheritedComponent
 0001:0000D220       InitLeadBytes
 0001:0002CD60       InitMultiMonStubs
 0001:0008664C       InitOlePro32
 0001:0000CA68       InitPlatformId
 0002:00002044       InitProc
 0001:00005970       InitProcessTLS
 0001:00059340       InitProcs
 0001:0002C084       InitScreenLogPixels
 0001:0000D298       InitSysLocale
 0001:00030028       InitThemeLibrary
 0001:00021A38       InitThreadSynchronization
 0001:0000592C       InitThreadTLS
 0001:000030B8       InitUnits
 0001:00063E9C       InitWndProc
 0001:0007B580       InitWndProcW
 0002:00001068       InnerStyles
 0002:00002050       Input
 0001:00069954       InsertBefore
 0001:000561A0       InsertBefore
 0001:000010A4       InsertFree
 0001:0005F3D4       InsertHotkeyFarEastFormat
 0001:00006604       InsertMenu
 0001:0000660C       InsertMenuItem
 0001:0009033C       InstallPlugin
 0002:00002888       InstBlockList
 0002:0000288C       InstFreeList
 0001:000143A0       Int64Compare
 0001:0001438C       IntCompare
 0002:00002860       IntConstList
 0001:00072F80       InterfaceConnect
 0001:0007302C       InterfaceDisconnect
 0001:0000D92C       InterlockedDecrement
 0001:00000374       InterlockedDecrement
 0001:00005DCC       InterlockedExchange
 0001:0000D938       InterlockedExchange
 0001:0000D940       InterlockedExchangeAdd
 0001:0000036C       InterlockedIncrement
 0001:0000D920       InterlockedIncrement
 0001:00024268       InternalDeletePalette
 0001:00001D54       InternalFlush
 0001:00000EE4       InternalFreeMem
 0001:00027254       InternalGetDIB
 0001:000271E8       InternalGetDIBSizes
 0001:00019148       InternalReadComponentRes
 0002:00002B08       InternalServices
 0001:00003990       InternalUniqueString
 0001:0000618C       IntersectClipRect
 0001:00005B08       IntersectRect
 0001:00006614       IntersectRect
 0001:00008568       IntToHex
 0001:00019048       IntToIdent
 0001:00008370       IntToStr
 0001:00008540       IntToStr
 0001:0000661C       InvalidateRect
 0001:00026254       InvalidBitmap
 0001:0002623C       InvalidGraphic
 0001:00026260       InvalidIcon
 0001:0002626C       InvalidMetafile
 0001:00026224       InvalidOperation
 0001:00086414       InvalidOperation
 0001:0001811C       InvalidPoint
 0001:00018130       InvalidPoint
 0002:0000279C       InvalidPointer
 0002:00002CF8       invbase64
 0001:000025DC       InvokeImplGetter
 0001:00001CA8       IOResult
 0002:00000F68       IOwnerDraw
 0002:00000F50       IRadios
 0002:00000F60       IRTL
 0001:0004F19C       IsAccel
 0001:000605B4       IsAccelChar
 0001:00016750       IsAccelerator
 0002:00002A1C       IsAppThemed
 0001:00064A04       IsBeforeTargetWindow
 0001:00006624       IsChild
 0001:0007B108       IsChildEdit
 0002:0000204C       IsConsole
 0002:00002CF0       IsDebugging
 0001:00020418       IsDefault
 0001:00020294       IsDefaultFloatProp
 0001:000202F0       IsDefaultInt64Prop
 0001:000205BC       IsDefaultInterfaceProp
 0001:00020698       IsDefaultMethodProp
 0001:00020470       IsDefaultObjectProp
 0001:0002023C       IsDefaultOrdProp
 0001:000746A4       IsDefaultOrdPropertyValue
 0001:000207A8       IsDefaultPropertyValue
 0001:00020348       IsDefaultStrProp
 0001:000204F0       IsDefaultValue
 0001:00020710       IsDefaultVariantProp
 0001:0000CF50       IsDelimiter
 0001:00064E60       IsDelphiHandle
 0001:0000662C       IsDialogMessage
 0001:00006634       IsDialogMessageA
 0001:0000663C       IsDialogMessageW
 0002:00000F58       ISeparators
 0001:000166F8       IsEqualIID
 0001:00006644       IsIconic
 0001:00060610       IsInitialChar
 0001:0000A1B0       IsLeapYear
 0002:00002038       IsLibrary
 0002:0000204D       IsMultiThread
 0001:0006F718       IsOrientationSet
 0001:0000CF1C       IsPathDelimiter
 0001:0000664C       IsRectEmpty
 0001:00005B68       IsRectEmpty
 0001:00036B10       IsRelative
 0001:0008AEF4       IsRichEdit20Available
 0001:00064C08       IsSiteChildOfClient
 0001:00015950       IsStoredProp
 0001:0007AB44       IsTextMessage
 0002:00002A18       IsThemeActive
 0002:000029C0       IsThemeBackgroundPartiallyTransparent
 0002:00002A28       IsThemeDialogTextureEnabled
 0002:000029BC       IsThemePartDefined
 0001:0007AAE4       IsUnicodeCreationControl
 0001:00019124       IsUniqueGlobalComponentName
 0002:00002854       IsUniqueGlobalComponentNameProc
 0001:00008260       IsValidIdent
 0001:0000D280       IsWesternGroup
 0001:00081A30       IsWideCharAccel
 0001:000773D8       IsWideCharMappableToAnsi
 0001:00077230       IsWideCharPunct
 0001:00077218       IsWideCharSpace
 0001:00006654       IsWindow
 0001:0000665C       IsWindowEnabled
 0001:00006664       IsWindowUnicode
 0001:0000666C       IsWindowVisible
 0001:00076A98       IsWordSeparator
 0001:00006674       IsZoomed
 0001:0005C394       Iterate
 0001:0005C3F4       IterateMenus
 0002:0000002C       JITEnable
 0001:00090688       KeePassParser
 0001:00090334       KeePassParserImpl
 0001:0008F3F8       KeePassParserLang
 0001:00078B38       KeyboardCodePage
 0001:0004F150       KeyboardStateToShiftState
 0001:0004F114       KeyDataToShiftState
 0001:0004F0C0       KeysToShiftState
 0001:00078B4C       KeyUnicode
 0001:0000667C       KillTimer
 0001:000089BC       LastDelimiter
 0002:00002CE0       Last_VerQueryValue_String
 0001:0000D1AC       LCIDToCodePage
 0001:00078AC4       LCIDToCodePage
 0001:0000574C       LCIDToCodePage
 0002:0000011C       LeadBytes
 0001:00005F2C       LeaveCriticalSection
 0001:000003E0       LeaveCriticalSection
 0002:00000034       LibModuleList
 0001:000878F8       LicenseCheck
 0001:00006194       LineTo
 0001:00038E4C       ListActns
 0001:000659F0       ListAdd
 0001:00038058       ListItemsCompare
 0001:00065A18       ListRemove
 0002:00002752       ListSeparator
 0001:0002D65C       ListView_Arrange
 0001:0002D708       ListView_CreateDragImage
 0001:0002D5AC       ListView_DeleteAllItems
 0001:0002D6B4       ListView_DeleteColumn
 0001:0002D594       ListView_DeleteItem
 0001:0002D5E4       ListView_FindItem
 0001:0002D7DC       ListView_GetCheckState
 0001:0002D8D8       ListView_GetColumnOrderArray
 0001:0002D6CC       ListView_GetColumnWidth
 0001:0002D674       ListView_GetEditControl
 0001:0002D54C       ListView_GetItem
 0001:0002D538       ListView_GetItemCount
 0001:0002D5F4       ListView_GetItemRect
 0001:0002D7CC       ListView_GetItemState
 0001:0002D5C0       ListView_GetNextItem
 0001:0002D764       ListView_GetOrigin
 0001:0002D894       ListView_GetSelectedCount
 0001:0002D754       ListView_GetTopIndex
 0001:0002D630       ListView_HitTest
 0001:0002D6A4       ListView_InsertColumn
 0001:0002D57C       ListView_InsertItem
 0001:0002D640       ListView_RedrawItems
 0001:0002D504       ListView_SetBkColor
 0001:0002D7FC       ListView_SetCheckState
 0001:0002D688       ListView_SetColumn
 0001:0002D8BC       ListView_SetColumnOrderArray
 0001:0002D6E4       ListView_SetColumnWidth
 0001:0002D8A4       ListView_SetExtendedListViewStyle
 0001:0002D51C       ListView_SetImageList
 0001:0002D564       ListView_SetItem
 0001:0002D858       ListView_SetItemCount
 0001:0002D868       ListView_SetItemCountEx
 0001:0002D79C       ListView_SetItemState
 0001:0002D828       ListView_SetItemText
 0001:0002D73C       ListView_SetTextBkColor
 0001:0002D724       ListView_SetTextColor
 0001:0002D8F4       ListView_SetWorkAreas
 0001:0002D878       ListView_SortItems
 0001:0002D77C       ListView_Update
 0001:00006684       LoadBitmap
 0001:000730DC       LoadComExProcs
 0001:0000668C       LoadCursor
 0001:00006694       LoadIcon
 0001:0000669C       LoadKeyboardLayout
 0001:00005F34       LoadLibrary
 0001:00005F3C       LoadLibraryA
 0001:00000304       LoadLibraryEx
 0001:00005F44       LoadLibraryW
 0001:00005F4C       LoadResource
 0001:00004DE8       LoadResourceModule
 0001:000056F4       LoadResString
 0001:000066A4       LoadString
 0001:0000030C       LoadString
 0001:000066AC       LoadStringW
 0001:000058E8       LocalAlloc
 0001:000003B0       LocalAlloc
 0001:000058F0       LocalFree
 0001:000003B8       LocalFree
 0001:0000BAF4       LocalGetLocaleStr
 0002:00002A50       Lock
 0001:00005F54       LockResource
 0002:00002694       LongDateFormat
 0002:00002728       LongDayNames
 0002:000026DC       LongMonthNames
 0002:000026A8       LongTimeFormat
 0001:00007C50       LowerCase
 0001:00005FF4       lstrcmp
 0001:00005FFC       lstrcpy
 0001:00000314       lstrcpyn
 0002:00002828       LVarTypes
 0002:0000282C       LVarTypeSync
 0002:00002030       MainInstance
 0002:00002034       MainThreadID
 0001:00000474       MakeEmpty
 0001:0000327C       MakeErrorMessage
 0002:000010B4       MakeLast
 0001:000068E0       MakeLong
 0001:00006994       MakeLParam
 0001:0004F09C       MakeObjectInstance
 0001:00022CDC       MakeObjectInstance
 0001:00006954       MakeROP4
 0001:0007AB5C       MakeWMCharMsgSafeForAnsi
 0001:000068CC       MakeWord
 0001:0000698C       MakeWParam
 0002:00001178       ManualPeekMessageWithRemove
 0001:0000C61C       MapException
 0001:000371B0       Mapi
 0002:00000B4C       MAPIDLL
 0002:00000B50       MAPIModule
 0001:00002EC0       MapToRunError
 0001:000066B4       MapVirtualKey
 0001:000066BC       MapVirtualKeyW
 0001:000066C4       MapWindowPoints
 0002:00000EA4       Mask
 0001:0000619C       MaskBlt
 0001:0002CE4C       Math
 0001:0002CE14       Max
 0001:00051A6C       MaximizedChildren
 0002:0000003C       MemoryManager
 0001:00083520       MenuItemHasBitmap
 0002:00000EC0       MenuKeyCaps
 0001:000616D8       Menus
 0001:0000050C       MergeBlockAfter
 0001:000011E8       MergeCommit
 0001:000066CC       MessageBox
 0001:000002AC       MessageBox
 0001:000066D4       MessageBoxA
 0001:000066DC       MessageBoxW
 0001:0000E43C       Messages
 0001:00019BDC       Min
 0001:0002CE0C       Min
 0001:0006929C       MinVar
 0002:00002924       MMAvailable
 0002:000010CC       ModeMap
 0001:0005376C       ModifySystemMenu
 0002:000000A4       Module
 0002:00002665       ModuleIsCpp
 0002:00002664       ModuleIsLib
 0001:00022CAC       ModuleUnload
 0002:00000038       ModuleUnloadList
 0002:00002900       MonitorFromPoint
 0002:000028FC       MonitorFromRect
 0002:000028F8       MonitorFromWindow
 0002:000000EC       MonthDays
 0002:00002B68       Mouse
 0002:000011A0       MouseMap
 0001:00001CC8       Move
 0001:000061A4       MoveToEx
[...]
   959 0001:00084327   961 0001:0008433D   963 0001:00084354   964 0001:00084369
   965 0001:00084377   966 0001:00084388   967 0001:0008439A   968 0001:000843B8
   969 0001:000843D9   970 0001:000843E5   971 0001:00084402   974 0001:0008443C
   976 0001:00084459   978 0001:000844AD   996 0001:000844B4   997 0001:000844B9
  1000 0001:000844BC  1001 0001:000844DE  1002 0001:000844FF  1003 0001:00084519
  1004 0001:0008452D  1005 0001:00084547  1007 0001:0008455B  1008 0001:00084588
  1076 0001:000845A0  1077 0001:000845C4  1080 0001:000845DB  1081 0001:000845E5
  1082 0001:000845F4  1081 0001:00084603  1087 0001:0008460B  1088 0001:0008460F
  1089 0001:0008461C  1091 0001:0008462B  1093 0001:00084631  1094 0001:0008463A
  1095 0001:00084653  1098 0001:0008465C  1099 0001:00084666  1100 0001:0008467D
  1102 0001:00084683  1103 0001:000846A8  1105 0001:000846AA  1089 0001:000846AB
  1106 0001:000846B2  1109 0001:000846C0  1110 0001:000846EC  1117 0001:000846F4
  1119 0001:0008472C  1112 0001:00084730  1113 0001:00084739  1114 0001:0008474A
  1116 0001:0008475A

Line numbers for ActiveIMM_TLB(ActiveIMM_TLB.pas) segment .text

   891 0001:00089D3C   892 0001:00089D52   893 0001:00089D8B  1374 0001:00089DD0
  1374 0001:00089DD7

Line numbers for TntComCtrls(TntComCtrls.pas) segment .text

  2588 0001:0008ABD0  2589 0001:0008ABE2  2590 0001:0008ABEB  2591 0001:0008AC06
  2596 0001:0008AC0C  2597 0001:0008AC15  2598 0001:0008AC2D  2599 0001:0008AC3B
  2600 0001:0008AC49  2602 0001:0008AC5E  2604 0001:0008AC7E  2609 0001:0008AC84
  2610 0001:0008AC86  2612 0001:0008AC89  2613 0001:0008AC8D  2615 0001:0008ACAA
  2616 0001:0008ACC5  2618 0001:0008ACDA  2621 0001:0008ACE0  2622 0001:0008ACEA
  2623 0001:0008ACF4  2624 0001:0008AD02  2626 0001:0008AD19  2628 0001:0008AD2B
  2633 0001:0008AD30  2634 0001:0008AD39  2635 0001:0008AD45  2637 0001:0008AD52
  2638 0001:0008AD62  2641 0001:0008AD68  2642 0001:0008AD71  2643 0001:0008AD7D
  2645 0001:0008AD8A  2646 0001:0008AD9A  2649 0001:0008ADA0  2650 0001:0008ADB9
  2651 0001:0008ADC5  2653 0001:0008ADD0  2654 0001:0008AE08  2657 0001:0008AE10
  2658 0001:0008AE29  2659 0001:0008AE35  2661 0001:0008AE40  2662 0001:0008AE78
  2667 0001:0008AE80  2668 0001:0008AE97  2669 0001:0008AEA0  2670 0001:0008AEB4
  2671 0001:0008AEB7  2672 0001:0008AEC0  2673 0001:0008AED0  2674 0001:0008AEEC
  2683 0001:0008AEF4  2684 0001:0008AEFD  2685 0001:0008AF0C  2686 0001:0008AF16
  2696 0001:0008AF34  2697 0001:0008AF3A  2698 0001:0008AF43  2699 0001:0008AF4C
  2700 0001:0008AF53  2703 0001:0008AF58  2704 0001:0008AF5E  2705 0001:0008AF71
  2707 0001:0008AF84  2708 0001:0008AF8D  2714 0001:0008AFAC  2715 0001:0008AFC8
  2716 0001:0008AFD1  2718 0001:0008AFD7  2719 0001:0008AFDB  2720 0001:0008AFE9
  2721 0001:0008AFF7  2722 0001:0008B011  2723 0001:0008B021  2726 0001:0008B034
  2729 0001:0008B063  2735 0001:0008B06C  2736 0001:0008B06F  2738 0001:0008B076
  2739 0001:0008B07F  2740 0001:0008B095  2743 0001:0008B098  2744 0001:0008B09E
  2745 0001:0008B0A7  2746 0001:0008B0B0  2749 0001:0008B0B4  2750 0001:0008B0BF
  2751 0001:0008B0CA  2752 0001:0008B0E1  2755 0001:0008B0E4  2756 0001:0008B0EE
  2757 0001:0008B0FA  2758 0001:0008B113  2759 0001:0008B118  2763 0001:0008B120
  2764 0001:0008B133  2766 0001:0008B136  2767 0001:0008B138  2770 0001:0008B13C
  2771 0001:0008B13F  2772 0001:0008B14A  2775 0001:0008B14C  2776 0001:0008B165
  2777 0001:0008B196  2783 0001:0008B19C  2784 0001:0008B1BE  2785 0001:0008B1CF
  2787 0001:0008B1E5  2788 0001:0008B1FD  2789 0001:0008B20B  2790 0001:0008B227
  2792 0001:0008B22F  2793 0001:0008B23A  2794 0001:0008B275  2825 0001:0008B27C
  2826 0001:0008B295  2827 0001:0008B29E  2828 0001:0008B2A9  2829 0001:0008B2DC
  2844 0001:0008B2E4  2845 0001:0008B2E9  2848 0001:0008B2EC  2849 0001:0008B2F2
  2850 0001:0008B2FB  2854 0001:0008B300  2855 0001:0008B305  2858 0001:0008B308
  2859 0001:0008B30B  2860 0001:0008B315  2862 0001:0008B31A  2863 0001:0008B321
  2866 0001:0008B324  2867 0001:0008B343  2868 0001:0008B34F  2870 0001:0008B379
  2871 0001:0008B384  2872 0001:0008B392  2874 0001:0008B3A9  2876 0001:0008B3D9
  2898 0001:0008B3E0  2899 0001:0008B3EB  2900 0001:0008B3FA  2902 0001:0008B401
  2903 0001:0008B41F  2904 0001:0008B437  2905 0001:0008B440  2907 0001:0008B445
  2908 0001:0008B44B  2909 0001:0008B456  2908 0001:0008B46C  2910 0001:0008B46F
  2911 0001:0008B47E  2913 0001:0008B482  2915 0001:0008B484  2924 0001:0008B4EC
  2925 0001:0008B4F7  2926 0001:0008B506  2928 0001:0008B50D  2929 0001:0008B52B
  2930 0001:0008B52D  2931 0001:0008B533  2932 0001:0008B54E  2933 0001:0008B55F
  2935 0001:0008B566  2936 0001:0008B56C  2937 0001:0008B56D  2939 0001:0008B571
  2940 0001:0008B582  2941 0001:0008B586  2944 0001:0008B595  2931 0001:0008B598
  2945 0001:0008B59E  2947 0001:0008B5A2  2960 0001:0008B60C  2961 0001:0008B632
  2962 0001:0008B63C  2966 0001:0008B65C  2967 0001:0008B668  2969 0001:0008B677
  2970 0001:0008B67C  2971 0001:0008B684  2972 0001:0008B68C  2973 0001:0008B697
  2974 0001:0008B6B0  2976 0001:0008B6DA  2979 0001:0008B6E4  2980 0001:0008B6E7
  2981 0001:0008B6EE  2982 0001:0008B6F7  2985 0001:0008B6FC  2986 0001:0008B702
  2987 0001:0008B714  2992 0001:0008B718  2993 0001:0008B71E  2994 0001:0008B729
  2996 0001:0008B732  2997 0001:0008B750  2998 0001:0008B767  3000 0001:0008B782
  3006 0001:0008B7E8  3007 0001:0008B7EF  3008 0001:0008B7FA  3010 0001:0008B805
  3011 0001:0008B811  3012 0001:0008B813  3014 0001:0008B830  3017 0001:0008B834
  3018 0001:0008B83D  3019 0001:0008B848  3020 0001:0008B853  3023 0001:0008B858
  3024 0001:0008B85B  3025 0001:0008B86B  5052 0001:0008B870  5053 0001:0008B892
  5054 0001:0008B8A0  5055 0001:0008B8A9  5057 0001:0008B8D3  5049 0001:0008B8D8
  5051 0001:0008B8DF

Line numbers for TransIntf(..\TransIntf.pas) segment .text

   308 0001:0008B950   308 0001:0008B957

Line numbers for CommonUtils(..\CommonUtils.pas) segment .text

   237 0001:0008B990   238 0001:0008B9AE   239 0001:0008B9B8   241 0001:0008B9C8
   242 0001:0008BA1E  1159 0001:0008BA64  1159 0001:0008BA6B

Line numbers for PreviewExportFrm(..\PluginCommon\PreviewExportFrm.pas) segment .text

    62 0001:0008BA6C    90 0001:0008BD78    91 0001:0008BDA4    92 0001:0008BDA8
    93 0001:0008BDB8    95 0001:0008BDC6    96 0001:0008BDCE    97 0001:0008BDDE
    98 0001:0008BDE9   100 0001:0008BE03   101 0001:0008BE27   102 0001:0008BE52
   103 0001:0008BE7D   104 0001:0008BEA8   105 0001:0008BED3   106 0001:0008BEF2
   107 0001:0008BF03   108 0001:0008BF14   109 0001:0008BF24   110 0001:0008BF35
   111 0001:0008BF46   112 0001:0008BF59   113 0001:0008BF76   115 0001:0008BF9C
   116 0001:0008BFA0   117 0001:0008BFB7   119 0001:0008BFD2   121 0001:0008BFE7
   123 0001:0008C071   126 0001:0008C07C   127 0001:0008C097   128 0001:0008C0B3
   129 0001:0008C0DA   131 0001:0008C0E9   132 0001:0008C0F0   134 0001:0008C136
   137 0001:0008C13C   138 0001:0008C15A   140 0001:0008C239   146 0001:0008C2C8
   147 0001:0008C2F0   148 0001:0008C2FE   149 0001:0008C30F   150 0001:0008C33E
   151 0001:0008C34C   152 0001:0008C35B   153 0001:0008C369   155 0001:0008C3A0
   156 0001:0008C3AC   159 0001:0008C3CC   162 0001:0008C3E9   164 0001:0008C3F9
   166 0001:0008C406   167 0001:0008C42C   170 0001:0008C439   171 0001:0008C444
   176 0001:0008C451   177 0001:0008C474   180 0001:0008C4A6   182 0001:0008C4DC
   188 0001:0008C504   189 0001:0008C52C   190 0001:0008C53C   191 0001:0008C54A
   192 0001:0008C555   193 0001:0008C584   194 0001:0008C592   195 0001:0008C5A1
   196 0001:0008C5AF   197 0001:0008C5BF   198 0001:0008C5CB   200 0001:0008C60A
   203 0001:0008C627   206 0001:0008C646   208 0001:0008C67C   214 0001:0008C6A4
   215 0001:0008C6C6   220 0001:0008C6E7   221 0001:0008C6EE   222 0001:0008C6F8
   224 0001:0008C728   225 0001:0008C761   226 0001:0008C76F   227 0001:0008C774
   228 0001:0008C788   230 0001:0008C79B   232 0001:0008C7A1   233 0001:0008C7AA
   234 0001:0008C7B4   236 0001:0008C7D5   241 0001:0008C813   242 0001:0008C866
   245 0001:0008C86C   246 0001:0008C88A   247 0001:0008C893   248 0001:0008C897
   249 0001:0008C942   252 0001:0008C9A0   253 0001:0008C9C5   254 0001:0008C9CE
   256 0001:0008CA0A   257 0001:0008CA30   260 0001:0008CA38   261 0001:0008CA91
   262 0001:0008CA96   263 0001:0008CAE0   264 0001:0008CAF2   265 0001:0008CB04
   266 0001:0008CB16   267 0001:0008CB28   268 0001:0008CB42   269 0001:0008CB60
   270 0001:0008CB7E   271 0001:0008CB99   272 0001:0008CBB4   273 0001:0008CBCF
   274 0001:0008CBEA   275 0001:0008CBF9   277 0001:0008CC08   278 0001:0008CC0D
   280 0001:0008CC15   281 0001:0008CC1B   282 0001:0008CC21   283 0001:0008CC3C
   284 0001:0008CC72   287 0001:0008CDF4   288 0001:0008CE0E   289 0001:0008CE28
   290 0001:0008CE4F   291 0001:0008CE87   297 0001:0008CE8C   298 0001:0008CEAD
   299 0001:0008CEC1   302 0001:0008CECD   303 0001:0008CF24   305 0001:0008CF28
   306 0001:0008CF35   307 0001:0008CF45   308 0001:0008CF6B   312 0001:0008CF84
   313 0001:0008CF8B   315 0001:0008D002   316 0001:0008D00E   317 0001:0008D01B
   320 0001:0008D075   324 0001:0008D0C4   325 0001:0008D0C9   329 0001:0008D0CC
   330 0001:0008D0D5   331 0001:0008D0E5   332 0001:0008D0EE   333 0001:0008D0F4
   336 0001:0008D0FB   338 0001:0008D138   338 0001:0008D13F

Line numbers for WideIniFiles(..\WideIniFiles.pas) segment .text

   159 0001:0008D51C   160 0001:0008D531   161 0001:0008D552   180 0001:0008D558
   181 0001:0008D57A   182 0001:0008D58B   184 0001:0008D5B4   185 0001:0008D5DA
   186 0001:0008D61E   189 0001:0008D630   190 0001:0008D64E   191 0001:0008D698
   195 0001:0008D6A4   196 0001:0008D6B1   197 0001:0008D6C8   202 0001:0008D6D0
   203 0001:0008D6F6   204 0001:0008D707   205 0001:0008D713   206 0001:0008D71F
   207 0001:0008D72D   212 0001:0008D769   214 0001:0008D79B   219 0001:0008D7A4
   220 0001:0008D7CA   221 0001:0008D7DB   222 0001:0008D7E7   223 0001:0008D7F3
   224 0001:0008D801   229 0001:0008D83D   231 0001:0008D86F   236 0001:0008D878
   237 0001:0008D89E   238 0001:0008D8AF   239 0001:0008D8BB   240 0001:0008D8C7
   241 0001:0008D8D5   246 0001:0008D911   248 0001:0008D943   253 0001:0008D94C
   254 0001:0008D972   255 0001:0008D983   256 0001:0008D98F   257 0001:0008D99B
   258 0001:0008D9A9   263 0001:0008D9E5   265 0001:0008DA17   268 0001:0008DA20
   269 0001:0008DA3E   270 0001:0008DA8B   273 0001:0008DA94   274 0001:0008DAB2
   275 0001:0008DAFF   278 0001:0008DB08   279 0001:0008DB26   280 0001:0008DB77
   283 0001:0008DB80   284 0001:0008DB9E   285 0001:0008DBEB   290 0001:0008DC04
   291 0001:0008DC08   292 0001:0008DC1A   309 0001:0008DC20   310 0001:0008DC23
   311 0001:0008DC39   315 0001:0008DC6C   316 0001:0008DC6F   317 0001:0008DC85
   325 0001:0008DCB8   326 0001:0008DCC4   327 0001:0008DCDF   328 0001:0008DCF1
   329 0001:0008DCFB   330 0001:0008DD01   331 0001:0008DD09   332 0001:0008DD0F
   338 0001:0008DD18   339 0001:0008DD1E   341 0001:0008DD30   342 0001:0008DD36
   344 0001:0008DD3A   345 0001:0008DD3C   346 0001:0008DD47   342 0001:0008DD49
   348 0001:0008DD4D   349 0001:0008DD55   339 0001:0008DD56   350 0001:0008DD59
   353 0001:0008DD60   354 0001:0008DD75   355 0001:0008DD7E   356 0001:0008DDAC
   359 0001:0008DDB0   360 0001:0008DDBB   361 0001:0008DDC2   362 0001:0008DDD9
   367 0001:0008DDDC   368 0001:0008DDE3   369 0001:0008DDFE   372 0001:0008DE08
   375 0001:0008DE14   370 0001:0008DE16   377 0001:0008DE1E   382 0001:0008DE24
   383 0001:0008DE28   384 0001:0008DE2A   385 0001:0008DE3A   386 0001:0008DE4D
   384 0001:0008DE4E   387 0001:0008DE53   420 0001:0008DE58   421 0001:0008DE5E
   422 0001:0008DE69   423 0001:0008DE6D   425 0001:0008DE73   426 0001:0008DE76
   431 0001:0008DE7C   432 0001:0008DE7F   433 0001:0008DE86   434 0001:0008DE8A
   435 0001:0008DE8E   438 0001:0008DE90   439 0001:0008DE9B   440 0001:0008DEA3
   441 0001:0008DEAB   442 0001:0008DEC2   445 0001:0008DEC8   446 0001:0008DEE5
   447 0001:0008DEEC   448 0001:0008DEF2   450 0001:0008DF21   451 0001:0008DF59
   454 0001:0008DF60   455 0001:0008DF7D   456 0001:0008DF84   457 0001:0008DF8A
   459 0001:0008DFB9   460 0001:0008DFF1   467 0001:0008DFF8   468 0001:0008E017
   471 0001:0008E021   472 0001:0008E028   474 0001:0008E03E   475 0001:0008E043
   477 0001:0008E05E   478 0001:0008E06B   479 0001:0008E096   481 0001:0008E09A
   482 0001:0008E0A0   484 0001:0008E0D7   485 0001:0008E0EB   487 0001:0008E0F9
   475 0001:0008E0FC   488 0001:0008E105   489 0001:0008E13B   494 0001:0008E144
   495 0001:0008E162   498 0001:0008E16C   499 0001:0008E173   501 0001:0008E189
   502 0001:0008E18E   503 0001:0008E1A0   504 0001:0008E1A6   506 0001:0008E1E2
   502 0001:0008E1FC   507 0001:0008E201   508 0001:0008E23C   513 0001:0008E244
   514 0001:0008E256   515 0001:0008E25F   516 0001:0008E26E   517 0001:0008E28C
   520 0001:0008E290   521 0001:0008E29B   522 0001:0008E2A1   523 0001:0008E2A8
   524 0001:0008E2B0   525 0001:0008E2C7   528 0001:0008E2CC   529 0001:0008E2D7
   530 0001:0008E2E6   531 0001:0008E2F4   532 0001:0008E305   534 0001:0008E321
   535 0001:0008E329   537 0001:0008E336   542 0001:0008E33C   543 0001:0008E341
   544 0001:0008E353   543 0001:0008E363   545 0001:0008E366   546 0001:0008E36E
   552 0001:0008E374   553 0001:0008E37B   554 0001:0008E385   556 0001:0008E389
   557 0001:0008E395   558 0001:0008E39E   559 0001:0008E3A2   561 0001:0008E3AB
   566 0001:0008E3B0   567 0001:0008E3B4   568 0001:0008E3BE   570 0001:0008E3C2
   571 0001:0008E3D1   573 0001:0008E3DB   577 0001:0008E3E0   578 0001:0008E3E6
   584 0001:0008E3E8   585 0001:0008E410   586 0001:0008E418   587 0001:0008E426
   589 0001:0008E445   590 0001:0008E47B   591 0001:0008E48C   592 0001:0008E49E
   591 0001:0008E4B7   593 0001:0008E4BA   594 0001:0008E4C4   587 0001:0008E4C7
   596 0001:0008E4DD   598 0001:0008E50F   603 0001:0008E528   604 0001:0008E544
   606 0001:0008E567   607 0001:0008E576   608 0001:0008E584   609 0001:0008E58F
   611 0001:0008E5A6   615 0001:0008E5B6   616 0001:0008E5DA   623 0001:0008E5E0
   624 0001:0008E602   625 0001:0008E60A   626 0001:0008E618   627 0001:0008E620
   628 0001:0008E62C   630 0001:0008E630   631 0001:0008E63D   632 0001:0008E64F
   631 0001:0008E668   635 0001:0008E678   637 0001:0008E6A5   640 0001:0008E6AC
   641 0001:0008E6AF   642 0001:0008E6B9   648 0001:0008E6BC   649 0001:0008E6C9
   650 0001:0008E6D1   651 0001:0008E6DF   652 0001:0008E6E7   653 0001:0008E6F3
   654 0001:0008E6F7   656 0001:0008E718   658 0001:0008E728   665 0001:0008E730
   666 0001:0008E750   667 0001:0008E75A   669 0001:0008E75E   670 0001:0008E76A
   671 0001:0008E776   673 0001:0008E77A   674 0001:0008E7A6   677 0001:0008E7A8
   678 0001:0008E7D0   709 0001:0008E7D8   710 0001:0008E7FF   711 0001:0008E807
   712 0001:0008E80C   714 0001:0008E822   715 0001:0008E83A   716 0001:0008E857
   718 0001:0008E873   719 0001:0008E885   720 0001:0008E898   722 0001:0008E8B6
   724 0001:0008E8C0   725 0001:0008E8CF   726 0001:0008E8D3   728 0001:0008E936
   730 0001:0008E941   712 0001:0008E942   731 0001:0008E973   736 0001:0008E984
   737 0001:0008E98B   738 0001:0008E99A   739 0001:0008E9A8   740 0001:0008E9B2
   742 0001:0008E9CA   744 0001:0008E9DA   751 0001:0008E9E0   752 0001:0008EA03
   753 0001:0008EA10   754 0001:0008EA14   756 0001:0008EA22   757 0001:0008EA2E
   758 0001:0008EA44   759 0001:0008EA4F   760 0001:0008EA53   762 0001:0008EA61
   763 0001:0008EA88   961 0001:0008EAF8   961 0001:0008EB0B

Line numbers for SingleImportFrm(..\PluginCommon\SingleImportFrm.pas) segment .text

    46 0001:0008EB0C    60 0001:0008EDBC    61 0001:0008EDD4    62 0001:0008EDF0
    63 0001:0008EDFF    64 0001:0008EE40    70 0001:0008EE48    71 0001:0008EE74
    72 0001:0008EE84    74 0001:0008EE92    75 0001:0008EEA2    76 0001:0008EEAD
    78 0001:0008EEC7    79 0001:0008EEEB    80 0001:0008EF0A    81 0001:0008EF35
    82 0001:0008EF60    83 0001:0008EF8B    84 0001:0008EF9C    85 0001:0008EFAD
    86 0001:0008EFBD    87 0001:0008EFFC    88 0001:0008F002    90 0001:0008F02A
    93 0001:0008F0B1    96 0001:0008F0BC    97 0001:0008F0E1    98 0001:0008F0EA
   100 0001:0008F126   101 0001:0008F14C   105 0001:0008F154   106 0001:0008F1AA
   107 0001:0008F1AF   108 0001:0008F1DD   109 0001:0008F1F7   110 0001:0008F212
   111 0001:0008F22D   112 0001:0008F248   113 0001:0008F263   115 0001:0008F27E
   116 0001:0008F283   118 0001:0008F28B   119 0001:0008F291   120 0001:0008F297
   121 0001:0008F2B2   123 0001:0008F2E8   125 0001:0008F324   125 0001:0008F32B

Line numbers for KeePassParserLang(KeePassParserLang.pas) segment .text

    20 0001:0008F32C    21 0001:0008F34C    22 0001:0008F355    24 0001:0008F37C
    25 0001:0008F3A3    27 0001:0008F3F8    27 0001:0008F3FF

Line numbers for KeePassParserImpl(KeePassParserImpl.pas) segment .text

    47 0001:0008F400    59 0001:0008F580    60 0001:0008F597    61 0001:0008F5B4
    64 0001:0008F5BC    65 0001:0008F5D3    66 0001:0008F5F0    69 0001:0008F5F8
    70 0001:0008F61A    72 0001:0008F625    74 0001:0008F634    76 0001:0008F643
    78 0001:0008F65F    84 0001:0008F6F4    85 0001:0008F72D    86 0001:0008F735
    87 0001:0008F73D    88 0001:0008F74F    87 0001:0008F7B5    89 0001:0008F7B8
    90 0001:0008F80D    96 0001:0008F82C    97 0001:0008F84E    98 0001:0008F854
    99 0001:0008F85F   100 0001:0008F86D   101 0001:0008F875   102 0001:0008F882
   103 0001:0008F891   104 0001:0008F89F   105 0001:0008F8AD   108 0001:0008F8FB
   109 0001:0008F92C   110 0001:0008F942   111 0001:0008F946   114 0001:0008F95B
   115 0001:0008F963   118 0001:0008F985   120 0001:0008F9BA   126 0001:0008FAA4
   127 0001:0008FAE0   128 0001:0008FAE5   129 0001:0008FAF4   130 0001:0008FB03
   131 0001:0008FB12   133 0001:0008FB21   135 0001:0008FB26   137 0001:0008FB2C
   138 0001:0008FB39   139 0001:0008FB46   142 0001:0008FB4B   143 0001:0008FB64
   161 0001:0008FC84   162 0001:0008FCA3   163 0001:0008FCA7   164 0001:0008FCAF
   165 0001:0008FCB8   167 0001:0008FCC0   169 0001:0008FCCA   172 0001:0008FCD8
   173 0001:0008FCDB   175 0001:0008FCDF   174 0001:0008FCE2   176 0001:0008FCE8
   178 0001:0008FCEE   179 0001:0008FCF3   180 0001:0008FD01   181 0001:0008FD0E
   182 0001:0008FD34   184 0001:0008FD49   185 0001:0008FD4C   189 0001:0008FD52
   190 0001:0008FD55   192 0001:0008FD59   191 0001:0008FD5C   193 0001:0008FD62
   195 0001:0008FD68   196 0001:0008FD6D   198 0001:0008FD73   199 0001:0008FD88
   201 0001:0008FDAC   203 0001:0008FDB4   204 0001:0008FDB7   209 0001:0008FDBD
   165 0001:0008FDC0   211 0001:0008FE02   212 0001:0008FE20   213 0001:0008FE41
   214 0001:0008FE48   217 0001:0008FE91   218 0001:0008FE99   219 0001:0008FEA1
   220 0001:0008FEAB   221 0001:0008FEBA   222 0001:0008FEC8   223 0001:0008FED3
   224 0001:0008FEED   225 0001:0008FEF7   226 0001:0008FEFE   228 0001:0008FF0F
   232 0001:0008FF1F   233 0001:0008FF46   236 0001:00090024   237 0001:0009003B
   238 0001:0009005C   241 0001:00090064   242 0001:00090083   243 0001:00090091
   244 0001:000900CB   245 0001:000900D9   247 0001:00090110   250 0001:0009012F
   252 0001:00090175   255 0001:000901BC   256 0001:000901DA   257 0001:000901E8
   258 0001:00090222   259 0001:00090230   260 0001:00090249   262 0001:0009025E
   265 0001:0009027D   267 0001:000902BB   269 0001:00090334   269 0001:0009033B

Line numbers for KeePassParser(C:\Program\Borland\projects\private\translator\trunk\src\KeePassPlugin\KeePassParser.dpr) segment .text

    34 0001:0009033C    35 0001:0009034A    36 0001:00090367    37 0001:00090369
    40 0001:00090688    42 0001:00090698

Bound resource files

C:\Program\Borland\Delphi7\\Lib\buttons.res
C:\Program\Borland\Delphi7\\Lib\extdlgs.res
C:\Program\Borland\Delphi7\\Lib\controls.res
PreviewExportFrm.dfm
SingleImportFrm.dfm
KeePassParser.res
C:\DOCUME~1\pt\LOKALA~1\Temp\dtf6C.tmp


Program entry point at 0001:00090688
