
 Start         Length     Name                   Class
 0001:00000000 000A35F8H .text                   CODE
 0002:00000000 0000191CH .data                   DATA
 0002:0000191C 0000105DH .bss                    BSS


Detailed map of segments

 0001:00000000 00005913 C=CODE     S=.text    G=(none)   M=System   ACBP=A9
 0001:00005914 000001CC C=CODE     S=.text    G=(none)   M=SysInit  ACBP=A9
 0001:00005AE0 00000164 C=CODE     S=.text    G=(none)   M=Types    ACBP=A9
 0001:00005C44 00000FDC C=CODE     S=.text    G=(none)   M=Windows  ACBP=A9
 0001:00006C20 00000338 C=CODE     S=.text    G=(none)   M=SysConst ACBP=A9
 0001:00006F58 00007528 C=CODE     S=.text    G=(none)   M=SysUtils ACBP=A9
 0001:0000E480 00000038 C=CODE     S=.text    G=(none)   M=Messages ACBP=A9
 0001:0000E4B8 000007FB C=CODE     S=.text    G=(none)   M=VarUtils ACBP=A9
 0001:0000ECB4 00006A02 C=CODE     S=.text    G=(none)   M=Variants ACBP=A9
 0001:000156B8 00000140 C=CODE     S=.text    G=(none)   M=RTLConsts ACBP=A9
 0001:000157F8 00000E28 C=CODE     S=.text    G=(none)   M=TypInfo  ACBP=A9
 0001:00016620 00000350 C=CODE     S=.text    G=(none)   M=ActiveX  ACBP=A9
 0001:00016970 0000D1A6 C=CODE     S=.text    G=(none)   M=Classes  ACBP=A9
 0001:00023B18 00000078 C=CODE     S=.text    G=(none)   M=TransIntf ACBP=A9
 0001:00023B90 00000038 C=CODE     S=.text    G=(none)   M=ShellAPI ACBP=A9
 0001:00023BC8 000005A8 C=CODE     S=.text    G=(none)   M=CommCtrl ACBP=A9
 0001:00024170 00000038 C=CODE     S=.text    G=(none)   M=RegStr   ACBP=A9
 0001:000241A8 00000038 C=CODE     S=.text    G=(none)   M=WinInet  ACBP=A9
 0001:000241E0 00000038 C=CODE     S=.text    G=(none)   M=UrlMon   ACBP=A9
 0001:00024218 000000A0 C=CODE     S=.text    G=(none)   M=ShlObj   ACBP=A9
 0001:000242B8 00000048 C=CODE     S=.text    G=(none)   M=Math     ACBP=A9
 0001:00024300 00000060 C=CODE     S=.text    G=(none)   M=ComConst ACBP=A9
 0001:00024360 000012FD C=CODE     S=.text    G=(none)   M=ComObj   ACBP=A9
 0001:00025660 00000308 C=CODE     S=.text    G=(none)   M=Consts   ACBP=A9
 0001:00025968 0000013C C=CODE     S=.text    G=(none)   M=TntWideStrUtils ACBP=A9
 0001:00025AA4 0000054C C=CODE     S=.text    G=(none)   M=Contnrs  ACBP=A9
 0001:00025FF0 00001028 C=CODE     S=.text    G=(none)   M=IniFiles ACBP=A9
 0001:00027018 0000079C C=CODE     S=.text    G=(none)   M=Registry ACBP=A9
 0001:000277B4 00002C1D C=CODE     S=.text    G=(none)   M=TntClasses ACBP=A9
 0001:0002A3D4 00000038 C=CODE     S=.text    G=(none)   M=TntFormatStrUtils ACBP=A9
 0001:0002A40C 00000B8E C=CODE     S=.text    G=(none)   M=TntSysUtils ACBP=A9
 0001:0002AF9C 00000A2F C=CODE     S=.text    G=(none)   M=TntWindows ACBP=A9
 0001:0002B9CC 00000E62 C=CODE     S=.text    G=(none)   M=TntSystem ACBP=A9
 0001:0002C830 00001464 C=CODE     S=.text    G=(none)   M=TntWideStrings ACBP=A9
 0001:0002DC94 000093C3 C=CODE     S=.text    G=(none)   M=Graphics ACBP=A9
 0001:00037058 00000787 C=CODE     S=.text    G=(none)   M=MultiMon ACBP=A9
 0001:000377E0 00000038 C=CODE     S=.text    G=(none)   M=Imm      ACBP=A9
 0001:00037818 00000FF8 C=CODE     S=.text    G=(none)   M=HelpIntfs ACBP=A9
 0001:00038810 00000058 C=CODE     S=.text    G=(none)   M=WinSpool ACBP=A9
 0001:00038868 00000FB8 C=CODE     S=.text    G=(none)   M=Printers ACBP=A9
 0001:00039820 0000033B C=CODE     S=.text    G=(none)   M=FlatSB   ACBP=A9
 0001:00039B5C 000001A4 C=CODE     S=.text    G=(none)   M=SyncObjs ACBP=A9
 0001:00039D00 000009BB C=CODE     S=.text    G=(none)   M=UxTheme  ACBP=A9
 0001:0003A6BC 00000038 C=CODE     S=.text    G=(none)   M=RichEdit ACBP=A9
 0001:0003A6F4 00000038 C=CODE     S=.text    G=(none)   M=ToolWin  ACBP=A9
 0001:0003A72C 0000008C C=CODE     S=.text    G=(none)   M=CommDlg  ACBP=A9
 0001:0003A7B8 00000038 C=CODE     S=.text    G=(none)   M=Dlgs     ACBP=A9
 0001:0003A7F0 00001FC1 C=CODE     S=.text    G=(none)   M=Dialogs  ACBP=A9
 0001:0003C7B4 00000652 C=CODE     S=.text    G=(none)   M=ExtCtrls ACBP=A9
 0001:0003CE08 00000060 C=CODE     S=.text    G=(none)   M=ComStrs  ACBP=A9
 0001:0003CE68 00000094 C=CODE     S=.text    G=(none)   M=Clipbrd  ACBP=A9
 0001:0003CEFC 00000038 C=CODE     S=.text    G=(none)   M=StrUtils ACBP=A9
 0001:0003CF34 00002731 C=CODE     S=.text    G=(none)   M=Buttons  ACBP=A9
 0001:0003F668 00000038 C=CODE     S=.text    G=(none)   M=ExtDlgs  ACBP=A9
 0001:0003F6A0 0000006C C=CODE     S=.text    G=(none)   M=Mapi     ACBP=A9
 0001:0003F70C 00000058 C=CODE     S=.text    G=(none)   M=ExtActns ACBP=A9
 0001:0003F764 00001C44 C=CODE     S=.text    G=(none)   M=ListActns ACBP=A9
 0001:000413A8 0000D0C8 C=CODE     S=.text    G=(none)   M=ComCtrls ACBP=A9
 0001:0004E470 00000BC4 C=CODE     S=.text    G=(none)   M=Themes   ACBP=A9
 0001:0004F034 00003E88 C=CODE     S=.text    G=(none)   M=StdCtrls ACBP=A9
 0001:00052EBC 00000168 C=CODE     S=.text    G=(none)   M=StdActns ACBP=A9
 0001:00053024 00000D1F C=CODE     S=.text    G=(none)   M=WinHelpViewer ACBP=A9
 0001:00053D44 00011273 C=CODE     S=.text    G=(none)   M=Controls ACBP=A9
 0001:00064FB8 0000177A C=CODE     S=.text    G=(none)   M=ActnList ACBP=A9
 0001:00066734 00001B9C C=CODE     S=.text    G=(none)   M=ImgList  ACBP=A9
 0001:000682D0 00006755 C=CODE     S=.text    G=(none)   M=Menus    ACBP=A9
 0001:0006EA28 0000C500 C=CODE     S=.text    G=(none)   M=Forms    ACBP=A9
 0001:0007AF28 000000C8 C=CODE     S=.text    G=(none)   M=XMLConst ACBP=A9
 0001:0007AFF0 000001E8 C=CODE     S=.text    G=(none)   M=msxml    ACBP=A9
 0001:0007B1D8 00007581 C=CODE     S=.text    G=(none)   M=msxmldom ACBP=A9
 0001:0008275C 00000BAB C=CODE     S=.text    G=(none)   M=xmldom   ACBP=A9
 0001:00083308 00000328 C=CODE     S=.text    G=(none)   M=XMLIntf  ACBP=A9
 0001:00083630 0000078C C=CODE     S=.text    G=(none)   M=XMLSchemaTags ACBP=A9
 0001:00083DBC 000002B4 C=CODE     S=.text    G=(none)   M=XMLSchema ACBP=A9
 0001:00084070 00007DF8 C=CODE     S=.text    G=(none)   M=XMLDoc   ACBP=A9
 0001:0008BE68 00000090 C=CODE     S=.text    G=(none)   M=WixParserConsts ACBP=A9
 0001:0008BEF8 000019CC C=CODE     S=.text    G=(none)   M=WideIniFiles ACBP=A9
 0001:0008D8C4 000000D8 C=CODE     S=.text    G=(none)   M=TntGraphics ACBP=A9
 0001:0008D99C 00001EC0 C=CODE     S=.text    G=(none)   M=TntControls ACBP=A9
 0001:0008F85C 00001A98 C=CODE     S=.text    G=(none)   M=TntActnList ACBP=A9
 0001:000912F4 000000C3 C=CODE     S=.text    G=(none)   M=CheckLst ACBP=A9
 0001:000913B8 000027DC C=CODE     S=.text    G=(none)   M=TntStdCtrls ACBP=A9
 0001:00093B94 00000044 C=CODE     S=.text    G=(none)   M=TntClipBrd ACBP=A9
 0001:00093BD8 00000038 C=CODE     S=.text    G=(none)   M=TntExtCtrls ACBP=A9
 0001:00093C10 00000F30 C=CODE     S=.text    G=(none)   M=TntDialogs ACBP=A9
 0001:00094B40 00000308 C=CODE     S=.text    G=(none)   M=TntStdActns ACBP=A9
 0001:00094E48 000013CC C=CODE     S=.text    G=(none)   M=TntForms ACBP=A9
 0001:00096214 00001C03 C=CODE     S=.text    G=(none)   M=TntMenus ACBP=A9
 0001:00097E18 0000102C C=CODE     S=.text    G=(none)   M=DualImportFrm ACBP=A9
 0001:00098E44 00000060 C=CODE     S=.text    G=(none)   M=OleConst ACBP=A9
 0001:00098EA4 000008EA C=CODE     S=.text    G=(none)   M=OleServer ACBP=A9
 0001:00099790 00000038 C=CODE     S=.text    G=(none)   M=StdVCL   ACBP=A9
 0001:000997C8 00001793 C=CODE     S=.text    G=(none)   M=AxCtrls  ACBP=A9
 0001:0009AF5C 00003469 C=CODE     S=.text    G=(none)   M=OleCtrls ACBP=A9
 0001:0009E3C8 000000F8 C=CODE     S=.text    G=(none)   M=ActiveIMM_TLB ACBP=A9
 0001:0009E4C0 00001B08 C=CODE     S=.text    G=(none)   M=TntComCtrls ACBP=A9
 0001:0009FFC8 00000038 C=CODE     S=.text    G=(none)   M=SHFolder ACBP=A9
 0001:000A0000 000000DC C=CODE     S=.text    G=(none)   M=CommonUtils ACBP=A9
 0001:000A00DC 000016D4 C=CODE     S=.text    G=(none)   M=PreviewExportFrm ACBP=A9
 0001:000A17B0 00001AA4 C=CODE     S=.text    G=(none)   M=WixParserImpl ACBP=A9
 0001:000A3254 000003A1 C=CODE     S=.text    G=(none)   M=WixParser ACBP=A9
 0002:00000000 0000009C C=DATA     S=.data    G=DGROUP   M=System   ACBP=A9
 0002:0000009C 00000030 C=DATA     S=.data    G=DGROUP   M=SysInit  ACBP=A9
 0002:000000CC 00000250 C=DATA     S=.data    G=DGROUP   M=SysUtils ACBP=A9
 0002:0000031C 00000008 C=DATA     S=.data    G=DGROUP   M=VarUtils ACBP=A9
 0002:00000324 00000136 C=DATA     S=.data    G=DGROUP   M=Variants ACBP=A9
 0002:0000045C 0000000C C=DATA     S=.data    G=DGROUP   M=TypInfo  ACBP=A9
 0002:00000468 00000010 C=DATA     S=.data    G=DGROUP   M=ActiveX  ACBP=A9
 0002:00000478 000000E4 C=DATA     S=.data    G=DGROUP   M=Classes  ACBP=A9
 0002:0000055C 00000010 C=DATA     S=.data    G=DGROUP   M=ShlObj   ACBP=A9
 0002:0000056C 00000030 C=DATA     S=.data    G=DGROUP   M=ComObj   ACBP=A9
 0002:0000059C 00000008 C=DATA     S=.data    G=DGROUP   M=IniFiles ACBP=A9
 0002:000005A4 00000008 C=DATA     S=.data    G=DGROUP   M=Registry ACBP=A9
 0002:000005AC 00000020 C=DATA     S=.data    G=DGROUP   M=TntSysUtils ACBP=A9
 0002:000005CC 00000004 C=DATA     S=.data    G=DGROUP   M=TntWindows ACBP=A9
 0002:000005D0 00000011 C=DATA     S=.data    G=DGROUP   M=TntSystem ACBP=A9
 0002:000005E4 00000304 C=DATA     S=.data    G=DGROUP   M=Graphics ACBP=A9
 0002:000008E8 00000004 C=DATA     S=.data    G=DGROUP   M=Printers ACBP=A9
 0002:000008EC 00000108 C=DATA     S=.data    G=DGROUP   M=Dialogs  ACBP=A9
 0002:000009F4 00000178 C=DATA     S=.data    G=DGROUP   M=ExtCtrls ACBP=A9
 0002:00000B6C 00000046 C=DATA     S=.data    G=DGROUP   M=Buttons  ACBP=A9
 0002:00000BB4 00000008 C=DATA     S=.data    G=DGROUP   M=Mapi     ACBP=A9
 0002:00000BBC 00000134 C=DATA     S=.data    G=DGROUP   M=ComCtrls ACBP=A9
 0002:00000CF0 00000068 C=DATA     S=.data    G=DGROUP   M=Themes   ACBP=A9
 0002:00000D58 00000080 C=DATA     S=.data    G=DGROUP   M=StdCtrls ACBP=A9
 0002:00000DD8 0000013C C=DATA     S=.data    G=DGROUP   M=Controls ACBP=A9
 0002:00000F14 00000020 C=DATA     S=.data    G=DGROUP   M=ImgList  ACBP=A9
 0002:00000F34 000000EC C=DATA     S=.data    G=DGROUP   M=Menus    ACBP=A9
 0002:00001020 0000011C C=DATA     S=.data    G=DGROUP   M=Forms    ACBP=A9
 0002:0000113C 00000010 C=DATA     S=.data    G=DGROUP   M=msxml    ACBP=A9
 0002:0000114C 00000064 C=DATA     S=.data    G=DGROUP   M=msxmldom ACBP=A9
 0002:000011B0 00000034 C=DATA     S=.data    G=DGROUP   M=XMLIntf  ACBP=A9
 0002:000011E4 000000E4 C=DATA     S=.data    G=DGROUP   M=XMLSchemaTags ACBP=A9
 0002:000012C8 0000004C C=DATA     S=.data    G=DGROUP   M=XMLSchema ACBP=A9
 0002:00001314 00000030 C=DATA     S=.data    G=DGROUP   M=XMLDoc   ACBP=A9
 0002:00001344 00000004 C=DATA     S=.data    G=DGROUP   M=WixParserConsts ACBP=A9
 0002:00001348 00000008 C=DATA     S=.data    G=DGROUP   M=WideIniFiles ACBP=A9
 0002:00001350 00000010 C=DATA     S=.data    G=DGROUP   M=TntControls ACBP=A9
 0002:00001360 0000002C C=DATA     S=.data    G=DGROUP   M=TntDialogs ACBP=A9
 0002:0000138C 00000004 C=DATA     S=.data    G=DGROUP   M=TntForms ACBP=A9
 0002:00001390 00000006 C=DATA     S=.data    G=DGROUP   M=TntMenus ACBP=A9
 0002:00001398 0000002C C=DATA     S=.data    G=DGROUP   M=OleCtrls ACBP=A9
 0002:000013C4 00000010 C=DATA     S=.data    G=DGROUP   M=ActiveIMM_TLB ACBP=A9
 0002:000013D4 00000008 C=DATA     S=.data    G=DGROUP   M=TntComCtrls ACBP=A9
 0002:000013DC 00000004 C=DATA     S=.data    G=DGROUP   M=CommonUtils ACBP=A9
 0002:00002000 00000664 C=BSS      S=.bss     G=DGROUP   M=System   ACBP=A9
 0002:00002664 00000014 C=BSS      S=.bss     G=DGROUP   M=SysInit  ACBP=A9
 0002:00002678 00000004 C=BSS      S=.bss     G=DGROUP   M=Types    ACBP=A9
 0002:0000267C 00000004 C=BSS      S=.bss     G=DGROUP   M=Windows  ACBP=A9
 0002:00002680 00000004 C=BSS      S=.bss     G=DGROUP   M=SysConst ACBP=A9
 0002:00002684 00000120 C=BSS      S=.bss     G=DGROUP   M=SysUtils ACBP=A9
 0002:000027A4 00000004 C=BSS      S=.bss     G=DGROUP   M=Messages ACBP=A9
 0002:000027A8 0000005C C=BSS      S=.bss     G=DGROUP   M=VarUtils ACBP=A9
 0002:00002804 00000040 C=BSS      S=.bss     G=DGROUP   M=Variants ACBP=A9
 0002:00002844 00000004 C=BSS      S=.bss     G=DGROUP   M=RTLConsts ACBP=A9
 0002:00002848 00000004 C=BSS      S=.bss     G=DGROUP   M=TypInfo  ACBP=A9
 0002:0000284C 00000004 C=BSS      S=.bss     G=DGROUP   M=ActiveX  ACBP=A9
 0002:00002850 00000040 C=BSS      S=.bss     G=DGROUP   M=Classes  ACBP=A9
 0002:00002890 00000004 C=BSS      S=.bss     G=DGROUP   M=TransIntf ACBP=A9
 0002:00002894 00000004 C=BSS      S=.bss     G=DGROUP   M=ShellAPI ACBP=A9
 0002:00002898 0000000C C=BSS      S=.bss     G=DGROUP   M=CommCtrl ACBP=A9
 0002:000028A4 00000004 C=BSS      S=.bss     G=DGROUP   M=RegStr   ACBP=A9
 0002:000028A8 00000004 C=BSS      S=.bss     G=DGROUP   M=WinInet  ACBP=A9
 0002:000028AC 00000004 C=BSS      S=.bss     G=DGROUP   M=UrlMon   ACBP=A9
 0002:000028B0 00000004 C=BSS      S=.bss     G=DGROUP   M=ShlObj   ACBP=A9
 0002:000028B4 00000004 C=BSS      S=.bss     G=DGROUP   M=Math     ACBP=A9
 0002:000028B8 00000004 C=BSS      S=.bss     G=DGROUP   M=ComConst ACBP=A9
 0002:000028BC 00000011 C=BSS      S=.bss     G=DGROUP   M=ComObj   ACBP=A9
 0002:000028D0 00000004 C=BSS      S=.bss     G=DGROUP   M=Consts   ACBP=A9
 0002:000028D4 00000004 C=BSS      S=.bss     G=DGROUP   M=TntWideStrUtils ACBP=A9
 0002:000028D8 00000004 C=BSS      S=.bss     G=DGROUP   M=Contnrs  ACBP=A9
 0002:000028DC 00000004 C=BSS      S=.bss     G=DGROUP   M=IniFiles ACBP=A9
 0002:000028E0 00000004 C=BSS      S=.bss     G=DGROUP   M=Registry ACBP=A9
 0002:000028E4 00000008 C=BSS      S=.bss     G=DGROUP   M=TntClasses ACBP=A9
 0002:000028EC 00000004 C=BSS      S=.bss     G=DGROUP   M=TntFormatStrUtils ACBP=A9
 0002:000028F0 000000CC C=BSS      S=.bss     G=DGROUP   M=TntSysUtils ACBP=A9
 0002:000029BC 00000008 C=BSS      S=.bss     G=DGROUP   M=TntWindows ACBP=A9
 0002:000029C4 00000284 C=BSS      S=.bss     G=DGROUP   M=TntSystem ACBP=A9
 0002:00002C48 00000004 C=BSS      S=.bss     G=DGROUP   M=TntWideStrings ACBP=A9
 0002:00002C4C 00000060 C=BSS      S=.bss     G=DGROUP   M=Graphics ACBP=A9
 0002:00002CAC 00000031 C=BSS      S=.bss     G=DGROUP   M=MultiMon ACBP=A9
 0002:00002CE0 00000004 C=BSS      S=.bss     G=DGROUP   M=Imm      ACBP=A9
 0002:00002CE4 00000008 C=BSS      S=.bss     G=DGROUP   M=HelpIntfs ACBP=A9
 0002:00002CEC 00000004 C=BSS      S=.bss     G=DGROUP   M=WinSpool ACBP=A9
 0002:00002CF0 00000004 C=BSS      S=.bss     G=DGROUP   M=Printers ACBP=A9
 0002:00002CF4 00000034 C=BSS      S=.bss     G=DGROUP   M=FlatSB   ACBP=A9
 0002:00002D28 00000004 C=BSS      S=.bss     G=DGROUP   M=SyncObjs ACBP=A9
 0002:00002D2C 000000CC C=BSS      S=.bss     G=DGROUP   M=UxTheme  ACBP=A9
 0002:00002DF8 00000004 C=BSS      S=.bss     G=DGROUP   M=RichEdit ACBP=A9
 0002:00002DFC 00000004 C=BSS      S=.bss     G=DGROUP   M=ToolWin  ACBP=A9
 0002:00002E00 00000004 C=BSS      S=.bss     G=DGROUP   M=CommDlg  ACBP=A9
 0002:00002E04 00000004 C=BSS      S=.bss     G=DGROUP   M=Dlgs     ACBP=A9
 0002:00002E08 0000000C C=BSS      S=.bss     G=DGROUP   M=Dialogs  ACBP=A9
 0002:00002E14 00000004 C=BSS      S=.bss     G=DGROUP   M=ExtCtrls ACBP=A9
 0002:00002E18 00000004 C=BSS      S=.bss     G=DGROUP   M=ComStrs  ACBP=A9
 0002:00002E1C 0000000C C=BSS      S=.bss     G=DGROUP   M=Clipbrd  ACBP=A9
 0002:00002E28 00000004 C=BSS      S=.bss     G=DGROUP   M=StrUtils ACBP=A9
 0002:00002E2C 00000030 C=BSS      S=.bss     G=DGROUP   M=Buttons  ACBP=A9
 0002:00002E5C 00000004 C=BSS      S=.bss     G=DGROUP   M=ExtDlgs  ACBP=A9
 0002:00002E60 00000004 C=BSS      S=.bss     G=DGROUP   M=Mapi     ACBP=A9
 0002:00002E64 00000009 C=BSS      S=.bss     G=DGROUP   M=ExtActns ACBP=A9
 0002:00002E70 00000004 C=BSS      S=.bss     G=DGROUP   M=ListActns ACBP=A9
 0002:00002E74 00000015 C=BSS      S=.bss     G=DGROUP   M=ComCtrls ACBP=A9
 0002:00002E8C 00000008 C=BSS      S=.bss     G=DGROUP   M=Themes   ACBP=A9
 0002:00002E94 00000004 C=BSS      S=.bss     G=DGROUP   M=StdCtrls ACBP=A9
 0002:00002E98 00000004 C=BSS      S=.bss     G=DGROUP   M=StdActns ACBP=A9
 0002:00002E9C 00000014 C=BSS      S=.bss     G=DGROUP   M=WinHelpViewer ACBP=A9
 0002:00002EB0 00000080 C=BSS      S=.bss     G=DGROUP   M=Controls ACBP=A9
 0002:00002F30 00000004 C=BSS      S=.bss     G=DGROUP   M=ActnList ACBP=A9
 0002:00002F34 0000000C C=BSS      S=.bss     G=DGROUP   M=ImgList  ACBP=A9
 0002:00002F40 00000010 C=BSS      S=.bss     G=DGROUP   M=Menus    ACBP=A9
 0002:00002F50 00000020 C=BSS      S=.bss     G=DGROUP   M=Forms    ACBP=A9
 0002:00002F70 00000004 C=BSS      S=.bss     G=DGROUP   M=XMLConst ACBP=A9
 0002:00002F74 00000004 C=BSS      S=.bss     G=DGROUP   M=msxml    ACBP=A9
 0002:00002F78 00000008 C=BSS      S=.bss     G=DGROUP   M=msxmldom ACBP=A9
 0002:00002F80 0000000C C=BSS      S=.bss     G=DGROUP   M=xmldom   ACBP=A9
 0002:00002F8C 00000004 C=BSS      S=.bss     G=DGROUP   M=XMLIntf  ACBP=A9
 0002:00002F90 00000004 C=BSS      S=.bss     G=DGROUP   M=XMLSchemaTags ACBP=A9
 0002:00002F94 00000008 C=BSS      S=.bss     G=DGROUP   M=XMLSchema ACBP=A9
 0002:00002F9C 00000004 C=BSS      S=.bss     G=DGROUP   M=XMLDoc   ACBP=A9
 0002:00002FA0 00000004 C=BSS      S=.bss     G=DGROUP   M=WixParserConsts ACBP=A9
 0002:00002FA4 00000004 C=BSS      S=.bss     G=DGROUP   M=WideIniFiles ACBP=A9
 0002:00002FA8 00000004 C=BSS      S=.bss     G=DGROUP   M=TntGraphics ACBP=A9
 0002:00002FAC 00000018 C=BSS      S=.bss     G=DGROUP   M=TntControls ACBP=A9
 0002:00002FC4 00000004 C=BSS      S=.bss     G=DGROUP   M=TntActnList ACBP=A9
 0002:00002FC8 0000000C C=BSS      S=.bss     G=DGROUP   M=CheckLst ACBP=A9
 0002:00002FD4 00000004 C=BSS      S=.bss     G=DGROUP   M=TntStdCtrls ACBP=A9
 0002:00002FD8 00000008 C=BSS      S=.bss     G=DGROUP   M=TntClipBrd ACBP=A9
 0002:00002FE0 00000004 C=BSS      S=.bss     G=DGROUP   M=TntExtCtrls ACBP=A9
 0002:00002FE4 00000008 C=BSS      S=.bss     G=DGROUP   M=TntDialogs ACBP=A9
 0002:00002FEC 00000004 C=BSS      S=.bss     G=DGROUP   M=TntStdActns ACBP=A9
 0002:00002FF0 0000000C C=BSS      S=.bss     G=DGROUP   M=TntForms ACBP=A9
 0002:00002FFC 00000008 C=BSS      S=.bss     G=DGROUP   M=TntMenus ACBP=A9
 0002:00003004 00000004 C=BSS      S=.bss     G=DGROUP   M=DualImportFrm ACBP=A9
 0002:00003008 00000004 C=BSS      S=.bss     G=DGROUP   M=OleConst ACBP=A9
 0002:0000300C 00000004 C=BSS      S=.bss     G=DGROUP   M=OleServer ACBP=A9
 0002:00003010 00000004 C=BSS      S=.bss     G=DGROUP   M=StdVCL   ACBP=A9
 0002:00003014 0000001C C=BSS      S=.bss     G=DGROUP   M=AxCtrls  ACBP=A9
 0002:00003030 00000014 C=BSS      S=.bss     G=DGROUP   M=OleCtrls ACBP=A9
 0002:00003044 00000004 C=BSS      S=.bss     G=DGROUP   M=ActiveIMM_TLB ACBP=A9
 0002:00003048 00000004 C=BSS      S=.bss     G=DGROUP   M=TntComCtrls ACBP=A9
 0002:0000304C 00000004 C=BSS      S=.bss     G=DGROUP   M=SHFolder ACBP=A9
 0002:00003050 00000004 C=BSS      S=.bss     G=DGROUP   M=CommonUtils ACBP=A9
 0002:00003054 00000004 C=BSS      S=.bss     G=DGROUP   M=PreviewExportFrm ACBP=A9
 0002:00003058 00000004 C=BSS      S=.bss     G=DGROUP   M=WixParserImpl ACBP=A9


  Address         Publics by Name

 0002:00003014       .02
 0002:00002DE8       .1
 0002:00002E18       .1
 0002:000029C8       .1
 0002:00002CE0       .1
 0002:000029BC       .1
 0002:00002E28       .1
 0002:00002CCC       .1
 0002:000028B0       .1
 0002:000027A4       .1
 0002:00002E60       .1
 0002:000028B8       .1
 0002:00002EA4       .1
 0002:000028D4       .1
 0002:00002DF8       .1
 0002:00002FA0       .1
 0002:000028D0       .1
 0002:000028AC       .1
 0002:00002680       .1
 0002:000028A8       .1
 0002:00002D14       .1
 0002:000028A4       .1
 0002:00002678       .1
 0002:00002898       .1
 0002:00003008       .1
 0002:00002894       .1
 0002:00002890       .1
 0002:00002670       .1
 0002:00002E04       .1
 0002:00003010       .1
 0002:00002E00       .1
 0002:00002F70       .1
 0002:0000304C       .1
 0002:00002844       .1
 0002:00002E08       .11
 0002:00002F7C       .12
 0002:00002C50       .12
 0002:00002E14       .12
 0002:00002F98       .15
 0002:00002FA8       .2
 0002:00002FD8       .2
 0002:00003004       .2
 0002:000028B4       .2
 0002:00002CE4       .2
 0002:00002FC8       .2
 0002:00003054       .2
 0002:00003050       .2
 0002:00002E8C       .2
 0002:00003058       .2
 0002:00002E20       .2
 0002:000028EC       .2
 0002:00002FE0       .21
 0002:00002FC4       .21
 0002:000028D8       .21
 0002:0000284C       .3
 0002:00002F90       .3
 0002:00002E5C       .3
 0002:00002C48       .3
 0002:00002FB0       .3
 0002:0000267C       .3
 0002:00002FE4       .3
 0002:00002F8C       .3
 0002:00002CEC       .3
 0002:00002CF0       .3
 0002:0000300C       .3
 0002:00003044       .3
 0002:00002F34       .3
 0002:000028E8       .31
 0002:00002794       .35
 0002:00002E74       .36
 0002:00002E2C       .4
 0002:000028F8       .4
 0002:00002DFC       .4
 0002:00002F58       .41
 0002:000028BC       .41
 0002:00002E94       .42
 0002:00003048       .43
 0002:0000285C       .45
 0002:00003000       .5
 0002:00003040       .5
 0002:00002800       .5
 0002:00002F88       .5
 0002:000028E0       .5
 0002:00002F9C       .5
 0002:000025BC       .5
 0002:00002FD4       .52
 0002:00002F74       .6
 0002:00002FF4       .6
 0002:00002D28       .6
 0002:00002848       .6
 0002:00002EB8       .72
 0002:00002E64       .72
 0002:00002FEC       .73
 0002:00002E98       .73
 0002:000028DC       .8
 0002:00002FA4       .8
 0002:00002F30       .8
 0002:00002E70       .8
 0002:00002824       .81
 0002:00002F48       .9
 0001:00001D64       @AbstractError
 0001:00002954       @AfterConstruction
 0001:00002740       @AsClass
 0001:000034B8       @Assert
 0001:00001ECC       @AStrCmp
 0001:00002964       @BeforeDestruction
 0001:000024C0       @BoundErr
 0001:0000278C       @CallDynaInst
 0001:00005350       @CheckAutoResult
 0001:000028FC       @ClassCreate
 0001:0000294C       @ClassDestroy
 0001:00001DD4       @Close
 0001:00001C90       @Copy
 0001:00004548       @CopyArray
 0001:0000442C       @CopyRecord
 0001:000046B4       @DispCallByIDError
 0001:0000F894       @DispInvokeError
 0001:00004650       @Dispose
 0001:00002EA4       @DoneExcept
 0001:00004B28       @DynArrayAsg
 0001:00004AEC       @DynArrayClear
 0001:0000490C       @DynArrayHigh
 0001:00004904       @DynArrayLength
 0001:00004AE0       @DynArraySetLength
 0001:00002F8C       @ExceptionHandler
 0001:00001F3C       @FillChar
 0001:00004408       @Finalize
 0001:0000431C       @FinalizeArray
 0001:000042D0       @FinalizeRecord
 0001:000027A4       @FindDynaInst
 0001:000024B4       @FpuInit
 0001:000023F0       @FpuMaskInit
 0001:00001B04       @FreeMem
 0001:00001AD4       @GetMem
 0001:00005A14       @GetTls
 0001:000034A0       @Halt
 0001:000033C0       @Halt0
 0001:00002A78       @HandleAnyException
 0001:00002D64       @HandleAutoException
 0001:00002D2C       @HandleFinally
 0001:00002BA4       @HandleOnException
 0001:000042C4       @Initialize
 0001:00004230       @InitializeArray
 0001:00004200       @InitializeRecord
 0001:00003268       @InitImports
 0001:00005A60       @InitLib
 0001:00003240       @InitResStringImports
 0001:0000321C       @InitResStrings
 0001:0000328C       @InitWideStrings
 0001:000052B4       @IntfAddRef
 0001:00005284       @IntfCast
 0001:00005240       @IntfClear
 0001:00005258       @IntfCopy
 0001:0000271C       @IsClass
 0001:000023C0       @isNECWindows
 0001:000039A0       @LStrAddRef
 0001:00003504       @LStrArrayClr
 0001:00003534       @LStrAsg
 0001:000037B8       @LStrCat
 0001:000037FC       @LStrCat3
 0001:00003870       @LStrCatN
 0001:000034E0       @LStrClr
 0001:000038FC       @LStrCmp
 0001:00003A10       @LStrCopy
 0001:00003A50       @LStrDelete
 0001:00003760       @LStrFromArray
 0001:000036C8       @LStrFromChar
 0001:000036E8       @LStrFromPChar
 0001:000035D0       @LStrFromPCharLen
 0001:00003718       @LStrFromPWChar
 0001:0000363C       @LStrFromPWCharLen
 0001:00003754       @LStrFromString
 0001:000036D8       @LStrFromWChar
 0001:00003778       @LStrFromWStr
 0001:00003A98       @LStrInsert
 0001:00003578       @LStrLAsg
 0001:000037B0       @LStrLen
 0001:00003AF4       @LStrPos
 0001:00003B3C       @LStrSetLength
 0001:000039B0       @LStrToPChar
 0001:0000378C       @LStrToString
 0001:0000463C       @New
 0001:000035A4       @NewAnsiString
 0001:00003BA8       @NewWideString
 0001:00013D6C       @OleVarFromInt
 0001:00014020       @OleVarFromLStr
 0001:000140DC       @OleVarFromVar
 0001:000020D4       @Pow10
 0001:00001E48       @PStrCmp
 0001:00001E2C       @PStrNCpy
 0001:00002E50       @RaiseAgain
 0001:00002E28       @RaiseExcept
 0001:00001B24       @ReallocMem
 0001:00001D58       @ROUND
 0001:000034AC       @RunError
 0001:000020B8       @SetEq
 0001:00002060       @SetRange
 0001:00003154       @StartLib
 0001:00000348       @strlen
 0001:00002ED4       @TryFinallyExit
 0001:00003A08       @UniqueStringA
 0001:000046E0       @ValInt64
 0001:00001F5C       @ValLong
 0001:00014B6C       @VarAddRef
 0001:00010188       @VarCast
 0001:0000FB80       @VarClear
 0001:00004304       @VarClr
 0001:0000FB94       @VarClr
 0001:00015584       @VarCmpEQ
 0001:00004414       @VarCopy
 0001:0000FEBC       @VarCopy
 0001:00013F00       @VarFromBool
 0001:00013D8C       @VarFromByte
 0001:00013F50       @VarFromCurr
 0001:00013EA8       @VarFromCurrency
 0001:00013ED4       @VarFromDate
 0001:00013FF4       @VarFromDisp
 0001:00013E7C       @VarFromDouble
 0001:00013D10       @VarFromInt
 0001:00013E2C       @VarFromInt64
 0001:00013D4C       @VarFromInteger
 0001:00013FC8       @VarFromIntf
 0001:00013DCC       @VarFromLongWord
 0001:00013F64       @VarFromLStr
 0001:00013F28       @VarFromReal
 0001:00013DEC       @VarFromShortInt
 0001:00013E58       @VarFromSingle
 0001:00013E0C       @VarFromSmallInt
 0001:00013F3C       @VarFromTDateTime
 0001:00013DAC       @VarFromWord
 0001:00013F90       @VarFromWStr
 0001:0000F8E8       @VarNull
 0001:00011954       @VarToBool
 0001:0001160C       @VarToBoolean
 0001:00010A4C       @VarToByte
 0001:000127F8       @VarToCurrency
 0001:00012290       @VarToDate
 0001:00013C64       @VarToDisp
 0001:00011B20       @VarToDouble
 0001:00011010       @VarToInt64
 0001:0001054C       @VarToInteger
 0001:00013B98       @VarToIntf
 0001:00010CC4       @VarToLongWord
 0001:00012EAC       @VarToLStr
 0001:00011E9C       @VarToReal
 0001:0001099C       @VarToShortInt
 0001:00011EB8       @VarToSingle
 0001:00010AF4       @VarToSmallInt
 0001:00010BEC       @VarToWord
 0001:000135CC       @VarToWStr
 0001:000041E0       @WStrAddRef
 0001:00003BE8       @WStrArrayClr
 0001:00003C0C       @WStrAsg
 0001:00003E3C       @WStrCat
 0001:00003E9C       @WStrCat3
 0001:00003F04       @WStrCatN
 0001:00003BD0       @WStrClr
 0001:00003F4C       @WStrCmp
 0001:00003FD0       @WStrCopy
 0001:0000401C       @WStrDelete
 0001:00003D70       @WStrFromArray
 0001:00003DA4       @WStrFromLStr
 0001:00003CF8       @WStrFromPChar
 0001:00003C38       @WStrFromPCharLen
 0001:00003D28       @WStrFromPWChar
 0001:00003CC4       @WStrFromPWCharLen
 0001:00003D64       @WStrFromString
 0001:00003D88       @WStrFromWArray
 0001:00003CE8       @WStrFromWChar
 0001:000040AC       @WStrInsert
 0001:00003C30       @WStrLAsg
 0001:00003E30       @WStrLen
 0001:00004148       @WStrPos
 0001:00004198       @WStrSetLength
 0001:00003E20       @WStrToPWChar
 0001:00003DB4       @WStrToString
 0001:0000203C       @_CLenToPasStr
 0001:00002030       @_CToPasStr
 0001:00001C60       @_IOTest
 0001:000046BC       @_llmul
 0001:00038990       AbortProc
 0001:00056F08       AbsMin
 0001:0000C678       AbstractErrorHandler
 0002:0000202C       AbstractErrorProc
 0002:0000014C       AccessMode
 0002:000005AC       AccessMode
 0001:00001BC0       AcquireExceptionObject
 0001:000191E0       ActivateClassGroup
 0001:000062C0       ActivateKeyboardLayout
 0002:00002EEC       ActiveDrag
 0001:0009E4B8       ActiveIMM_TLB
 0001:00016968       ActiveX
 0001:00066708       ActnList
 0001:000004A8       AddBlockAfter
 0002:00000478       AddDataModule
 0001:0001D588       AddFinished
 0001:00069F04       AddIn
 0001:000050A8       AddModuleUnloadProc
 0001:00005098       AddModuleUnloadProc
 0001:00085830       AddNodeClassInfo
 0001:0001D5C0       AddNotFinished
 0001:0006DD84       AddOle2
 0001:0002C6BC       Addr_System_EndThread
 0001:0002C6C4       Addr_System_LoadResString
 0001:0002C6D4       Addr_System_LStrFromPWCharLen
 0001:0002C6E4       Addr_System_VarFromLStr
 0001:0002C6EC       Addr_System_WStrCat3
 0001:0002C6CC       Addr_System_WStrFromPCharLen
 0001:0002C6DC       Addr_System_WStrToString
 0001:0001DFE4       AddSubComponentsToLoaded
 0001:00031700       AdjustColor
 0001:0004401C       AdjustLineBreaks
 0001:0000812C       AdjustLineBreaks
 0001:00071074       Adjustment
 0001:000062C8       AdjustWindowRectEx
 0002:000013D8       AIMM
 0002:00001390       Alignments
 0002:00000DA0       Alignments
 0002:00001008       Alignments
 0002:00000FF8       Alignments
 0002:00000D60       Alignments
 0001:00077FB8       AlignWork
 0001:0005C574       AlignWork
 0001:000238F8       AllocateHWnd
 0001:000943B0       AllocFilterStr
 0001:0003B7D0       AllocFilterStr
 0001:00007C1C       AllocMem
 0002:000025B4       AllocMemCount
 0002:000025B8       AllocMemSize
 0001:00036E50       AllocPatternBitmap
 0001:00005944       AllocTlsBuffer
 0001:00028100       AncestorIsValid
 0001:00020D6C       AncestorIsValid
 0002:00000DE4       AnchorAlign
 0002:00000DD8       AnimateWindowProc
 0002:00000EE0       AnimationStyle
 0001:00007E0C       AnsiCompareStr
 0001:00007E44       AnsiCompareText
 0002:0000131C       AnsiEncodings
 0001:000089F8       AnsiLastChar
 0001:000062D0       AnsiLower
 0001:00007DD8       AnsiLowerCase
 0001:0000D044       AnsiLowerCaseFileName
 0001:0000D008       AnsiPos
 0001:0006E834       AnsiSameCaption
 0001:00007E7C       AnsiSameText
 0001:00007E94       AnsiStrLIComp
 0001:0000D0D0       AnsiStrPos
 0001:0000D190       AnsiStrRScan
 0001:0000D1D8       AnsiStrScan
 0001:000056D0       AnsiToUtf8
 0001:00007DA4       AnsiUpperCase
 0001:00013B20       AnyToIntf
 0001:0000A4DC       AppendChars
 0001:0000A8A8       AppendFormat
 0001:00085934       AppendItem
 0001:0000A540       AppendNumber
 0001:0000A520       AppendString
 0002:00002F50       Application
 0002:00000488       ApplicationHandleException
 0002:00000490       ApplicationShowException
 0002:00001134       AppVisible
 0002:00000C20       Arrangements
 0001:0000C65C       AssertErrorHandler
 0002:00002024       AssertErrorProc
 0001:00015CE8       AssignLongStr
 0001:00016364       AssignVariant
 0002:00001318       AttrChangeTypeMap
 0002:00000C28       AutoArrange
 0001:00029C24       AutoDetectCharacterSet
 0002:0000260C       avail
 0001:0009AF38       AxCtrls
 0001:00008BD0       BackfillGetDiskFreeSpaceEx
 0001:00059A9C       BackgroundClipped
 0001:0000E748       BackupVarBoolFromStr
 0001:0000E8A8       BackupVarBStrFromBool
 0001:0000E7C8       BackupVarBStrFromCy
 0001:0000E838       BackupVarBStrFromDate
 0001:0000E6DC       BackupVarCyFromStr
 0001:0000E670       BackupVarDateFromStr
 0001:0000E52C       BackupVarI4FromStr
 0001:0000E4D8       BackupVariantChangeTypeEx
 0001:0000E598       BackupVarR4FromStr
 0001:0000E604       BackupVarR8FromStr
 0002:000029D4       base64
 0002:000012D8       BaseTypeIndMap
 0002:0000033C       BaseTypeMap
 0001:000195B4       BeginGlobalLoading
 0001:000062D8       BeginPaint
 0001:0003170C       BetterSize
 0001:0006AD98       BiDiDraw
 0001:00022504       BinToHex
 0001:00006058       BitBlt
 0002:00000B6C       BitBtnCaptions
 0002:00002E30       BitBtnGlyphs
 0002:0000089C       BitmapCanvasList
 0002:00002C68       BitmapImageLock
 0001:0000E514       BiUnimplemented
 0002:00000530       BlockCode
 0002:000025E4       blockDescBlockList
 0002:000025E8       blockDescFreeList
 0002:0000045C       BooleanIdents
 0002:00000338       BooleanToStringRule
 0001:00008800       BoolToStr
 0001:00012C34       BoolToWStrViaOS
 0002:00000C00       BorderStyles
 0002:00000D58       BorderStyles
 0001:000184DC       Bounds
 0001:00005BC4       Bounds
 0002:00000FA0       Breaks
 0001:000062E0       BringWindowToTop
 0002:00002CA0       BrushManager
 0001:0006D56C       BuildImage
 0002:000011E4       BuiltInTypeNames
 0002:000009C8       ButtonCaptions
 0002:00000B9C       ButtonCount
 0002:000013BC       ButtonMap
 0002:00001360       ButtonNames
 0002:0000099C       ButtonNames
 0002:0000101C       Buttons
 0001:0003F640       Buttons
 0002:00000CAC       ButtonStates
 0002:00000DD0       ButtonStyles
 0002:00000CBC       ButtonStyles
 0001:00030ED8       BytesPerScanline
 0001:0003123C       ByteSwapColors
 0001:0000CD34       ByteToCharIndex
 0001:0000CD0C       ByteToCharLen
 0001:0000CCD0       ByteType
 0001:0000CC58       ByteTypeTest
 0002:00002F38       CachedComCtrlVer
 0002:000028FC       Cached_ENG_US_FormatSettings
 0001:00023834       CalcJmpOffset
 0001:0006428C       CalcSplitterPos
 0001:0003BFF0       CallDefWndProc
 0001:0009C7F0       CallEventMethod
 0001:000062E8       CallNextHookEx
 0001:0000D8E0       CallTerminateProcs
 0001:000062F0       CallWindowProc
 0001:000062F8       CallWindowProcW
 0001:00057F40       CancelDrag
 0002:00002CA4       CanvasList
 0002:00002F00       CanvasList
 0002:00000988       Captions
 0002:00000E9C       CaptureControl
 0002:00000F40       cBooleanToItemAutoFlag
 0002:0000036C       CBooleanToRelationship
 0001:00005BE0       CenterPoint
 0001:0003B0E0       CenterWindow
 0002:00002E1E       CF_COMPONENT
 0002:00002E1C       CF_PICTURE
 0002:0000281C       ChangeAnyProc
 0001:0005646C       ChangeBiDiModeAlignment
 0001:00008A80       ChangeFileExt
 0002:00000D80       CharCases
 0001:00003600       CharFromWChar
 0001:0000CF18       CharLength
 0001:00006300       CharLowerBuff
 0001:00006308       CharNext
 0001:000002C0       CharNext
 0001:0002F748       CharsetToIdent
 0001:0000CE20       CharToByteIndex
 0001:0000CE84       CharToByteLen
 0001:00006310       CharToOemA
 0001:00006318       CharUpperA
 0001:00006328       CharUpperBuff
 0001:00006330       CharUpperBuffW
 0001:00006320       CharUpperW
 0001:00031CF0       CheckBool
 0001:00042F70       CheckCommonControl
 0001:000856D4       CheckEncoding
 0001:0008B044       CheckForDTD
 0001:0008B3D4       CheckForXMLSchema
 0001:00085254       CheckIntegerValue
 0001:000029F4       CheckJmp
 0001:000913A8       CheckLst
 0001:00006338       CheckMenuItem
 0002:00000F90       Checks
 0001:0001E020       CheckSubComponents
 0001:0002260C       CheckSynchronize
 0001:00070A8C       CheckTaskWindow
 0001:0001422C       CheckType
 0001:00057BF4       CheckUndock
 0001:0000CB4C       CheckWin32Version
 0001:00085570       CheckWordValue
 0001:00006340       ChildWindowFromPoint
 0002:0000130C       ChoiceTypeMap
 0002:00000354       CInvalidCustomVariantType
 0002:00000F44       cItemAutoFlagToBoolean
 0002:00000F3C       cItemAutoFlagToMenu
 0001:00023A84       Classes
 0001:0002482C       ClassIDToProgID
 0001:00029DF0       ClassIsRegistered
 0001:00018FA4       ClassNotFound
 0002:000013C4       CLASS_CActiveIMM
 0002:0000113C       CLASS_DOMDocument
 0002:00001180       CLASS_DOMDocument26
 0002:00001190       CLASS_DOMDocument30
 0002:000011A0       CLASS_DOMDocument40
 0002:00002818       ClearAnyProc
 0001:0002EFC8       ClearColor
 0001:00025340       ClearExcepInfo
 0001:00015138       ClearVariantTypeList
 0001:00006348       ClientToScreen
 0001:00061830       ClientToWindow
 0002:00000894       ClipboardFormats
 0001:0003CEA4       Clipbrd
 0001:00006060       CloseEnhMetaFile
 0001:00005D30       CloseHandle
 0001:00038810       ClosePrinter
 0002:00002D30       CloseThemeData
 0002:0000055C       CLSID_AutoComplete
 0002:00002040       CmdLine
 0002:0000203C       CmdShow
 0002:00000F38       cMenuAutoFlagToItem
 0002:00000378       CmpTypeMap
 0001:0000E520       CmpUnimplemented
 0002:00000574       CoAddRefServerProcess
 0001:0009E424       CoCActiveIMM.Create
 0001:000168BC       CoCreateInstance
 0002:0000056C       CoCreateInstanceEx
 0002:00000BF0       Codes
 0002:00000C7C       Codes
 0001:000168B4       CoGetClassObject
 0002:00002E88       CoInitExProcLoaded
 0002:00000584       CoInitFlags
 0001:000168A4       CoInitialize
 0002:00000570       CoInitializeEx
 0002:00002E84       CoInitializeExProc
 0001:00019870       CollectionsEqual
 0002:00000614       Colors
 0001:0002F540       ColorToIdent
 0002:000009F4       ColorToPretyName
 0001:0002F530       ColorToRGB
 0002:00000C50       ColumnClicks
 0002:00000CD0       ComboBoxExStyles
 0002:00000CDC       ComboExStyles
 0002:000028C4       ComClassManagerVar
 0001:00024358       ComConst
 0002:0000289C       ComCtl32DLL
 0002:00002E80       ComCtlVersion
 0001:0004E468       ComCtrls
 0002:00002F4C       CommandPool
 0001:00024168       CommCtrl
 0001:0003A7B0       CommDlg
 0001:00000828       Commit
 0002:00002628       committedRoot
 0001:000A00D4       CommonUtils
 0001:00025608       ComObj
 0001:0002A15C       CompareComponentHelperToTarget
 0001:000694E8       CompareFront
 0001:00007D0C       CompareMem
 0001:00007CDC       CompareStr
 0001:00005D38       CompareString
 0001:00005D40       CompareStringA
 0001:00005D48       CompareStringW
 0001:00007D2C       CompareText
 0001:000851B4       CompareToRead
 0001:00008728       CompareWith
 0001:0001E100       ComponentCreated
 0002:000012CC       CompositorNames
 0002:00001300       CompositorNames
 0001:00031AB0       ComputeAldusChecksum
 0001:0003CE60       ComStrs
 0001:00025960       Consts
 0001:00025FE8       Contnrs
 0002:00002FB8       ControlAtom
 0002:00002EBE       ControlAtom
 0002:00002EC4       ControlAtomString
 0002:00002FC0       ControlAtomString
 0001:0007585C       ControlHasHelp
 0001:00064F28       Controls
 0002:00000BD4       ConversionFormatList
 0002:000004BC       Convert
 0002:000004AC       Convert
 0001:0000C054       ConvertAddr
 0001:0000A634       ConvertEraString
 0001:00007BF8       ConvertErrorFmt
 0001:000485D0       ConvertFlags
 0001:0004843C       ConvertMask
 0001:000485F4       ConvertStates
 0001:0002BE78       ConvertUCS2toUTF7
 0001:0002C054       ConvertUTF7toUCS2
 0001:0000A7A0       ConvertYearString
 0001:00004914       CopyArray
 0001:000343D8       CopyBitmap
 0001:00034AA0       CopyBitmapAsMask
 0001:00006068       CopyEnhMetaFile
 0001:0003F440       CopyImage
 0001:0000693C       CopyMemory
 0001:00034A3C       CopyPalette
 0002:00000CF4       Copyright
 0001:0006C618       CopyToBest
 0002:00000578       CoReleaseServerProcess
 0002:0000057C       CoResumeClassObjects
 0002:00000580       CoSuspendClassObjects
 0001:000168D4       CoTaskMemAlloc
 0001:000168DC       CoTaskMemFree
 0001:000168AC       CoUninitialize
 0001:0000CD90       CountChars
 0002:00002C80       CounterLock
 0002:00000358       CRangeToType
 0001:0000C5A0       CreateAssertException
 0001:0000C728       CreateAVObject
 0001:00006070       CreateBitmap
 0001:00006078       CreateBrushIndirect
 0001:00024858       CreateComObject
 0001:00006080       CreateCompatibleBitmap
 0001:00006088       CreateCompatibleDC
 0001:0001E180       CreateComponent
 0001:00006090       CreateDC
 0001:000060A0       CreateDIBitmap
 0001:00006098       CreateDIBSection
 0001:0007DC78       CreateDOMDocument
 0001:00084EB4       CreateDOMNode
 0001:000060A8       CreateEnhMetaFile
 0001:00016924       CreateErrorInfo
 0001:00005D50       CreateEvent
 0001:00005D58       CreateFile
 0001:00005D60       CreateFileA
 0001:00005D68       CreateFileW
 0001:000060B0       CreateFontIndirect
 0001:00095FCC       CreateGetMessageHookForNT
 0001:000060B8       CreateHalftonePalette
 0001:000060C0       CreateIC
 0001:00006350       CreateIcon
 0001:0000C4CC       CreateInOutError
 0001:00006358       CreateMDIWindowW
 0001:00006360       CreateMenu
 0001:000060C8       CreatePalette
 0001:000060D0       CreatePenIndirect
 0001:00006368       CreatePopupMenu
 0001:00024890       CreateRemoteComObject
 0001:000060D8       CreateSolidBrush
 0001:000168FC       CreateStreamOnHGlobal
 0001:00031294       CreateSystemPalette
 0001:00005D70       CreateThread
 0001:0008EE70       CreateUnicodeHandle
 0001:00006A98       CreateWindow
 0001:000069E8       CreateWindowEx
 0001:00006A40       CreateWindowExW
 0002:00000DDC       CreationControl
 0002:000008F0       CreationControl
 0002:00000448       CRelationshipToBoolean
 0002:0000031C       CResult
 0002:00000144       cSimpleBoolStrs
 0002:000003F4       CText
 0002:00000ED8       Ctl3DStyles
 0002:00002620       curAlloc
 0001:000144C0       CurrCompare
 0002:0000268C       CurrencyDecimals
 0002:00002688       CurrencyFormat
 0002:00002684       CurrencyString
 0001:0000A4C8       CurrentYear
 0001:0000A018       CurrToStr
 0001:00012BC4       CurrToWStrViaOS
 0002:000010B8       CursorMap
 0002:00000DEC       Cursors
 0001:0005678C       CursorToIdent
 0002:000010A8       cUseAlpha
 0002:000010B0       cUseColorKey
 0001:00008338       CvtInt
 0001:000084E8       CvtInt64
 0001:00008404       CvtInt64W
 0001:00008384       CvtIntW
 0002:00000184       CWNear
 0001:0008F034       DataPointsToHintInfoForTnt
 0001:0002718C       DataTypeToRegData
 0001:00014498       DateCompare
 0002:0000268D       DateSeparator
 0001:0000B10C       DateTimeToStr
 0001:0000B080       DateTimeToString
 0001:0000A114       DateTimeToTimeStamp
 0001:0000B0DC       DateToStr
 0001:00012BFC       DateToWStrViaOS
 0001:0000A4A0       DayOfWeek
 0002:00000180       DCon10
 0002:00000610       DDBsOnly
 0001:000239AC       DeallocateHWnd
 0002:00000028       DebugHook
 0002:0000268B       DecimalSeparator
 0001:0000A480       DecodeDate
 0001:0000A330       DecodeDateFully
 0001:0000A1C8       DecodeTime
 0001:000008E8       Decommit
 0001:00001014       DecommitFree
 0002:000025FC       decommittedRoot
 0001:00078BF4       Default
 0001:000734DC       Default
 0002:00000020       Default8087CW
 0002:00000DE0       DefaultDockTreeClass
 0002:00002F80       DefaultDOMVendor
 0001:00046FA8       DefaultListViewSort
 0002:00001314       DefaultNodeIndent
 0001:0002B9CC       DefaultSystemCodePage
 0002:000025C0       DefaultUserCodePage
 0002:00000864       DefBrushData
 0002:000005E4       DefFontData
 0001:00006370       DefFrameProc
 0001:00006378       DefFrameProcW
 0002:00000210       DefLongDayNames
 0002:000001C4       DefLongMonthNames
 0001:00006380       DefMDIChildProc
 0001:00006388       DefMDIChildProcW
 0002:00000844       DefPenData
 0002:000001F4       DefShortDayNames
 0002:00000194       DefShortMonthNames
 0001:00006390       DefWindowProc
 0001:00006398       DefWindowProcW
 0001:00004B80       DelayLoadResourceModule
 0001:00000504       DeleteBlock
 0001:00000414       DeleteCriticalSection
 0001:00005D78       DeleteCriticalSection
 0001:000060E0       DeleteDC
 0001:000060E8       DeleteEnhMetaFile
 0001:000089E0       DeleteFile
 0001:00005D80       DeleteFile
 0001:00005D88       DeleteFileW
 0001:00000DFC       DeleteFree
 0001:000063A0       DeleteMenu
 0001:000060F0       DeleteObject
 0001:00033F94       DeselectBitmap
 0001:000063A8       DestroyCursor
 0001:000063B0       DestroyIcon
 0001:0003F570       DestroyLocals
 0001:000063B8       DestroyMenu
 0001:000063C0       DestroyWindow
 0001:000855D0       DetectCharEncoding
 0001:000539F8       DialogEnumerationTester
 0001:0003B194       DialogHook
 0001:0003C774       Dialogs
 0002:000008A0       DIBPalSizes
 0002:0000008C       dig
 0002:00002AD8       direct
 0002:00000C68       Directions
 0001:000708C8       DisableTaskWindows
 0001:00024D54       DispatchInvoke
 0001:00025334       DispatchInvokeError
 0001:000063C8       DispatchMessage
 0001:000063D0       DispatchMessageW
 0001:00076B3C       DispatchShortCut
 0001:00025350       DispCall
 0001:00025434       DispCallByID
 0002:00002000       DispCallByIDProc
 0001:00025260       DispCallError
 0002:000013A8       DispIDArgs
 0002:00001398       DispParams
 0001:00007BDC       DivMod
 0001:0003A7E8       Dlgs
 0002:0000266C       DllProc
 0001:0005C404       DoAlign
 0001:00077E6C       DoAlign
 0001:000604F0       DoCalcConstraints
 0002:00002EF4       DockSiteList
 0001:0006D238       DoClick
 0001:0005DB48       DoControlMsg
 0001:00038818       DocumentProperties
 0001:00070878       DoDisableWindow
 0001:00057520       DoDragOver
 0001:00062560       DoFindControlZone
 0001:000709CC       DoFindWindow
 0001:00062AEC       DoFindZone
 0001:000625E4       DoForEach
 0001:00063EF0       DoGetNextLimit
 0001:00082EA8       DOMVendorList
 0001:00082FE0       DOMVendorNotSupported
 0002:00002F84       DOMVendors
 0001:00089648       DOMVendorStored
 0001:00070840       DoneApplication
 0001:00064C50       DoneControls
 0001:0000CA5C       DoneExceptions
 0001:00074EB8       DoNestedActivation
 0001:000225CC       DoneThreadSynchronization
 0001:00079E34       DoOnHelp
 0001:00077CBC       DoPosition
 0001:0005BFC4       DoPosition
 0001:00063518       DoPrune
 0001:000639F0       DoSaveZone
 0001:00063BF4       DoSetNewBounds
 0002:00000464       DotSep
 0002:00000CC8       DownMessage
 0002:00000BA0       DownStyles
 0001:00032BA0       DoWrite
 0001:00067B48       DoWrite
 0001:00031F48       DoWrite
 0001:0002CE48       DoWrite
 0001:0001B458       DoWrite
 0001:0005D130       DoWriteDesignSize
 0001:0005AB9C       DoWriteIsControl
 0002:00002ED8       DragCapture
 0002:00002ECC       DragControl
 0001:00057C68       DragDone
 0001:000574D0       DragFindTarget
 0001:000574A4       DragFindWindow
 0002:00002EF0       DragImageList
 0001:000578C0       DragInit
 0001:00057A30       DragInitControl
 0002:00002ED4       DragInternalObject
 0001:000573EC       DragMessage
 0002:00002ED0       DragObject
 0002:00002EFC       DragSave
 0002:00002EE4       DragSaveCursor
 0002:00002EDC       DragStartPos
 0002:00002EE8       DragThreshold
 0001:000575F0       DragTo
 0001:00078C30       DrawAppIcon
 0001:00063084       DrawCloseButton
 0001:000063D8       DrawEdge
 0001:000063E0       DrawFrameControl
 0001:000630DC       DrawGrabberLine
 0001:000063E8       DrawIcon
 0001:000063F0       DrawIconEx
 0002:00000F14       DrawingStyles
 0001:000063F8       DrawMenuBar
 0001:0006E650       DrawMenuItem
 0001:000971C4       DrawMenuText
 0001:00006400       DrawText
 0001:00006408       DrawTextA
 0001:00006410       DrawTextW
 0002:00002D34       DrawThemeBackground
 0002:00002D58       DrawThemeEdge
 0002:00002D5C       DrawThemeIcon
 0002:00002DE0       DrawThemeParentBackground
 0002:00002D38       DrawThemeText
 0001:00098E3C       DualImportFrm
 0001:00007EB4       DumbItDownFor95
 0001:00030D58       DupBits
 0001:0000492C       DynArrayClear
 0001:00004934       DynArraySetLength
 0002:00001000       EdgeStyle
 0002:00000EC8       EdgeStyles
 0002:00000C08       EditStyles
 0001:00083248       EDOMParseError.Create
 0001:0000C4A0       EHeapException.FreeInstance
 0002:00000D9C       Empty
 0002:00000BD8       Empty
 0001:00014324       EmptyCompare
 0002:00002804       EmptyParam
 0002:00003030       EmptyParam
 0002:000000CC       EmptyStr
 0002:000000D0       EmptyWideStr
 0001:0009F694       EnableActiveIMM
 0001:00006418       EnableMenuItem
 0002:00000F98       Enables
 0001:00006420       EnableScrollBar
 0001:0007097C       EnableTaskWindows
 0002:00002DC8       EnableThemeDialogTexture
 0002:00002DE4       EnableTheming
 0001:00006428       EnableWindow
 0001:000856A8       EncodingMatches
 0001:000060F8       EndDoc
 0001:0001963C       EndGlobalLoading
 0001:00006100       EndPage
 0001:00006430       EndPaint
 0001:000034D8       EndThread
 0001:00000404       EnterCriticalSection
 0001:00005D90       EnterCriticalSection
 0001:00005D98       EnumCalendarInfoA
 0002:00002CC8       EnumDisplayMonitors
 0001:0000BCC8       EnumEraNames
 0001:0000BD04       EnumEraYearOffsets
 0001:00073AA0       EnumMonitorsProc
 0001:00038820       EnumPrinters
 0001:00006438       EnumThreadWindows
 0001:0001D930       EnumValue
 0001:00006440       EnumWindows
 0001:00024734       EOleException.Create
 0001:00024664       EOleSysError.Create
 0001:00006448       EqualRect
 0002:00002754       EraNames
 0001:0000B384       EraToYear
 0002:00002770       EraYearOffsets
 0002:00000064       errCaption
 0001:00018B48       Error
 0001:00069238       Error
 0001:0001D114       Error
 0001:00001C54       Error
 0002:00000004       ErrorAddr
 0001:00001C08       ErrorAt
 0001:0000C54C       ErrorHandler
 0002:0000022C       ErrorMap
 0002:00002008       ErrorProc
 0002:000023E8       ErrOutput
 0001:00001B94       ExceptAddr
 0002:0000200C       ExceptClsProc
 0001:0000C9C8       ExceptHandler
 0001:0000C2CC       Exception.Create
 0001:0000C308       Exception.CreateFmt
 0001:0000C458       Exception.CreateHelp
 0001:0000C388       Exception.CreateRes
 0001:0000C3C4       Exception.CreateResFmt
 0002:0000201C       ExceptionClass
 0001:0000C060       ExceptionErrorMessage
 0002:00000264       ExceptMap
 0001:00001B74       ExceptObject
 0002:00002010       ExceptObjProc
 0002:00002004       ExceptProc
 0001:00006108       ExcludeClipRect
 0002:00000000       ExitCode
 0001:00003304       ExitDll
 0002:00002048       ExitProc
 0001:000002D0       ExitProcess
 0002:00002028       ExitProcessProc
 0001:000059F0       ExitProcessTLS
 0001:000002C8       ExitThread
 0001:000059C8       ExitThreadTLS
 0001:00008B94       ExpandFileName
 0001:0003B46C       ExplorerHook
 0001:0003F75C       ExtActns
 0001:0003CDD8       ExtCtrls
 0001:0003F698       ExtDlgs
 0001:000850B8       ExtractAttrValue
 0001:00008B4C       ExtractFileExt
 0001:0003BAE4       ExtractFileName
 0001:00008B14       ExtractFileName
 0001:0003BB2C       ExtractFileNames
 0001:000946FC       ExtractFileNamesW
 0001:00082BC0       ExtractLocalName
 0001:00082C00       ExtractPrefix
 0001:0002AD3C       ExtractStringFromStringArray
 0001:0002AD88       ExtractStringsFromStringArray
 0001:0008F08C       ExtractTntHintCaption
 0002:000012EC       ExtRestTypeMap
 0001:00006110       ExtTextOut
 0002:00002790       FalseBoolStrs
 0002:00002FD0       FCheckHeight
 0002:00002FCC       FCheckWidth
 0002:00002E24       FClipboard
 0002:00000174       FCon1E18
 0001:00038928       FetchStr
 0001:00008968       FileAge
 0001:00008960       FileClose
 0001:000088A4       FileCreate
 0001:000088C8       FileCreate
 0001:000089D0       FileExists
 0002:00000898       FileFormats
 0002:00000008       FileMode
 0001:0000884C       FileOpen
 0001:000088D0       FileRead
 0002:000004A0       FilerSignature
 0001:00008928       FileSeek
 0001:00005DA0       FileTimeToDosDateTime
 0001:00005DA8       FileTimeToLocalFileTime
 0001:000088FC       FileWrite
 0001:00000F34       FillAfterGap
 0001:00000ED4       FillBeforeGap
 0001:00000FD4       FillerSizeAfterGap
 0001:00000F5C       FillerSizeBeforeGap
 0001:00006450       FillRect
 0002:00000BA8       FillStyles
 0001:000377A0       Finalization
 0001:000377E0       Finalization
 0001:0008F75C       Finalization
 0001:0002C778       Finalization
 0001:0002AE98       Finalization
 0001:00036E88       Finalization
 0001:0000E280       Finalization
 0001:0000E480       Finalization
 0001:0004E3F0       Finalization
 0001:000A1778       Finalization
 0001:0003C718       Finalization
 0001:000912BC       Finalization
 0001:00083B80       Finalization
 0001:0004EFE8       Finalization
 0001:000387C8       Finalization
 0001:000A321C       Finalization
 0001:0003CD90       Finalization
 0001:0003CE30       Finalization
 0001:00091378       Finalization
 0001:0003CE68       Finalization
 0001:0002A3D4       Finalization
 0001:0003CEFC       Finalization
 0001:00052E84       Finalization
 0001:00038830       Finalization
 0001:0008D964       Finalization
 0001:000A3288       Finalization
 0001:0000EC74       Finalization
 0001:00052FEC       Finalization
 0001:0003F608       Finalization
 0001:0003F668       Finalization
 0001:00064EC0       Finalization
 0001:00053C70       Finalization
 0001:0003F6B4       Finalization
 0001:0003F70C       Finalization
 0001:0006E930       Finalization
 0001:0002A390       Finalization
 0001:0008D854       Finalization
 0001:000397DC       Finalization
 0001:0008BEB4       Finalization
 0001:0008BDCC       Finalization
 0001:0002DC5C       Finalization
 0001:00016938       Finalization
 0001:00093B5C       Finalization
 0001:00083294       Finalization
 0001:00093B94       Finalization
 0001:00093BD8       Finalization
 0001:00039B1C       Finalization
 0001:00094A88       Finalization
 0001:00094E10       Finalization
 0001:0009617C       Finalization
 0001:00097DB0       Finalization
 0001:00027764       Finalization
 0001:00026FC8       Finalization
 0001:00039CC8       Finalization
 0001:00025FB8       Finalization
 0001:00025A6C       Finalization
 0001:00098E0C       Finalization
 0001:00098E6C       Finalization
 0001:000666D8       Finalization
 0001:00025930       Finalization
 0001:000165C8       Finalization
 0001:000826F0       Finalization
 0001:00025588       Finalization
 0001:000835E0       Finalization
 0001:00006F20       Finalization
 0001:00006BE8       Finalization
 0001:0009FFC8       Finalization
 0001:00005C0C       Finalization
 0001:0009FF58       Finalization
 0001:00024328       Finalization
 0001:000242C8       Finalization
 0001:00024280       Finalization
 0001:000241E0       Finalization
 0001:000241A8       Finalization
 0001:00024170       Finalization
 0001:00024138       Finalization
 0001:0009E338       Finalization
 0001:0009E488       Finalization
 0001:00005AA8       Finalization
 0001:000A0098       Finalization
 0001:00023B90       Finalization
 0001:00023B58       Finalization
 0001:0007AE88       Finalization
 0001:000239D4       Finalization
 0001:0007AFB8       Finalization
 0001:000057EC       Finalization
 0001:000157C0       Finalization
 0001:0007B1A0       Finalization
 0001:00015594       Finalization
 0001:00041370       Finalization
 0001:00099744       Finalization
 0001:0003A64C       Finalization
 0001:0003A6BC       Finalization
 0001:0003A6F4       Finalization
 0001:00099790       Finalization
 0001:0003A780       Finalization
 0001:0003A7B8       Finalization
 0001:00068298       Finalization
 0001:0009AED8       Finalization
 0001:00083F20       Finalization
 0001:0002B94C       Finalization
 0001:00004924       FinalizeArray
 0002:00002FB4       Finalized
 0001:00003074       FinalizeUnits
 0001:0006CFF8       Find
 0001:00090484       FindActionHelper
 0001:00020464       FindAncestor
 0001:00004C10       FindBS
 0001:00019064       FindClass
 0001:00004B78       FindClassHInstance
 0001:00005DB0       FindClose
 0001:000002E0       FindClose
 0001:00000E90       FindCommitted
 0001:0005656C       FindControl
 0001:00062D18       FindControlAtPos
 0001:000153DC       FindCustomVariantType
 0001:00015494       FindCustomVariantType
 0001:00057F8C       FindDragTarget
 0001:0001E330       FindExistingComponent
 0001:000002E8       FindFirstFile
 0001:00005DB8       FindFirstFile
 0001:00005DC0       FindFirstFileA
 0001:00005DC8       FindFirstFileW
 0001:00070AD8       FindGlobalComponent
 0001:000194CC       FindGlobalComponent
 0002:00002868       FindGlobalComponentProcs
 0001:00004B50       FindHInstance
 0001:00019374       FindIdentToInt
 0001:000192F8       FindIntToIdent
 0001:0008B280       FindLocationHint
 0002:00002E10       FindMsg
 0001:0001D4C0       FindNestedComponent
 0002:00000954       FindOptions
 0001:0008EB24       FindOrCreateWinControlTrap
 0001:00069200       FindPopupControl
 0001:0000E93C       FindProc
 0001:0003C0E0       FindReplaceDialogHook
 0001:0003C02C       FindReplaceWndProc
 0001:00005DD0       FindResource
 0001:00004BC8       FindResourceHInstance
 0001:0007A668       FindScanline
 0001:00029D8C       FindSortedListByTarget
 0001:0003A778       FindText
 0001:00070A30       FindTopMostWindow
 0001:0001F214       FindUniqueName
 0001:00014E64       FindVarData
 0001:00057F58       FindVCLWindow
 0001:0002A2C0       FindWideComponentHelper
 0001:0002A17C       FindWideComponentHelperIndex
 0001:0008DC74       FindWideControlHelper
 0001:00006458       FindWindow
 0001:00053A50       FindWinHelp
 0001:00096B84       FixMenuBiDiProblem
 0001:0003438C       FixupBitFields
 0002:00001010       Flags
 0002:000027A0       FLanguages
 0001:00039B4C       FlatSB
 0002:00002CF4       FlatSB_EnableScrollBar
 0002:00002D00       FlatSB_GetScrollInfo
 0002:00002D04       FlatSB_GetScrollPos
 0002:00002CFC       FlatSB_GetScrollRange
 0002:00002D0C       FlatSB_SetScrollInfo
 0002:00002D08       FlatSB_SetScrollPos
 0001:00039820       FlatSB_SetScrollProp
 0002:00002D10       FlatSB_SetScrollRange
 0002:00002CF8       FlatSB_ShowScrollBar
 0001:00009CA8       FloatToDecimal
 0001:00009FE8       FloatToStr
 0001:000099D4       FloatToText
 0001:00001DC8       Flush
 0002:00000188       FMSecsPerDay
 0001:00009384       FmtStr
 0002:0000102C       FocusCount
 0002:00001028       FocusMessages
 0002:000007B4       FontCharsets
 0002:00002C98       FontManager
 0001:0009B7B0       FontToOleFont
 0002:000008EC       ForceCurrentDirectory
 0001:00070AAC       ForegroundTask
 0001:00009370       Format
 0002:00000190       Format
 0001:00008F60       FormatBuf
 0001:00008F54       FormatClearStr
 0001:00008ED8       FormatError
 0002:0000016C       FormatErrorStrs
 0001:00005DD8       FormatMessage
 0001:00005DE0       FormatMessageA
 0001:00005DE8       FormatMessageW
 0001:00008F30       FormatVarToStr
 0001:0007AEE4       Forms
 0001:000020CC       FPower10
 0002:000008E8       FPrinter
 0001:00006460       FrameRect
 0001:0000DE0C       FreeAndNil
 0001:00000B90       FreeCommitted
 0001:000011C8       FreeCurAlloc
 0001:0005804C       FreeDeviceContext
 0001:00058108       FreeDeviceContexts
 0001:000237A0       FreeIntConstList
 0001:00005DF0       FreeLibrary
 0001:000002F0       FreeLibrary
 0001:0009BBF8       FreeList
 0001:00033EE8       FreeMemoryContexts
 0001:00070B74       FreeObjectInstance
 0001:000238D4       FreeObjectInstance
 0001:00005E10       FreeResource
 0001:00000760       FreeSpace
 0001:0000D90C       FreeTerminateProcs
 0001:00039D00       FreeThemeLibrary
 0001:0002C634       FreeTntSystemThreadVars
 0002:000013D4       FRichEdit20Module
 0002:00002E7C       FRichEditModule
 0002:000029CC       GDefaultSystemCodePage
 0001:00030D48       GDICheck
 0001:00030CA0       GDIError
 0001:00001D50       Get8087CW
 0001:00005E18       GetACP
 0001:0001690C       GetActiveObject
 0001:00006468       GetActiveWindow
 0001:00078348       GetAnimation
 0001:00006118       GetBitmapBits
 0001:0000041C       GetBlockDesc
 0001:00006120       GetBrushOrgEx
 0001:00006470       GetCapture
 0001:00056888       GetCaptureControl
 0001:000912F4       GetCheckSize
 0001:00019010       GetClass
 0001:00006478       GetClassInfo
 0001:00006480       GetClassInfoW
 0001:00006488       GetClassName
 0001:00006490       GetClassNameW
 0001:00006498       GetClientRect
 0001:000064A0       GetClipboardData
 0001:00032710       GetClipboardFormats
 0001:00006128       GetClipBox
 0001:000003B8       GetCmdShow
 0001:00066930       GetColor
 0001:00042F98       GetComCtlVersion
 0001:000002F8       GetCommandLine
 0001:00005E28       GetCommandLineW
 0001:000009A4       GetCommitted
 0001:00000A4C       GetCommittedAt
 0001:0002181C       GetComponentValue
 0001:00005E30       GetComputerName
 0001:0005D6FC       GetControlAtPos
 0001:0000A58C       GetCount
 0001:00005E20       GetCPInfo
 0001:00006130       GetCurrentPositionEx
 0001:00005E38       GetCurrentProcessId
 0002:00002DD8       GetCurrentThemeName
 0001:00005E40       GetCurrentThreadId
 0001:000003A8       GetCurrentThreadId
 0001:00006934       GetCurrentTime
 0001:000064A8       GetCursor
 0001:0007A678       GetCursorHeightMargin
 0001:000064B0       GetCursorPos
 0001:0000A5BC       GetDate
 0001:00005E48       GetDateFormat
 0001:0000B29C       GetDateOrder
 0001:000064B8       GetDC
 0001:000064C0       GetDCEx
 0001:00006138       GetDCOrgEx
 0001:00036A90       GetDefFontCharSet
 0001:0001AA00       GetDesigner
 0001:000064C8       GetDesktopWindow
 0001:00006150       GetDeviceCaps
 0001:00031CD8       GetDIB
 0001:00006140       GetDIBColorTable
 0001:00006148       GetDIBits
 0001:00031C20       GetDIBSizes
 0001:00030EB8       GetDInColors
 0001:00005E50       GetDiskFreeSpaceA
 0002:00000140       GetDiskFreeSpaceEx
 0001:000064D0       GetDlgItem
 0001:00063FD0       GetDockAlign
 0001:00057230       GetDockSiteAtPos
 0001:00082FC8       GetDOM
 0001:00082E20       GetDOMNodeEx
 0001:00082EF8       GetDOMVendor
 0001:0005755C       GetDropCtl
 0001:0000275C       GetDynaMethod
 0001:00006158       GetEnhMetaFileBits
 0001:00006160       GetEnhMetaFileDescription
 0001:00006168       GetEnhMetaFileHeader
 0001:00006170       GetEnhMetaFilePaletteEntries
 0001:00015870       GetEnumName
 0001:00015948       GetEnumNameValue
 0001:00015994       GetEnumValue
 0001:0000BD7C       GetEraNamesAndYearOffsets
 0001:0000B330       GetEraYearOffset
 0001:0001691C       GetErrorInfo
 0001:0000C710       GetExceptionClass
 0001:0000C8FC       GetExceptionObject
 0001:00018F98       GetFieldClassTable
 0001:000326F0       GetFileFormats
 0001:0000CB6C       GetFileVersion
 0001:00006040       GetFileVersionInfo
 0001:00006048       GetFileVersionInfoSize
 0001:00016054       GetFloatProp
 0001:000064D8       GetFocus
 0001:00099C78       GetFontAccess
 0001:0002F768       GetFontData
 0001:000064E0       GetForegroundWindow
 0001:0000D484       GetFormatSettings
 0001:00005E58       GetFullPathName
 0001:00005E60       GetFullPathNameA
 0001:00005E68       GetFullPathNameW
 0001:0002ECB0       GetHashCode
 0001:00075894       GetHelpInfo
 0001:00037C60       GetHelpSystem
 0001:0007812C       GetHint
 0001:00078164       GetHintControl
 0001:0006E7D0       GetHotkey
 0001:000064E8       GetIconInfo
 0001:000250CC       GetIDsOfNames
 0001:0004C720       GetImageBitmap
 0001:00016470       GetInt64Prop
 0001:000164D4       GetInterfaceProp
 0001:00006508       GetKeyboardLayout
 0001:00006510       GetKeyboardLayoutList
 0001:00006518       GetKeyboardState
 0001:000023B8       GetKeyboardType
 0001:000064F0       GetKeyNameText
 0001:000064F8       GetKeyNameTextW
 0001:00006500       GetKeyState
 0001:00006520       GetLastActivePopup
 0001:00062298       GetLastChildZone
 0001:00005E70       GetLastError
 0001:00046C00       GetLength
 0001:0000BB40       GetLocaleChar
 0001:00000300       GetLocaleInfo
 0001:00005E80       GetLocaleInfo
 0001:0000BAF4       GetLocaleStr
 0001:00005E78       GetLocalTime
 0001:000567F0       GetLongHint
 0001:00015CFC       GetLongStrProp
 0001:00006528       GetMenu
 0001:0007581C       GetMenuHelpContext
 0001:00006530       GetMenuItemCount
 0001:00006538       GetMenuItemID
 0001:00006540       GetMenuItemInfo
 0001:00006548       GetMenuItemInfoW
 0001:0006B844       GetMenuSize
 0001:00006550       GetMenuState
 0001:00006558       GetMenuString
 0001:00006560       GetMenuStringW
 0001:00095F6C       GetMessageForNT
 0001:00006568       GetMessagePos
 0001:00006570       GetMessageTime
 0001:000163F8       GetMethodProp
 0001:00000308       GetModuleFileName
 0001:00005E88       GetModuleFileName
 0001:00005E90       GetModuleFileNameA
 0001:00005E98       GetModuleFileNameW
 0001:00000310       GetModuleHandle
 0001:00005EA0       GetModuleHandle
 0001:0000D7FC       GetModuleName
 0002:00002CBC       GetMonitorInfo
 0002:00002CC0       GetMonitorInfoA
 0002:00002CC4       GetMonitorInfoW
 0001:0000BBA4       GetMonthDayNames
 0001:0007DAE8       GetMSNode
 0001:00006578       GetNextWindow
 0001:00006178       GetObject
 0001:0008EC20       GetObjectInstance
 0001:00099D18       GetOleFont
 0001:00099DD0       GetOlePicture
 0001:0003A750       GetOpenFileName
 0001:0003A758       GetOpenFileNameA
 0001:0003A760       GetOpenFileNameW
 0001:00015B24       GetOrdProp
 0001:00006180       GetPaletteEntries
 0001:00006580       GetParent
 0001:00070CC8       GetParentForm
 0001:00099CC8       GetPictureAccess
 0001:00006188       GetPixel
 0001:00005EA8       GetPrivateProfileString
 0001:00000318       GetProcAddress
 0001:00005EB0       GetProcAddress
 0001:00005EB8       GetProfileString
 0001:00006588       GetProp
 0001:00015824       GetPropInfo
 0001:00015844       GetPropInfo
 0001:000159F8       GetPropInfo
 0001:00015A68       GetPropInfo
 0001:00015AA0       GetPropInfos
 0001:00071188       GetRealScrollPosition
 0001:00094384       GetResNamePtr
 0001:00066910       GetRGBColor
 0001:0003A768       GetSaveFileNameA
 0001:0003A770       GetSaveFileNameW
 0001:00006590       GetScrollInfo
 0001:00006598       GetScrollPos
 0001:000065A0       GetScrollRange
 0001:000567AC       GetShortHint
 0001:00015BF4       GetShortStrProp
 0001:00015C8C       GetShortStrPropAsLongStr
 0001:00000684       GetSpace
 0001:000006E8       GetSpaceAt
 0001:00069290       GetSpecialName
 0001:00000320       GetStartupInfo
 0001:00005EC0       GetStdHandle
 0001:00000298       GetStdHandle
 0001:00006190       GetStockObject
 0001:00005EC8       GetStringTypeEx
 0001:00005ED0       GetStringTypeExA
 0001:00005ED8       GetStringTypeExW
 0001:00015E2C       GetStrProp
 0001:000065A8       GetSubMenu
 0001:0002A020       GetSyncedWideString
 0001:000065B0       GetSysColor
 0001:000065B8       GetSysColorBrush
 0001:00005EE0       GetSystemInfo
 0001:000065C0       GetSystemMenu
 0002:00002CAC       GetSystemMetrics
 0001:000065C8       GetSystemMetrics
 0001:00006198       GetSystemPaletteEntries
 0001:000061A0       GetTextExtentPoint32
 0001:000061A8       GetTextExtentPoint32W
 0001:000061B0       GetTextMetrics
 0002:00002DD0       GetThemeAppProperties
 0002:00002D3C       GetThemeBackgroundContentRect
 0002:00002D40       GetThemeBackgroundExtent
 0002:00002D50       GetThemeBackgroundRegion
 0002:00002D74       GetThemeBool
 0002:00002D68       GetThemeColor
 0002:00002DDC       GetThemeDocumentationProperty
 0002:00002D7C       GetThemeEnumValue
 0002:00002D9C       GetThemeFilename
 0002:00002D84       GetThemeFont
 0002:00002D78       GetThemeInt
 0002:00002D90       GetThemeIntList
 0002:00002D8C       GetThemeMargins
 0002:00002D6C       GetThemeMetric
 0002:00002D44       GetThemePartSize
 0002:00002D80       GetThemePosition
 0002:00002D94       GetThemePropertyOrigin
 0002:00002D88       GetThemeRect
 0002:00002D70       GetThemeString
 0002:00002DA8       GetThemeSysBool
 0002:00002DA0       GetThemeSysColor
 0002:00002DA4       GetThemeSysColorBrush
 0002:00002DB0       GetThemeSysFont
 0002:00002DB8       GetThemeSysInt
 0002:00002DAC       GetThemeSysSize
 0002:00002DB4       GetThemeSysString
 0002:00002D48       GetThemeTextExtent
 0002:00002D4C       GetThemeTextMetrics
 0001:00000328       GetThreadLocale
 0001:00005EE8       GetThreadLocale
 0001:00005EF0       GetTickCount
 0001:0000A5F4       GetTime
 0001:00005950       GetTlsSize
 0001:0007890C       GetTopMostWindows
 0001:00056990       GetTopParent
 0001:0003C268       GetTopWindow
 0001:000065D0       GetTopWindow
 0001:00015864       GetTypeData
 0001:000065D8       GetUpdateRect
 0001:00005EF8       GetUserDefaultLCID
 0001:000150A0       GetVarDataArrayInfo
 0001:00016378       GetVariantProp
 0001:00005F00       GetVersion
 0001:000003B0       GetVersion
 0001:00005F08       GetVersionEx
 0001:00015E98       GetWideStrProp
 0001:00015D7C       GetWideStrPropAsLongStr
 0001:000065E0       GetWindow
 0001:000065E8       GetWindowDC
 0001:000065F0       GetWindowLong
 0001:000065F8       GetWindowLongW
 0001:000061C0       GetWindowOrgEx
 0001:00006600       GetWindowPlacement
 0001:00006608       GetWindowRect
 0001:00006610       GetWindowText
 0001:00006620       GetWindowTextLengthW
 0001:00006618       GetWindowTextW
 0002:00002DC4       GetWindowTheme
 0001:00006630       GetWindowThreadProcessId
 0001:00006628       GetWindowThreadProcessId
 0001:000061B8       GetWinMetaFileBits
 0001:00005F10       GlobalAddAtom
 0001:00005F18       GlobalAlloc
 0001:00006950       GlobalAllocPtr
 0002:00001344       GlobalAppServices
 0001:00005F20       GlobalDeleteAtom
 0001:00005F28       GlobalFindAtom
 0002:0000286C       GlobalFixupList
 0001:0001D608       GlobalFixupReferences
 0001:00005F30       GlobalFree
 0001:0000697C       GlobalFreePtr
 0001:00005F40       GlobalHandle
 0001:00005F38       GlobalLock
 0002:00002850       GlobalNameSpace
 0001:00005F48       GlobalReAlloc
 0001:00006960       GlobalReAllocPtr
 0001:00005F50       GlobalSize
 0001:00005F58       GlobalUnlock
 0002:00000B98       GlyphCache
 0001:00036F5C       Graphics
 0001:0001918C       GroupDescendentsWith
 0002:00002FDC       GTntClipboard
 0001:00024800       GUIDToString
 0002:00000468       GUID_NULL
 0001:0000F810       HandleConversionException
 0001:00075A9C       HandleEdge
 0001:00099C4C       HandleException
 0001:0001EA6C       HandleException
 0001:00024488       HandleSafeCallException
 0001:000283FC       HasData
 0001:000501B8       HasPopup
 0002:00000024       HeapAllocFlags
 0002:000025C8       heapErrorCode
 0002:000025CC       heapLock
 0001:00038808       HelpIntfs
 0002:00002CE8       HelpManager
 0002:00002E0C       HelpMsg
 0002:00002EA8       HelpViewer
 0002:00002EAC       HelpViewerIntf
 0002:0000013C       HexDisplayPrefix
 0001:00022540       HexToBin
 0001:0000692C       HiByte
 0002:00000BDC       HideScrollBars
 0002:00000BE4       HideSelections
 0002:00000C18       HideSelections
 0002:00000D8C       HideSelections
 0001:0006404C       HideZone
 0001:0009A9E4       HIMETRICtoDP
 0002:00002668       HInstance
 0002:00002F64       HintDoneEvent
 0001:00078234       HintGetMsgHook
 0002:00002F68       HintHook
 0001:000781D8       HintMouseThread
 0002:00002F6C       HintThread
 0002:00002F60       HintThreadID
 0001:00078184       HintTimerProc
 0002:00001020       HintWindowClass
 0002:00002D54       HitTestThemeBackground
 0001:00006928       HiWord
 0001:00078278       HookHintHooks
 0001:00006AF0       HwndMSWheel
 0002:00000C94       IAlignment
 0002:00000FB4       IBreaks
 0002:00000FC0       IChecks
 0002:00000FC8       IDefaults
 0001:0002F758       IdentToCharset
 0001:0002F550       IdentToColor
 0001:0005679C       IdentToCursor
 0001:000193F0       IdentToInt
 0002:00000FD0       IEnables
 0001:0006C5E8       IfHotkeyAvailable
 0002:00002F3C       ImageListWriteExProc
 0001:00023C7C       ImageList_Add
 0001:00023C9C       ImageList_AddIcon
 0001:00023CCC       ImageList_BeginDrag
 0001:00023C64       ImageList_Create
 0001:00023C6C       ImageList_Destroy
 0001:00023CDC       ImageList_DragEnter
 0001:00023CE4       ImageList_DragLeave
 0001:00023CEC       ImageList_DragMove
 0001:00023CFC       ImageList_DragShowNolock
 0001:00023CAC       ImageList_Draw
 0001:00023CBC       ImageList_DrawEx
 0001:00023CD4       ImageList_EndDrag
 0001:00023C94       ImageList_GetBkColor
 0001:00023D04       ImageList_GetDragImage
 0001:00023D1C       ImageList_GetIconSize
 0001:00023C74       ImageList_GetImageCount
 0001:00023D0C       ImageList_Read
 0001:00023CC4       ImageList_Remove
 0001:00023CB4       ImageList_Replace
 0001:00023C84       ImageList_ReplaceIcon
 0001:00023C8C       ImageList_SetBkColor
 0001:00023CF4       ImageList_SetDragCursorImage
 0001:00023D24       ImageList_SetIconSize
 0001:00023D14       ImageList_Write
 0002:00000F24       Images
 0001:000682C8       ImgList
 0001:00037810       Imm
 0002:00000F08       IMM32DLL
 0001:00064C3C       Imm32IsIME
 0002:0000018C       IMSecsPerDay
 0001:0000FB9C       InBounds
 0001:0000F8FC       InBounds
 0001:0000FBCC       Increment
 0001:0000F92C       Increment
 0001:00023CA8       IndexToOverlayMask
 0001:00023D70       IndexToStateImageMask
 0001:00006638       InflateRect
 0001:00027010       IniFiles
 0001:00000C24       InitAllocator
 0001:00037058       InitAnApi
 0002:00002CD4       InitApis
 0001:0008F710       InitAtomStrings
 0001:0008F628       InitAtomStrings_D6_D7_D9
 0001:00023BD0       InitComCtl
 0001:00042F44       InitCommonControl
 0001:00023BC8       InitCommonControls
 0001:00023C30       InitCommonControlsEx
 0001:00025510       InitComObj
 0001:00019698       InitComponent
 0002:00002638       InitContext
 0001:00064CD8       InitControls
 0001:0008F718       InitControls
 0001:00036AD4       InitDefFontData
 0001:0000D938       InitDriveSpacePtr
 0001:0000C9D8       InitExceptions
 0001:00039898       InitFlatSB
 0001:0003C5C4       InitGlobals
 0001:00031AD8       InitializeBitmapInfoHeader
 0001:000003FC       InitializeCriticalSection
 0001:00005F60       InitializeCriticalSection
 0002:000025C4       initialized
 0001:00039854       InitializeFlatSB
 0001:00005A54       InitializeModule
 0001:0000E968       InitializeVarUtils
 0001:0002BD10       Initialize_UTF7_Data
 0001:000648DC       InitIMM32
 0001:00019740       InitInheritedComponent
 0001:0000D294       InitLeadBytes
 0001:00037734       InitMultiMonStubs
 0001:0009AD34       InitOlePro32
 0001:0000CADC       InitPlatformId
 0002:00002044       InitProc
 0001:0000599C       InitProcessTLS
 0001:0007ADFC       InitProcs
 0001:00036A58       InitScreenLogPixels
 0001:0000D30C       InitSysLocale
 0001:00039EC0       InitThemeLibrary
 0001:00022598       InitThreadSynchronization
 0001:00005958       InitThreadTLS
 0001:000030E4       InitUnits
 0001:00056480       InitWndProc
 0001:0008EC3C       InitWndProcW
 0002:00000EA8       InnerStyles
 0002:00002050       Input
 0001:0005BF38       InsertBefore
 0001:00077C5C       InsertBefore
 0001:00086134       InsertFormattingNode
 0001:000010D0       InsertFree
 0001:0006C69C       InsertHotkeyFarEastFormat
 0001:00006640       InsertMenu
 0001:00006648       InsertMenuItem
 0001:000A3254       InstallPlugin
 0002:00002888       InstBlockList
 0002:0000288C       InstFreeList
 0001:00014434       Int64Compare
 0001:00014420       IntCompare
 0002:00002860       IntConstList
 0001:000249F4       InterfaceConnect
 0001:00024AA0       InterfaceDisconnect
 0001:00005DF8       InterlockedDecrement
 0001:0000D9A0       InterlockedDecrement
 0001:000003A0       InterlockedDecrement
 0001:0000D9AC       InterlockedExchange
 0001:00005E00       InterlockedExchange
 0001:0000D9B4       InterlockedExchangeAdd
 0001:00000398       InterlockedIncrement
 0001:0000D994       InterlockedIncrement
 0001:00005E08       InterlockedIncrement
 0001:0002EC3C       InternalDeletePalette
 0001:00001D80       InternalFlush
 0001:00000F10       InternalFreeMem
 0001:00031C28       InternalGetDIB
 0001:00031BBC       InternalGetDIBSizes
 0001:00019530       InternalReadComponentRes
 0002:00002E90       InternalServices
 0001:000039BC       InternalUniqueString
 0001:000061C8       IntersectClipRect
 0001:00006650       IntersectRect
 0001:00005B34       IntersectRect
 0001:000085DC       IntToHex
 0001:00019430       IntToIdent
 0001:000085B4       IntToStr
 0001:000083E4       IntToStr
 0001:00006658       InvalidateRect
 0001:00030C28       InvalidBitmap
 0001:00030C10       InvalidGraphic
 0001:00030C34       InvalidIcon
 0001:00030C40       InvalidMetafile
 0001:00030BF8       InvalidOperation
 0001:0009AAFC       InvalidOperation
 0001:00018518       InvalidPoint
 0001:00018504       InvalidPoint
 0002:0000279C       InvalidPointer
 0002:000029D8       invbase64
 0001:00002608       InvokeImplGetter
 0001:00001CD4       IOResult
 0002:00000FF0       IOwnerDraw
 0002:00000FD8       IRadios
 0002:00000FE8       IRTL
 0001:00070C58       IsAccel
 0001:0006D87C       IsAccelChar
 0001:000168F4       IsAccelerator
 0002:00002DC0       IsAppThemed
 0001:00056FE8       IsBeforeTargetWindow
 0001:00006660       IsChild
 0001:0008E7C4       IsChildEdit
 0002:0000204C       IsConsole
 0002:000029D0       IsDebugging
 0001:00020F78       IsDefault
 0001:00020DF4       IsDefaultFloatProp
 0001:00020E50       IsDefaultInt64Prop
 0001:0002111C       IsDefaultInterfaceProp
 0001:000211F8       IsDefaultMethodProp
 0001:00020FD0       IsDefaultObjectProp
 0001:00020D9C       IsDefaultOrdProp
 0001:00028130       IsDefaultOrdPropertyValue
 0001:00021308       IsDefaultPropertyValue
 0001:00020EA8       IsDefaultStrProp
 0001:00021050       IsDefaultValue
 0001:00021270       IsDefaultVariantProp
 0001:0000CFC4       IsDelimiter
 0001:00057444       IsDelphiHandle
 0001:00006668       IsDialogMessage
 0001:00006670       IsDialogMessageA
 0001:00006678       IsDialogMessageW
 0002:00000FE0       ISeparators
 0001:0001689C       IsEqualIID
 0001:00006680       IsIconic
 0001:0006D8D8       IsInitialChar
 0001:0000A224       IsLeapYear
 0002:00002038       IsLibrary
 0002:0000204D       IsMultiThread
 0001:00061CFC       IsOrientationSet
 0001:0000CF90       IsPathDelimiter
 0001:00082BA0       IsPrefixed
 0001:00006688       IsRectEmpty
 0001:00005B94       IsRectEmpty
 0001:00027178       IsRelative
 0001:0009F5DC       IsRichEdit20Available
 0001:000571EC       IsSiteChildOfClient
 0001:00015AF4       IsStoredProp
 0001:0008E200       IsTextMessage
 0002:00002DBC       IsThemeActive
 0002:00002D64       IsThemeBackgroundPartiallyTransparent
 0002:00002DCC       IsThemeDialogTextureEnabled
 0002:00002D60       IsThemePartDefined
 0001:0008E1A0       IsUnicodeCreationControl
 0001:0001950C       IsUniqueGlobalComponentName
 0002:00002854       IsUniqueGlobalComponentNameProc
 0001:000082D4       IsValidIdent
 0001:0000D2F4       IsWesternGroup
 0001:000950EC       IsWideCharAccel
 0001:0002AE64       IsWideCharMappableToAnsi
 0001:0002ACBC       IsWideCharPunct
 0001:0002ACA4       IsWideCharSpace
 0001:00006690       IsWindow
 0001:00006698       IsWindowEnabled
 0001:000066A0       IsWindowUnicode
 0001:000066A8       IsWindowVisible
 0001:0002A524       IsWordSeparator
 0001:000066B0       IsZoomed
 0001:0006965C       Iterate
 0001:000696BC       IterateMenus
 0002:0000002C       JITEnable
 0001:0002C5C4       KeyboardCodePage
 0001:00070C0C       KeyboardStateToShiftState
 0001:00070BD0       KeyDataToShiftState
 0001:00070B7C       KeysToShiftState
 0001:0002C5D8       KeyUnicode
 0001:000066B8       KillTimer
 0001:00008A30       LastDelimiter
 0002:000029C0       Last_VerQueryValue_String
 0001:00005778       LCIDToCodePage
 0001:0002C550       LCIDToCodePage
 0001:0000D220       LCIDToCodePage
 0002:0000011C       LeadBytes
 0001:00005F68       LeaveCriticalSection
 0001:0000040C       LeaveCriticalSection
 0002:0000129C       LegacyTypeNames
 0002:00000034       LibModuleList
 0001:0009BFE0       LicenseCheck
 0001:000061D0       LineTo
 0001:000413A0       ListActns
 0001:00057FD4       ListAdd
 0001:000405AC       ListItemsCompare
 0001:00057FFC       ListRemove
 0002:00002752       ListSeparator
 0001:00023E84       ListView_Arrange
 0001:00023F30       ListView_CreateDragImage
 0001:00023DD4       ListView_DeleteAllItems
 0001:00023EDC       ListView_DeleteColumn
 0001:00023DBC       ListView_DeleteItem
 0001:00023E0C       ListView_FindItem
 0001:00024004       ListView_GetCheckState
 0001:00024100       ListView_GetColumnOrderArray
 0001:00023EF4       ListView_GetColumnWidth
 0001:00023E9C       ListView_GetEditControl
 0001:00023D74       ListView_GetItem
 0001:00023D60       ListView_GetItemCount
 0001:00023E1C       ListView_GetItemRect
 0001:00023FF4       ListView_GetItemState
 0001:00023DE8       ListView_GetNextItem
 0001:00023F8C       ListView_GetOrigin
 0001:000240BC       ListView_GetSelectedCount
 0001:00023F7C       ListView_GetTopIndex
[...]
   411 0001:000969C7   412 0001:000969D3   414 0001:000969D8   415 0001:000969E6
   418 0001:000969E7   403 0001:000969E8   421 0001:000969F3   422 0001:00096A16
   425 0001:00096AC6   430 0001:00096B1C   431 0001:00096B23   432 0001:00096B39
   433 0001:00096B48   432 0001:00096B59   434 0001:00096B5E   435 0001:00096B6F
   437 0001:00096B78   440 0001:00096B84   442 0001:00096B87   443 0001:00096B92
   447 0001:00096BBB   450 0001:00096BD7   567 0001:00096BDC   568 0001:00096BE3
   573 0001:00096BE4   574 0001:00096BEA   575 0001:00096BF3   576 0001:00096BFC
   581 0001:00096C00   582 0001:00096C04   583 0001:00096C1D   587 0001:00096C20
   588 0001:00096C25   591 0001:00096C28   592 0001:00096C46   596 0001:00096C96
   598 0001:00096CAF   599 0001:00096CF9   602 0001:00096D00   603 0001:00096D19
   604 0001:00096D23   605 0001:00096D56   608 0001:00096D5C   609 0001:00096D62
   610 0001:00096D72   613 0001:00096D78   614 0001:00096D7E   615 0001:00096D88
   619 0001:00096D8C   620 0001:00096DA3   623 0001:00096DA4   624 0001:00096DA8
   625 0001:00096DC1   628 0001:00096DC4   629 0001:00096DC7   630 0001:00096DCE
   631 0001:00096DDE   634 0001:00096DE0   635 0001:00096DE3   636 0001:00096DEC
   637 0001:00096DF3   638 0001:00096E03   640 0001:00096E0F   650 0001:00096E14
   651 0001:00096E1D   652 0001:00096E24   653 0001:00096E2B   654 0001:00096E34
   655 0001:00096E3B   657 0001:00096E6B   662 0001:00096E70   663 0001:00096E78
   664 0001:00096E96   665 0001:00096EB5   666 0001:00096EB9   668 0001:00096EC2
   669 0001:00096ECE   670 0001:00096EF2   672 0001:00096EFB   678 0001:00096F5C
   679 0001:00096F68   680 0001:00096F6F   681 0001:00096F76   682 0001:00096F7F
   683 0001:00096F86   686 0001:00096FB0   687 0001:00096FBA   688 0001:00096FC4
   690 0001:00096FE6   699 0001:00096FEC   700 0001:0009700C   701 0001:00097016
   702 0001:0009701D   703 0001:00097024   705 0001:00097030   707 0001:0009703A
   712 0001:00097097   713 0001:000970A2   716 0001:000970DA   717 0001:00097101
   719 0001:00097118   720 0001:00097122   723 0001:0009714A   726 0001:00097175
   734 0001:0009718C   735 0001:0009718D   736 0001:00097194   737 0001:00097198
   738 0001:0009719C   739 0001:000971AD   741 0001:000971B2   742 0001:000971B4
   743 0001:000971BF   757 0001:000971C4   758 0001:000971F8   759 0001:00097202
   760 0001:0009720C   762 0001:00097233   765 0001:00097250   766 0001:00097256
   769 0001:0009729F   771 0001:000972C0   772 0001:000972C4   773 0001:000972CA
   777 0001:000972D8   780 0001:000972E1   782 0001:000972E9   783 0001:000972EC
   784 0001:000972F0   785 0001:0009730F   787 0001:00097312   788 0001:0009731A
   790 0001:0009731F   791 0001:0009732E   793 0001:0009733C   794 0001:00097342
   796 0001:00097346   797 0001:0009734C   798 0001:0009735A   799 0001:00097369
   802 0001:00097376   803 0001:00097379   805 0001:0009737D   806 0001:00097381
   807 0001:00097387   808 0001:0009738D   810 0001:00097396   812 0001:0009739C
   813 0001:000973AB   815 0001:000973BE   820 0001:000973D7   821 0001:000973E1
   822 0001:000973E6   823 0001:000973EC   825 0001:000973F5   827 0001:000973FB
   828 0001:000973FE   829 0001:00097401   830 0001:00097412   831 0001:00097421
   833 0001:00097428   834 0001:00097435   835 0001:0009743E   836 0001:00097452
   837 0001:0009747C   839 0001:00097482   840 0001:00097487   842 0001:0009748D
   843 0001:000974AB   848 0001:000974C3   849 0001:000974CD   850 0001:000974ED
   852 0001:000974FF   853 0001:00097505   854 0001:0009750B   856 0001:0009752E
   857 0001:00097533   859 0001:0009753C   862 0001:00097580   868 0001:0009758C
   869 0001:000975B7   870 0001:000975C2   874 0001:0009760D   876 0001:00097629
   877 0001:00097634   878 0001:0009763F   879 0001:0009764D   880 0001:00097657
   881 0001:00097665   882 0001:0009766F   884 0001:00097686   886 0001:00097698
   888 0001:000976BC   889 0001:000976C6   890 0001:000976D4   891 0001:000976DF
   893 0001:000976F8   896 0001:00097712   898 0001:0009774E   905 0001:00097758
   906 0001:00097781   908 0001:00097796   910 0001:000977BB   911 0001:000977C5
   913 0001:000977D7   914 0001:000977DF   915 0001:000977E7   916 0001:000977F1
   917 0001:000977F7   919 0001:000977FD   920 0001:00097808   921 0001:0009782F
   924 0001:0009783C   925 0001:00097846   926 0001:0009784C   927 0001:00097864
   929 0001:0009786E   931 0001:00097874   932 0001:00097881   933 0001:0009788E
   934 0001:000978B5   936 0001:000978C2   937 0001:000978E2   938 0001:000978F1
   940 0001:000978FE   943 0001:0009794A   948 0001:00097960   949 0001:0009796C
   950 0001:0009797A   952 0001:000979A3   953 0001:000979AA   958 0001:000979B4
   959 0001:000979E3   961 0001:000979F9   963 0001:00097A10   964 0001:00097A25
   965 0001:00097A33   966 0001:00097A44   967 0001:00097A56   968 0001:00097A74
   969 0001:00097A95   970 0001:00097AA1   971 0001:00097ABE   974 0001:00097AF8
   976 0001:00097B15   978 0001:00097B69   996 0001:00097B70   997 0001:00097B75
  1000 0001:00097B78  1001 0001:00097B9A  1002 0001:00097BBB  1003 0001:00097BD5
  1004 0001:00097BE9  1005 0001:00097C03  1007 0001:00097C17  1008 0001:00097C44
  1076 0001:00097C5C  1077 0001:00097C80  1080 0001:00097C97  1081 0001:00097CA1
  1082 0001:00097CB0  1081 0001:00097CBF  1087 0001:00097CC7  1088 0001:00097CCB
  1089 0001:00097CD8  1091 0001:00097CE7  1093 0001:00097CED  1094 0001:00097CF6
  1095 0001:00097D0F  1098 0001:00097D18  1099 0001:00097D22  1100 0001:00097D39
  1102 0001:00097D3F  1103 0001:00097D64  1105 0001:00097D66  1089 0001:00097D67
  1106 0001:00097D6E  1109 0001:00097D7C  1110 0001:00097DA8  1117 0001:00097DB0
  1119 0001:00097DE8  1112 0001:00097DEC  1113 0001:00097DF5  1114 0001:00097E06
  1116 0001:00097E16

Line numbers for DualImportFrm(..\PluginCommon\DualImportFrm.pas) segment .text

    56 0001:00097E18    75 0001:0009813C    76 0001:00098158    77 0001:00098232
    80 0001:00098238    81 0001:00098253    82 0001:0009826F    83 0001:0009827E
    84 0001:0009829A    85 0001:000982C8    88 0001:000982D0    89 0001:000982EB
    90 0001:00098307    91 0001:00098316    92 0001:00098332    93 0001:00098360
    99 0001:00098368   100 0001:00098390   101 0001:0009839E   102 0001:000983AF
   103 0001:000983DE   104 0001:000983EC   105 0001:000983FB   106 0001:00098409
   108 0001:00098440   109 0001:0009844C   112 0001:0009846C   115 0001:00098489
   117 0001:00098499   119 0001:000984A6   120 0001:000984CC   123 0001:000984D9
   124 0001:000984E4   129 0001:000984F1   130 0001:00098514   133 0001:00098546
   135 0001:0009857C   141 0001:000985A4   142 0001:000985CC   143 0001:000985DC
   144 0001:000985EA   145 0001:000985F5   146 0001:00098624   147 0001:00098632
   148 0001:00098641   149 0001:0009864F   150 0001:0009865F   151 0001:0009866B
   153 0001:000986AA   156 0001:000986C7   159 0001:000986E6   161 0001:0009871C
   169 0001:00098744   170 0001:00098774   171 0001:00098784   173 0001:00098792
   174 0001:0009879A   175 0001:000987A3   176 0001:000987B3   177 0001:000987BF
   179 0001:000987DA   180 0001:000987FE   181 0001:0009881C   182 0001:0009882D
   183 0001:0009884C   184 0001:0009886A   185 0001:0009887B   186 0001:0009889A
   187 0001:000988AD   188 0001:000988B1   190 0001:000988EA   191 0001:00098915
   192 0001:00098940   193 0001:00098953   194 0001:0009897E   196 0001:000989A9
   197 0001:000989B3   198 0001:00098A1E   200 0001:00098A24   201 0001:00098A40
   203 0001:00098A5C   205 0001:00098A71   208 0001:00098B2B   211 0001:00098B34
   212 0001:00098B59   213 0001:00098B62   215 0001:00098B9E   216 0001:00098BC4
   219 0001:00098BCC   220 0001:00098C2E   221 0001:00098C33   222 0001:00098C71
   223 0001:00098C8E   224 0001:00098CA8   225 0001:00098CC6   226 0001:00098CE4
   227 0001:00098D02   228 0001:00098D1D   229 0001:00098D38   230 0001:00098D53
   231 0001:00098D6E   233 0001:00098D89   234 0001:00098D8E   236 0001:00098D96
   237 0001:00098D9C   238 0001:00098DA2   239 0001:00098DBD   240 0001:00098E00
   242 0001:00098E3C   242 0001:00098E43

Line numbers for ActiveIMM_TLB(ActiveIMM_TLB.pas) segment .text

   891 0001:0009E424   892 0001:0009E43A   893 0001:0009E473  1374 0001:0009E4B8
  1374 0001:0009E4BF

Line numbers for TntComCtrls(TntComCtrls.pas) segment .text

  2588 0001:0009F2B8  2589 0001:0009F2CA  2590 0001:0009F2D3  2591 0001:0009F2EE
  2596 0001:0009F2F4  2597 0001:0009F2FD  2598 0001:0009F315  2599 0001:0009F323
  2600 0001:0009F331  2602 0001:0009F346  2604 0001:0009F366  2609 0001:0009F36C
  2610 0001:0009F36E  2612 0001:0009F371  2613 0001:0009F375  2615 0001:0009F392
  2616 0001:0009F3AD  2618 0001:0009F3C2  2621 0001:0009F3C8  2622 0001:0009F3D2
  2623 0001:0009F3DC  2624 0001:0009F3EA  2626 0001:0009F401  2628 0001:0009F413
  2633 0001:0009F418  2634 0001:0009F421  2635 0001:0009F42D  2637 0001:0009F43A
  2638 0001:0009F44A  2641 0001:0009F450  2642 0001:0009F459  2643 0001:0009F465
  2645 0001:0009F472  2646 0001:0009F482  2649 0001:0009F488  2650 0001:0009F4A1
  2651 0001:0009F4AD  2653 0001:0009F4B8  2654 0001:0009F4F0  2657 0001:0009F4F8
  2658 0001:0009F511  2659 0001:0009F51D  2661 0001:0009F528  2662 0001:0009F560
  2667 0001:0009F568  2668 0001:0009F57F  2669 0001:0009F588  2670 0001:0009F59C
  2671 0001:0009F59F  2672 0001:0009F5A8  2673 0001:0009F5B8  2674 0001:0009F5D4
  2683 0001:0009F5DC  2684 0001:0009F5E5  2685 0001:0009F5F4  2686 0001:0009F5FE
  2696 0001:0009F61C  2697 0001:0009F622  2698 0001:0009F62B  2699 0001:0009F634
  2700 0001:0009F63B  2703 0001:0009F640  2704 0001:0009F646  2705 0001:0009F659
  2707 0001:0009F66C  2708 0001:0009F675  2714 0001:0009F694  2715 0001:0009F6B0
  2716 0001:0009F6B9  2718 0001:0009F6BF  2719 0001:0009F6C3  2720 0001:0009F6D1
  2721 0001:0009F6DF  2722 0001:0009F6F9  2723 0001:0009F709  2726 0001:0009F71C
  2729 0001:0009F74B  2735 0001:0009F754  2736 0001:0009F757  2738 0001:0009F75E
  2739 0001:0009F767  2740 0001:0009F77D  2743 0001:0009F780  2744 0001:0009F786
  2745 0001:0009F78F  2746 0001:0009F798  2749 0001:0009F79C  2750 0001:0009F7A7
  2751 0001:0009F7B2  2752 0001:0009F7C9  2755 0001:0009F7CC  2756 0001:0009F7D6
  2757 0001:0009F7E2  2758 0001:0009F7FB  2759 0001:0009F800  2763 0001:0009F808
  2764 0001:0009F81B  2766 0001:0009F81E  2767 0001:0009F820  2770 0001:0009F824
  2771 0001:0009F827  2772 0001:0009F832  2775 0001:0009F834  2776 0001:0009F84D
  2777 0001:0009F87E  2783 0001:0009F884  2784 0001:0009F8A6  2785 0001:0009F8B7
  2787 0001:0009F8CD  2788 0001:0009F8E5  2789 0001:0009F8F3  2790 0001:0009F90F
  2792 0001:0009F917  2793 0001:0009F922  2794 0001:0009F95D  2825 0001:0009F964
  2826 0001:0009F97D  2827 0001:0009F986  2828 0001:0009F991  2829 0001:0009F9C4
  2844 0001:0009F9CC  2845 0001:0009F9D1  2848 0001:0009F9D4  2849 0001:0009F9DA
  2850 0001:0009F9E3  2854 0001:0009F9E8  2855 0001:0009F9ED  2858 0001:0009F9F0
  2859 0001:0009F9F3  2860 0001:0009F9FD  2862 0001:0009FA02  2863 0001:0009FA09
  2866 0001:0009FA0C  2867 0001:0009FA2B  2868 0001:0009FA37  2870 0001:0009FA61
  2871 0001:0009FA6C  2872 0001:0009FA7A  2874 0001:0009FA91  2876 0001:0009FAC1
  2898 0001:0009FAC8  2899 0001:0009FAD3  2900 0001:0009FAE2  2902 0001:0009FAE9
  2903 0001:0009FB07  2904 0001:0009FB1F  2905 0001:0009FB28  2907 0001:0009FB2D
  2908 0001:0009FB33  2909 0001:0009FB3E  2908 0001:0009FB54  2910 0001:0009FB57
  2911 0001:0009FB66  2913 0001:0009FB6A  2915 0001:0009FB6C  2924 0001:0009FBD4
  2925 0001:0009FBDF  2926 0001:0009FBEE  2928 0001:0009FBF5  2929 0001:0009FC13
  2930 0001:0009FC15  2931 0001:0009FC1B  2932 0001:0009FC36  2933 0001:0009FC47
  2935 0001:0009FC4E  2936 0001:0009FC54  2937 0001:0009FC55  2939 0001:0009FC59
  2940 0001:0009FC6A  2941 0001:0009FC6E  2944 0001:0009FC7D  2931 0001:0009FC80
  2945 0001:0009FC86  2947 0001:0009FC8A  2960 0001:0009FCF4  2961 0001:0009FD1A
  2962 0001:0009FD24  2966 0001:0009FD44  2967 0001:0009FD50  2969 0001:0009FD5F
  2970 0001:0009FD64  2971 0001:0009FD6C  2972 0001:0009FD74  2973 0001:0009FD7F
  2974 0001:0009FD98  2976 0001:0009FDC2  2979 0001:0009FDCC  2980 0001:0009FDCF
  2981 0001:0009FDD6  2982 0001:0009FDDF  2985 0001:0009FDE4  2986 0001:0009FDEA
  2987 0001:0009FDFC  2992 0001:0009FE00  2993 0001:0009FE06  2994 0001:0009FE11
  2996 0001:0009FE1A  2997 0001:0009FE38  2998 0001:0009FE4F  3000 0001:0009FE6A
  3006 0001:0009FED0  3007 0001:0009FED7  3008 0001:0009FEE2  3010 0001:0009FEED
  3011 0001:0009FEF9  3012 0001:0009FEFB  3014 0001:0009FF18  3017 0001:0009FF1C
  3018 0001:0009FF25  3019 0001:0009FF30  3020 0001:0009FF3B  3023 0001:0009FF40
  3024 0001:0009FF43  3025 0001:0009FF53  5052 0001:0009FF58  5053 0001:0009FF7A
  5054 0001:0009FF88  5055 0001:0009FF91  5057 0001:0009FFBB  5049 0001:0009FFC0
  5051 0001:0009FFC7

Line numbers for CommonUtils(..\CommonUtils.pas) segment .text

   237 0001:000A0000   238 0001:000A001E   239 0001:000A0028   241 0001:000A0038
   242 0001:000A008E  1159 0001:000A00D4  1159 0001:000A00DB

Line numbers for PreviewExportFrm(..\PluginCommon\PreviewExportFrm.pas) segment .text

    62 0001:000A00DC    90 0001:000A03E8    91 0001:000A0414    92 0001:000A0418
    93 0001:000A0428    95 0001:000A0436    96 0001:000A043E    97 0001:000A044E
    98 0001:000A0459   100 0001:000A0473   101 0001:000A0497   102 0001:000A04C2
   103 0001:000A04ED   104 0001:000A0518   105 0001:000A0543   106 0001:000A0562
   107 0001:000A0573   108 0001:000A0584   109 0001:000A0594   110 0001:000A05A5
   111 0001:000A05B6   112 0001:000A05C9   113 0001:000A05E6   115 0001:000A060C
   116 0001:000A0610   117 0001:000A0627   119 0001:000A0642   121 0001:000A0657
   123 0001:000A06E1   126 0001:000A06EC   127 0001:000A0707   128 0001:000A0723
   129 0001:000A074A   131 0001:000A0759   132 0001:000A0760   134 0001:000A07A6
   137 0001:000A07AC   138 0001:000A07CA   140 0001:000A08A9   146 0001:000A0938
   147 0001:000A0960   148 0001:000A096E   149 0001:000A097F   150 0001:000A09AE
   151 0001:000A09BC   152 0001:000A09CB   153 0001:000A09D9   155 0001:000A0A10
   156 0001:000A0A1C   159 0001:000A0A3C   162 0001:000A0A59   164 0001:000A0A69
   166 0001:000A0A76   167 0001:000A0A9C   170 0001:000A0AA9   171 0001:000A0AB4
   176 0001:000A0AC1   177 0001:000A0AE4   180 0001:000A0B16   182 0001:000A0B4C
   188 0001:000A0B74   189 0001:000A0B9C   190 0001:000A0BAC   191 0001:000A0BBA
   192 0001:000A0BC5   193 0001:000A0BF4   194 0001:000A0C02   195 0001:000A0C11
   196 0001:000A0C1F   197 0001:000A0C2F   198 0001:000A0C3B   200 0001:000A0C7A
   203 0001:000A0C97   206 0001:000A0CB6   208 0001:000A0CEC   214 0001:000A0D14
   215 0001:000A0D36   220 0001:000A0D57   221 0001:000A0D5E   222 0001:000A0D68
   224 0001:000A0D98   225 0001:000A0DD1   226 0001:000A0DDF   227 0001:000A0DE4
   228 0001:000A0DF8   230 0001:000A0E0B   232 0001:000A0E11   233 0001:000A0E1A
   234 0001:000A0E24   236 0001:000A0E45   241 0001:000A0E83   242 0001:000A0ED6
   245 0001:000A0EDC   246 0001:000A0EFA   247 0001:000A0F03   248 0001:000A0F07
   249 0001:000A0FB2   252 0001:000A1010   253 0001:000A1035   254 0001:000A103E
   256 0001:000A107A   257 0001:000A10A0   260 0001:000A10A8   261 0001:000A1101
   262 0001:000A1106   263 0001:000A1150   264 0001:000A1162   265 0001:000A1174
   266 0001:000A1186   267 0001:000A1198   268 0001:000A11B2   269 0001:000A11D0
   270 0001:000A11EE   271 0001:000A1209   272 0001:000A1224   273 0001:000A123F
   274 0001:000A125A   275 0001:000A1269   277 0001:000A1278   278 0001:000A127D
   280 0001:000A1285   281 0001:000A128B   282 0001:000A1291   283 0001:000A12AC
   284 0001:000A12E2   287 0001:000A1464   288 0001:000A147E   289 0001:000A1498
   290 0001:000A14BF   291 0001:000A14F7   297 0001:000A14FC   298 0001:000A151D
   299 0001:000A1531   302 0001:000A153D   303 0001:000A1594   305 0001:000A1598
   306 0001:000A15A5   307 0001:000A15B5   308 0001:000A15DB   312 0001:000A15F4
   313 0001:000A15FB   315 0001:000A1672   316 0001:000A167E   317 0001:000A168B
   320 0001:000A16E5   324 0001:000A1734   325 0001:000A1739   329 0001:000A173C
   330 0001:000A1745   331 0001:000A1755   332 0001:000A175E   333 0001:000A1764
   336 0001:000A176B   338 0001:000A17A8   338 0001:000A17AF

Line numbers for WixParserImpl(WixParserImpl.pas) segment .text

    43 0001:000A17B0    59 0001:000A1934    60 0001:000A1951    61 0001:000A196B
    62 0001:000A1992    63 0001:000A19B9    64 0001:000A19E0    65 0001:000A1A29
    71 0001:000A1AB4    72 0001:000A1AEC    73 0001:000A1AF3    74 0001:000A1AFF
    75 0001:000A1B0B    76 0001:000A1B17    77 0001:000A1B20    78 0001:000A1B2C
    79 0001:000A1B38    80 0001:000A1B44    81 0001:000A1B50    82 0001:000A1B5C
    83 0001:000A1B65    84 0001:000A1B71    85 0001:000A1B7D    86 0001:000A1B89
    87 0001:000A1B9C    86 0001:000A1C0C    88 0001:000A1C11    89 0001:000A1C67
    92 0001:000A2134    93 0001:000A214B    94 0001:000A2168    97 0001:000A2170
    98 0001:000A2187    99 0001:000A21A4   102 0001:000A21AC   103 0001:000A21CE
   105 0001:000A21D9   107 0001:000A21E8   109 0001:000A21F7   111 0001:000A2213
   118 0001:000A22A8   119 0001:000A22CD   120 0001:000A22D3   121 0001:000A22DE
   122 0001:000A22EC   123 0001:000A22F4   124 0001:000A2301   125 0001:000A2310
   126 0001:000A231E   127 0001:000A232C   128 0001:000A233C   129 0001:000A2340
   130 0001:000A2351   134 0001:000A239F   135 0001:000A23B5   136 0001:000A23B9
   138 0001:000A23BD   139 0001:000A23CE   141 0001:000A23D9   144 0001:000A23EE
   145 0001:000A23F6   148 0001:000A2418   150 0001:000A244D   154 0001:000A2558
   155 0001:000A2594   156 0001:000A2599   157 0001:000A25AA   158 0001:000A25B9
   159 0001:000A25C8   161 0001:000A25D7   163 0001:000A25DC   165 0001:000A25E2
   166 0001:000A25EF   167 0001:000A25FC   170 0001:000A2601   171 0001:000A261A
   183 0001:000A2764   184 0001:000A2788   185 0001:000A278F   188 0001:000A27DE
   189 0001:000A27E6   190 0001:000A27EE   191 0001:000A27F9   192 0001:000A2807
   193 0001:000A282A   194 0001:000A2838   195 0001:000A2842   197 0001:000A2857
   198 0001:000A2881   199 0001:000A288B   200 0001:000A28AF   202 0001:000A28E8
   203 0001:000A2933   205 0001:000A293D   206 0001:000A2948   207 0001:000A2955
   208 0001:000A2977   209 0001:000A29A6   211 0001:000A29AC   212 0001:000A29B2
   215 0001:000A29D6   216 0001:000A29EC   219 0001:000A2A0E   221 0001:000A2A32
   199 0001:000A2A33   223 0001:000A2A3C   225 0001:000A2A61   226 0001:000A2A6E
   227 0001:000A2A7C   229 0001:000A2A91   230 0001:000A2ABB   231 0001:000A2AC5
   232 0001:000A2AE9   234 0001:000A2B22   235 0001:000A2B6D   237 0001:000A2B77
   238 0001:000A2BA3   240 0001:000A2BAD   241 0001:000A2BBB   242 0001:000A2BEA
   243 0001:000A2BF0   244 0001:000A2C18   247 0001:000A2C42   231 0001:000A2C43
   250 0001:000A2C4C   251 0001:000A2C56   252 0001:000A2C5D   254 0001:000A2C71
   255 0001:000A2C79   259 0001:000A2C8C   260 0001:000A2D81   263 0001:000A2EBC
   264 0001:000A2ED3   265 0001:000A2EF4   268 0001:000A2EFC   269 0001:000A2F1C
   270 0001:000A2F2A   271 0001:000A2F64   272 0001:000A2F72   273 0001:000A2F9C
   275 0001:000A2FD3   278 0001:000A2FF2   280 0001:000A303D   283 0001:000A30A0
   284 0001:000A30BE   285 0001:000A30CC   286 0001:000A3106   287 0001:000A3114
   288 0001:000A312D   289 0001:000A3146   291 0001:000A315B   294 0001:000A317A
   296 0001:000A31B8   298 0001:000A324C   298 0001:000A3253

Line numbers for WixParser(C:\Program\Borland\projects\private\translator\trunk\src\WixPlugin\WixParser.dpr) segment .text

    35 0001:000A3254    36 0001:000A3262    37 0001:000A327F    38 0001:000A3281
    41 0001:000A35E0    43 0001:000A35F0

Bound resource files

C:\Program\Borland\Delphi7\\Lib\buttons.res
C:\Program\Borland\Delphi7\\Lib\extdlgs.res
C:\Program\Borland\Delphi7\\Lib\controls.res
DualImportFrm.dfm
PreviewExportFrm.dfm
WixParser.res
C:\DOCUME~1\pt\LOKALA~1\Temp\dtf86.tmp


Program entry point at 0001:000A35E0
