
 Start         Length     Name                   Class
 0001:00000000 00091630H .text                   CODE
 0002:00000000 000016FCH .data                   DATA
 0002:000016FC 0000103DH .bss                    BSS


Detailed map of segments

 0001:00000000 0000596B C=CODE     S=.text    G=(none)   M=System   ACBP=A9
 0001:0000596C 00000140 C=CODE     S=.text    G=(none)   M=SysInit  ACBP=A9
 0001:00005AAC 00000134 C=CODE     S=.text    G=(none)   M=Types    ACBP=A9
 0001:00005BE0 00000FCC C=CODE     S=.text    G=(none)   M=Windows  ACBP=A9
 0001:00006BAC 00000038 C=CODE     S=.text    G=(none)   M=Messages ACBP=A9
 0001:00006BE4 00000338 C=CODE     S=.text    G=(none)   M=SysConst ACBP=A9
 0001:00006F1C 000077E8 C=CODE     S=.text    G=(none)   M=SysUtils ACBP=A9
 0001:0000E704 000007FB C=CODE     S=.text    G=(none)   M=VarUtils ACBP=A9
 0001:0000EF00 000068D2 C=CODE     S=.text    G=(none)   M=Variants ACBP=A9
 0001:000157D4 00000140 C=CODE     S=.text    G=(none)   M=RTLConsts ACBP=A9
 0001:00015914 00000E28 C=CODE     S=.text    G=(none)   M=TypInfo  ACBP=A9
 0001:0001673C 00000340 C=CODE     S=.text    G=(none)   M=ActiveX  ACBP=A9
 0001:00016A7C 0000C822 C=CODE     S=.text    G=(none)   M=Classes  ACBP=A9
 0001:000232A0 00000318 C=CODE     S=.text    G=(none)   M=Consts   ACBP=A9
 0001:000235B8 000094D3 C=CODE     S=.text    G=(none)   M=Graphics ACBP=A9
 0001:0002CA8C 00000048 C=CODE     S=.text    G=(none)   M=Math     ACBP=A9
 0001:0002CAD4 0000054C C=CODE     S=.text    G=(none)   M=Contnrs  ACBP=A9
 0001:0002D020 000005A8 C=CODE     S=.text    G=(none)   M=CommCtrl ACBP=A9
 0001:0002D5C8 00000787 C=CODE     S=.text    G=(none)   M=MultiMon ACBP=A9
 0001:0002DD50 00000038 C=CODE     S=.text    G=(none)   M=Imm      ACBP=A9
 0001:0002DD88 00000FF8 C=CODE     S=.text    G=(none)   M=HelpIntfs ACBP=A9
 0001:0002ED80 00000058 C=CODE     S=.text    G=(none)   M=WinSpool ACBP=A9
 0001:0002EDD8 00000FB8 C=CODE     S=.text    G=(none)   M=Printers ACBP=A9
 0001:0002FD90 0000031F C=CODE     S=.text    G=(none)   M=FlatSB   ACBP=A9
 0001:000300B0 000001A4 C=CODE     S=.text    G=(none)   M=SyncObjs ACBP=A9
 0001:00030254 000009BB C=CODE     S=.text    G=(none)   M=UxTheme  ACBP=A9
 0001:00030C10 00000038 C=CODE     S=.text    G=(none)   M=RichEdit ACBP=A9
 0001:00030C48 00000038 C=CODE     S=.text    G=(none)   M=ToolWin  ACBP=A9
 0001:00030C80 00000040 C=CODE     S=.text    G=(none)   M=ShellAPI ACBP=A9
 0001:00030CC0 00000038 C=CODE     S=.text    G=(none)   M=RegStr   ACBP=A9
 0001:00030CF8 00000038 C=CODE     S=.text    G=(none)   M=WinInet  ACBP=A9
 0001:00030D30 00000038 C=CODE     S=.text    G=(none)   M=UrlMon   ACBP=A9
 0001:00030D68 000000A0 C=CODE     S=.text    G=(none)   M=ShlObj   ACBP=A9
 0001:00030E08 00000048 C=CODE     S=.text    G=(none)   M=CommDlg  ACBP=A9
 0001:00030E50 00000038 C=CODE     S=.text    G=(none)   M=Dlgs     ACBP=A9
 0001:00030E88 000024A5 C=CODE     S=.text    G=(none)   M=Dialogs  ACBP=A9
 0001:00033330 00001B06 C=CODE     S=.text    G=(none)   M=ExtCtrls ACBP=A9
 0001:00034E38 00000060 C=CODE     S=.text    G=(none)   M=ComStrs  ACBP=A9
 0001:00034E98 00000094 C=CODE     S=.text    G=(none)   M=Clipbrd  ACBP=A9
 0001:00034F2C 00000038 C=CODE     S=.text    G=(none)   M=StrUtils ACBP=A9
 0001:00034F64 00002731 C=CODE     S=.text    G=(none)   M=Buttons  ACBP=A9
 0001:00037698 00000038 C=CODE     S=.text    G=(none)   M=ExtDlgs  ACBP=A9
 0001:000376D0 00001028 C=CODE     S=.text    G=(none)   M=IniFiles ACBP=A9
 0001:000386F8 0000079C C=CODE     S=.text    G=(none)   M=Registry ACBP=A9
 0001:00038E94 0000006C C=CODE     S=.text    G=(none)   M=Mapi     ACBP=A9
 0001:00038F00 00000058 C=CODE     S=.text    G=(none)   M=ExtActns ACBP=A9
 0001:00038F58 00001C44 C=CODE     S=.text    G=(none)   M=ListActns ACBP=A9
 0001:0003AB9C 0000ECB0 C=CODE     S=.text    G=(none)   M=ComCtrls ACBP=A9
 0001:0004984C 00000C14 C=CODE     S=.text    G=(none)   M=Themes   ACBP=A9
 0001:0004A460 00004FB8 C=CODE     S=.text    G=(none)   M=StdCtrls ACBP=A9
 0001:0004F418 00000168 C=CODE     S=.text    G=(none)   M=StdActns ACBP=A9
 0001:0004F580 00000D1F C=CODE     S=.text    G=(none)   M=WinHelpViewer ACBP=A9
 0001:000502A0 00011387 C=CODE     S=.text    G=(none)   M=Controls ACBP=A9
 0001:00061628 0000177A C=CODE     S=.text    G=(none)   M=ActnList ACBP=A9
 0001:00062DA4 00001B9C C=CODE     S=.text    G=(none)   M=ImgList  ACBP=A9
 0001:00064940 00006755 C=CODE     S=.text    G=(none)   M=Menus    ACBP=A9
 0001:0006B098 0000C668 C=CODE     S=.text    G=(none)   M=Forms    ACBP=A9
 0001:00077700 00000060 C=CODE     S=.text    G=(none)   M=ComConst ACBP=A9
 0001:00077760 000011B5 C=CODE     S=.text    G=(none)   M=ComObj   ACBP=A9
 0001:00078918 000003BC C=CODE     S=.text    G=(none)   M=TntWideStrUtils ACBP=A9
 0001:00078CD4 00002BA5 C=CODE     S=.text    G=(none)   M=TntClasses ACBP=A9
 0001:0007B87C 00000038 C=CODE     S=.text    G=(none)   M=TntFormatStrUtils ACBP=A9
 0001:0007B8B4 000006EA C=CODE     S=.text    G=(none)   M=TntSysUtils ACBP=A9
 0001:0007BFA0 00000993 C=CODE     S=.text    G=(none)   M=TntWindows ACBP=A9
 0001:0007C934 00000E62 C=CODE     S=.text    G=(none)   M=TntSystem ACBP=A9
 0001:0007D798 00001720 C=CODE     S=.text    G=(none)   M=TntWideStrings ACBP=A9
 0001:0007EEB8 000000D8 C=CODE     S=.text    G=(none)   M=TntGraphics ACBP=A9
 0001:0007EF90 00001EC0 C=CODE     S=.text    G=(none)   M=TntControls ACBP=A9
 0001:00080E50 00001A98 C=CODE     S=.text    G=(none)   M=TntActnList ACBP=A9
 0001:000828E8 000000C3 C=CODE     S=.text    G=(none)   M=CheckLst ACBP=A9
 0001:000829AC 00002AD4 C=CODE     S=.text    G=(none)   M=TntStdCtrls ACBP=A9
 0001:00085480 00000044 C=CODE     S=.text    G=(none)   M=TntClipBrd ACBP=A9
 0001:000854C4 00000DD8 C=CODE     S=.text    G=(none)   M=TntExtCtrls ACBP=A9
 0001:0008629C 0000016C C=CODE     S=.text    G=(none)   M=TntDialogs ACBP=A9
 0001:00086408 00000308 C=CODE     S=.text    G=(none)   M=TntStdActns ACBP=A9
 0001:00086710 00000C38 C=CODE     S=.text    G=(none)   M=TntForms ACBP=A9
 0001:00087348 00001C03 C=CODE     S=.text    G=(none)   M=TntMenus ACBP=A9
 0001:00088F4C 00000060 C=CODE     S=.text    G=(none)   M=OleConst ACBP=A9
 0001:00088FAC 000008EA C=CODE     S=.text    G=(none)   M=OleServer ACBP=A9
 0001:00089898 00000038 C=CODE     S=.text    G=(none)   M=StdVCL   ACBP=A9
 0001:000898D0 00001793 C=CODE     S=.text    G=(none)   M=AxCtrls  ACBP=A9
 0001:0008B064 00003469 C=CODE     S=.text    G=(none)   M=OleCtrls ACBP=A9
 0001:0008E4D0 000000F8 C=CODE     S=.text    G=(none)   M=ActiveIMM_TLB ACBP=A9
 0001:0008E5C8 00001A30 C=CODE     S=.text    G=(none)   M=TntComCtrls ACBP=A9
 0001:0008FFF8 00000040 C=CODE     S=.text    G=(none)   M=SHFolder ACBP=A9
 0001:00090038 00001298 C=CODE     S=.text    G=(none)   M=MainFrm  ACBP=A9
 0001:000912D0 00000360 C=CODE     S=.text    G=(none)   M=MSDictBuild ACBP=A9
 0002:00000000 0000009C C=DATA     S=.data    G=DGROUP   M=System   ACBP=A9
 0002:0000009C 00000020 C=DATA     S=.data    G=DGROUP   M=SysInit  ACBP=A9
 0002:000000BC 00000254 C=DATA     S=.data    G=DGROUP   M=SysUtils ACBP=A9
 0002:00000310 00000008 C=DATA     S=.data    G=DGROUP   M=VarUtils ACBP=A9
 0002:00000318 00000136 C=DATA     S=.data    G=DGROUP   M=Variants ACBP=A9
 0002:00000450 0000000C C=DATA     S=.data    G=DGROUP   M=TypInfo  ACBP=A9
 0002:0000045C 00000010 C=DATA     S=.data    G=DGROUP   M=ActiveX  ACBP=A9
 0002:0000046C 000000E4 C=DATA     S=.data    G=DGROUP   M=Classes  ACBP=A9
 0002:00000550 00000304 C=DATA     S=.data    G=DGROUP   M=Graphics ACBP=A9
 0002:00000854 00000004 C=DATA     S=.data    G=DGROUP   M=Printers ACBP=A9
 0002:00000858 00000010 C=DATA     S=.data    G=DGROUP   M=ShlObj   ACBP=A9
 0002:00000868 00000114 C=DATA     S=.data    G=DGROUP   M=Dialogs  ACBP=A9
 0002:0000097C 0000018C C=DATA     S=.data    G=DGROUP   M=ExtCtrls ACBP=A9
 0002:00000B08 00000046 C=DATA     S=.data    G=DGROUP   M=Buttons  ACBP=A9
 0002:00000B50 00000008 C=DATA     S=.data    G=DGROUP   M=IniFiles ACBP=A9
 0002:00000B58 00000008 C=DATA     S=.data    G=DGROUP   M=Registry ACBP=A9
 0002:00000B60 00000008 C=DATA     S=.data    G=DGROUP   M=Mapi     ACBP=A9
 0002:00000B68 00000144 C=DATA     S=.data    G=DGROUP   M=ComCtrls ACBP=A9
 0002:00000CAC 00000068 C=DATA     S=.data    G=DGROUP   M=Themes   ACBP=A9
 0002:00000D14 00000090 C=DATA     S=.data    G=DGROUP   M=StdCtrls ACBP=A9
 0002:00000DA4 0000013C C=DATA     S=.data    G=DGROUP   M=Controls ACBP=A9
 0002:00000EE0 00000020 C=DATA     S=.data    G=DGROUP   M=ImgList  ACBP=A9
 0002:00000F00 000000EC C=DATA     S=.data    G=DGROUP   M=Menus    ACBP=A9
 0002:00000FEC 0000011C C=DATA     S=.data    G=DGROUP   M=Forms    ACBP=A9
 0002:00001108 00000030 C=DATA     S=.data    G=DGROUP   M=ComObj   ACBP=A9
 0002:00001138 00000020 C=DATA     S=.data    G=DGROUP   M=TntSysUtils ACBP=A9
 0002:00001158 00000004 C=DATA     S=.data    G=DGROUP   M=TntWindows ACBP=A9
 0002:0000115C 00000011 C=DATA     S=.data    G=DGROUP   M=TntSystem ACBP=A9
 0002:00001170 00000010 C=DATA     S=.data    G=DGROUP   M=TntControls ACBP=A9
 0002:00001180 0000000C C=DATA     S=.data    G=DGROUP   M=TntExtCtrls ACBP=A9
 0002:0000118C 0000002C C=DATA     S=.data    G=DGROUP   M=TntDialogs ACBP=A9
 0002:000011B8 00000004 C=DATA     S=.data    G=DGROUP   M=TntForms ACBP=A9
 0002:000011BC 00000006 C=DATA     S=.data    G=DGROUP   M=TntMenus ACBP=A9
 0002:000011C4 0000002C C=DATA     S=.data    G=DGROUP   M=OleCtrls ACBP=A9
 0002:000011F0 00000010 C=DATA     S=.data    G=DGROUP   M=ActiveIMM_TLB ACBP=A9
 0002:00001200 00000008 C=DATA     S=.data    G=DGROUP   M=TntComCtrls ACBP=A9
 0002:00002000 00000664 C=BSS      S=.bss     G=DGROUP   M=System   ACBP=A9
 0002:00002664 00000010 C=BSS      S=.bss     G=DGROUP   M=SysInit  ACBP=A9
 0002:00002674 00000004 C=BSS      S=.bss     G=DGROUP   M=Types    ACBP=A9
 0002:00002678 00000004 C=BSS      S=.bss     G=DGROUP   M=Windows  ACBP=A9
 0002:0000267C 00000004 C=BSS      S=.bss     G=DGROUP   M=Messages ACBP=A9
 0002:00002680 00000004 C=BSS      S=.bss     G=DGROUP   M=SysConst ACBP=A9
 0002:00002684 00000120 C=BSS      S=.bss     G=DGROUP   M=SysUtils ACBP=A9
 0002:000027A4 0000005C C=BSS      S=.bss     G=DGROUP   M=VarUtils ACBP=A9
 0002:00002800 00000040 C=BSS      S=.bss     G=DGROUP   M=Variants ACBP=A9
 0002:00002840 00000004 C=BSS      S=.bss     G=DGROUP   M=RTLConsts ACBP=A9
 0002:00002844 00000004 C=BSS      S=.bss     G=DGROUP   M=TypInfo  ACBP=A9
 0002:00002848 00000004 C=BSS      S=.bss     G=DGROUP   M=ActiveX  ACBP=A9
 0002:0000284C 00000040 C=BSS      S=.bss     G=DGROUP   M=Classes  ACBP=A9
 0002:0000288C 00000004 C=BSS      S=.bss     G=DGROUP   M=Consts   ACBP=A9
 0002:00002890 00000060 C=BSS      S=.bss     G=DGROUP   M=Graphics ACBP=A9
 0002:000028F0 00000004 C=BSS      S=.bss     G=DGROUP   M=Math     ACBP=A9
 0002:000028F4 00000004 C=BSS      S=.bss     G=DGROUP   M=Contnrs  ACBP=A9
 0002:000028F8 0000000C C=BSS      S=.bss     G=DGROUP   M=CommCtrl ACBP=A9
 0002:00002904 00000031 C=BSS      S=.bss     G=DGROUP   M=MultiMon ACBP=A9
 0002:00002938 00000004 C=BSS      S=.bss     G=DGROUP   M=Imm      ACBP=A9
 0002:0000293C 00000008 C=BSS      S=.bss     G=DGROUP   M=HelpIntfs ACBP=A9
 0002:00002944 00000004 C=BSS      S=.bss     G=DGROUP   M=WinSpool ACBP=A9
 0002:00002948 00000004 C=BSS      S=.bss     G=DGROUP   M=Printers ACBP=A9
 0002:0000294C 00000034 C=BSS      S=.bss     G=DGROUP   M=FlatSB   ACBP=A9
 0002:00002980 00000004 C=BSS      S=.bss     G=DGROUP   M=SyncObjs ACBP=A9
 0002:00002984 000000CC C=BSS      S=.bss     G=DGROUP   M=UxTheme  ACBP=A9
 0002:00002A50 00000004 C=BSS      S=.bss     G=DGROUP   M=RichEdit ACBP=A9
 0002:00002A54 00000004 C=BSS      S=.bss     G=DGROUP   M=ToolWin  ACBP=A9
 0002:00002A58 00000004 C=BSS      S=.bss     G=DGROUP   M=ShellAPI ACBP=A9
 0002:00002A5C 00000004 C=BSS      S=.bss     G=DGROUP   M=RegStr   ACBP=A9
 0002:00002A60 00000004 C=BSS      S=.bss     G=DGROUP   M=WinInet  ACBP=A9
 0002:00002A64 00000004 C=BSS      S=.bss     G=DGROUP   M=UrlMon   ACBP=A9
 0002:00002A68 00000004 C=BSS      S=.bss     G=DGROUP   M=ShlObj   ACBP=A9
 0002:00002A6C 00000004 C=BSS      S=.bss     G=DGROUP   M=CommDlg  ACBP=A9
 0002:00002A70 00000004 C=BSS      S=.bss     G=DGROUP   M=Dlgs     ACBP=A9
 0002:00002A74 00000038 C=BSS      S=.bss     G=DGROUP   M=Dialogs  ACBP=A9
 0002:00002AAC 00000004 C=BSS      S=.bss     G=DGROUP   M=ExtCtrls ACBP=A9
 0002:00002AB0 00000004 C=BSS      S=.bss     G=DGROUP   M=ComStrs  ACBP=A9
 0002:00002AB4 0000000C C=BSS      S=.bss     G=DGROUP   M=Clipbrd  ACBP=A9
 0002:00002AC0 00000004 C=BSS      S=.bss     G=DGROUP   M=StrUtils ACBP=A9
 0002:00002AC4 00000030 C=BSS      S=.bss     G=DGROUP   M=Buttons  ACBP=A9
 0002:00002AF4 00000004 C=BSS      S=.bss     G=DGROUP   M=ExtDlgs  ACBP=A9
 0002:00002AF8 00000004 C=BSS      S=.bss     G=DGROUP   M=IniFiles ACBP=A9
 0002:00002AFC 00000004 C=BSS      S=.bss     G=DGROUP   M=Registry ACBP=A9
 0002:00002B00 00000004 C=BSS      S=.bss     G=DGROUP   M=Mapi     ACBP=A9
 0002:00002B04 00000009 C=BSS      S=.bss     G=DGROUP   M=ExtActns ACBP=A9
 0002:00002B10 00000004 C=BSS      S=.bss     G=DGROUP   M=ListActns ACBP=A9
 0002:00002B14 00000015 C=BSS      S=.bss     G=DGROUP   M=ComCtrls ACBP=A9
 0002:00002B2C 00000008 C=BSS      S=.bss     G=DGROUP   M=Themes   ACBP=A9
 0002:00002B34 00000004 C=BSS      S=.bss     G=DGROUP   M=StdCtrls ACBP=A9
 0002:00002B38 00000004 C=BSS      S=.bss     G=DGROUP   M=StdActns ACBP=A9
 0002:00002B3C 00000014 C=BSS      S=.bss     G=DGROUP   M=WinHelpViewer ACBP=A9
 0002:00002B50 00000080 C=BSS      S=.bss     G=DGROUP   M=Controls ACBP=A9
 0002:00002BD0 00000004 C=BSS      S=.bss     G=DGROUP   M=ActnList ACBP=A9
 0002:00002BD4 0000000C C=BSS      S=.bss     G=DGROUP   M=ImgList  ACBP=A9
 0002:00002BE0 00000010 C=BSS      S=.bss     G=DGROUP   M=Menus    ACBP=A9
 0002:00002BF0 00000020 C=BSS      S=.bss     G=DGROUP   M=Forms    ACBP=A9
 0002:00002C10 00000004 C=BSS      S=.bss     G=DGROUP   M=ComConst ACBP=A9
 0002:00002C14 00000011 C=BSS      S=.bss     G=DGROUP   M=ComObj   ACBP=A9
 0002:00002C28 00000004 C=BSS      S=.bss     G=DGROUP   M=TntWideStrUtils ACBP=A9
 0002:00002C2C 00000008 C=BSS      S=.bss     G=DGROUP   M=TntClasses ACBP=A9
 0002:00002C34 00000004 C=BSS      S=.bss     G=DGROUP   M=TntFormatStrUtils ACBP=A9
 0002:00002C38 000000CC C=BSS      S=.bss     G=DGROUP   M=TntSysUtils ACBP=A9
 0002:00002D04 00000008 C=BSS      S=.bss     G=DGROUP   M=TntWindows ACBP=A9
 0002:00002D0C 00000284 C=BSS      S=.bss     G=DGROUP   M=TntSystem ACBP=A9
 0002:00002F90 00000004 C=BSS      S=.bss     G=DGROUP   M=TntWideStrings ACBP=A9
 0002:00002F94 00000004 C=BSS      S=.bss     G=DGROUP   M=TntGraphics ACBP=A9
 0002:00002F98 00000018 C=BSS      S=.bss     G=DGROUP   M=TntControls ACBP=A9
 0002:00002FB0 00000004 C=BSS      S=.bss     G=DGROUP   M=TntActnList ACBP=A9
 0002:00002FB4 0000000C C=BSS      S=.bss     G=DGROUP   M=CheckLst ACBP=A9
 0002:00002FC0 00000004 C=BSS      S=.bss     G=DGROUP   M=TntStdCtrls ACBP=A9
 0002:00002FC4 00000008 C=BSS      S=.bss     G=DGROUP   M=TntClipBrd ACBP=A9
 0002:00002FCC 00000004 C=BSS      S=.bss     G=DGROUP   M=TntExtCtrls ACBP=A9
 0002:00002FD0 00000004 C=BSS      S=.bss     G=DGROUP   M=TntDialogs ACBP=A9
 0002:00002FD4 00000004 C=BSS      S=.bss     G=DGROUP   M=TntStdActns ACBP=A9
 0002:00002FD8 0000000C C=BSS      S=.bss     G=DGROUP   M=TntForms ACBP=A9
 0002:00002FE4 00000008 C=BSS      S=.bss     G=DGROUP   M=TntMenus ACBP=A9
 0002:00002FEC 00000004 C=BSS      S=.bss     G=DGROUP   M=OleConst ACBP=A9
 0002:00002FF0 00000004 C=BSS      S=.bss     G=DGROUP   M=OleServer ACBP=A9
 0002:00002FF4 00000004 C=BSS      S=.bss     G=DGROUP   M=StdVCL   ACBP=A9
 0002:00002FF8 0000001C C=BSS      S=.bss     G=DGROUP   M=AxCtrls  ACBP=A9
 0002:00003014 00000014 C=BSS      S=.bss     G=DGROUP   M=OleCtrls ACBP=A9
 0002:00003028 00000004 C=BSS      S=.bss     G=DGROUP   M=ActiveIMM_TLB ACBP=A9
 0002:0000302C 00000004 C=BSS      S=.bss     G=DGROUP   M=TntComCtrls ACBP=A9
 0002:00003030 00000004 C=BSS      S=.bss     G=DGROUP   M=SHFolder ACBP=A9
 0002:00003034 00000008 C=BSS      S=.bss     G=DGROUP   M=MainFrm  ACBP=A9


  Address         Publics by Name

 0002:00002FF8       .02
 0002:00002924       .1
 0002:00002840       .1
 0002:0000296C       .1
 0002:00002C28       .1
 0002:00002B00       .1
 0002:00002C10       .1
 0002:00002A40       .1
 0002:00002AB0       .1
 0002:00002A50       .1
 0002:00002680       .1
 0002:00002FF4       .1
 0002:00002B44       .1
 0002:00002D10       .1
 0002:00002FEC       .1
 0002:00002674       .1
 0002:00002A58       .1
 0002:00002A5C       .1
 0002:00002A60       .1
 0002:00002A64       .1
 0002:00002938       .1
 0002:00002D04       .1
 0002:0000267C       .1
 0002:00002AC0       .1
 0002:00002A68       .1
 0002:00002A6C       .1
 0002:000028F8       .1
 0002:00002A70       .1
 0002:0000266C       .1
 0002:00003030       .1
 0002:0000288C       .1
 0002:00002A74       .11
 0002:00002894       .12
 0002:00002AAC       .12
 0002:000028F0       .2
 0002:00002FB4       .2
 0002:00002FC4       .2
 0002:00002C34       .2
 0002:00003038       .2
 0002:0000293C       .2
 0002:00002B2C       .2
 0002:00002F94       .2
 0002:00002AB8       .2
 0002:00002FCC       .21
 0002:000028F4       .21
 0002:00002FB0       .21
 0002:00003028       .3
 0002:00002944       .3
 0002:00002FD0       .3
 0002:00002AF4       .3
 0002:00002678       .3
 0002:00002BD4       .3
 0002:00002848       .3
 0002:00002948       .3
 0002:00002F9C       .3
 0002:00002FF0       .3
 0002:00002F90       .3
 0002:00002C30       .31
 0002:00002794       .35
 0002:00002B14       .36
 0002:00002C40       .4
 0002:00002AC4       .4
 0002:00002A54       .4
 0002:00002BF8       .41
 0002:00002C14       .41
 0002:00002B34       .42
 0002:0000302C       .43
 0002:00002858       .45
 0002:000025BC       .5
 0002:00003024       .5
 0002:000027FC       .5
 0002:00002FE8       .5
 0002:00002AFC       .5
 0002:00002FC0       .52
 0002:00002844       .6
 0002:00002980       .6
 0002:00002FDC       .6
 0002:00002B04       .72
 0002:00002B58       .72
 0002:00002FD4       .73
 0002:00002B38       .73
 0002:00002BD0       .8
 0002:00002B10       .8
 0002:00002AF8       .8
 0002:00002820       .81
 0002:00002BE8       .9
 0001:00001F24       @AbstractError
 0001:00002B14       @AfterConstruction
 0001:00002900       @AsClass
 0001:0000352C       @Assert
 0001:0000208C       @AStrCmp
 0001:00002B24       @BeforeDestruction
 0001:00002680       @BoundErr
 0001:0000294C       @CallDynaInst
 0001:00002ABC       @ClassCreate
 0001:00002B0C       @ClassDestroy
 0001:00001F94       @Close
 0001:00001C64       @Copy
 0001:000045BC       @CopyArray
 0001:000044A0       @CopyRecord
 0001:00004728       @DispCallByIDError
 0001:0000FAE0       @DispInvokeError
 0001:000046C4       @Dispose
 0001:00002FA0       @DoneExcept
 0001:00004B9C       @DynArrayAsg
 0001:00004B60       @DynArrayClear
 0001:00004980       @DynArrayHigh
 0001:00004978       @DynArrayLength
 0001:00004B54       @DynArraySetLength
 0001:00003088       @ExceptionHandler
 0001:000020FC       @FillChar
 0001:0000447C       @Finalize
 0001:00004390       @FinalizeArray
 0001:00004344       @FinalizeRecord
 0001:00002964       @FindDynaInst
 0001:00002674       @FpuInit
 0001:000025B0       @FpuMaskInit
 0001:00001AD8       @FreeMem
 0001:00001AA8       @GetMem
 0001:000059E4       @GetTls
 0001:00003514       @Halt
 0001:00003434       @Halt0
 0001:00002C38       @HandleAnyException
 0001:00002EEC       @HandleFinally
 0001:00002D64       @HandleOnException
 0001:00005A30       @InitExe
 0001:00004338       @Initialize
 0001:000042A4       @InitializeArray
 0001:00004274       @InitializeRecord
 0001:000032DC       @InitImports
 0001:000032B4       @InitResStringImports
 0001:00003290       @InitResStrings
 0001:00003300       @InitWideStrings
 0001:00005328       @IntfAddRef
 0001:000052F8       @IntfCast
 0001:000052B4       @IntfClear
 0001:000052CC       @IntfCopy
 0001:000028DC       @IsClass
 0001:00002580       @isNECWindows
 0001:00003A14       @LStrAddRef
 0001:00003578       @LStrArrayClr
 0001:000035A8       @LStrAsg
 0001:0000382C       @LStrCat
 0001:00003870       @LStrCat3
 0001:000038E4       @LStrCatN
 0001:00003554       @LStrClr
 0001:00003970       @LStrCmp
 0001:00003A84       @LStrCopy
 0001:00003AC4       @LStrDelete
 0001:000037D4       @LStrFromArray
 0001:0000373C       @LStrFromChar
 0001:0000375C       @LStrFromPChar
 0001:00003644       @LStrFromPCharLen
 0001:0000378C       @LStrFromPWChar
 0001:000036B0       @LStrFromPWCharLen
 0001:000037C8       @LStrFromString
 0001:0000374C       @LStrFromWChar
 0001:000037EC       @LStrFromWStr
 0001:00003B0C       @LStrInsert
 0001:000035EC       @LStrLAsg
 0001:00003824       @LStrLen
 0001:00003C14       @LStrOfChar
 0001:00003B68       @LStrPos
 0001:00003BB0       @LStrSetLength
 0001:00003A24       @LStrToPChar
 0001:00003800       @LStrToString
 0001:000046B0       @New
 0001:00003618       @NewAnsiString
 0001:00003C48       @NewWideString
 0001:0001424C       @OleVarFromLStr
 0001:00014308       @OleVarFromVar
 0001:00002294       @Pow10
 0001:00002008       @PStrCmp
 0001:00001FEC       @PStrNCpy
 0001:00002F4C       @RaiseAgain
 0001:00002F24       @RaiseExcept
 0001:00001AF8       @ReallocMem
 0001:00001EF4       @ROUND
 0001:00003520       @RunError
 0001:00002278       @SetEq
 0001:00002220       @SetRange
 0001:00003250       @StartExe
 0001:0000031C       @strlen
 0001:00001F00       @TRUNC
 0001:00002FD0       @TryFinallyExit
 0001:00003A7C       @UniqueStringA
 0001:00004754       @ValInt64
 0001:0000211C       @ValLong
 0001:00014D98       @VarAddRef
 0001:000103D4       @VarCast
 0001:0000FDCC       @VarClear
 0001:0000FDE0       @VarClr
 0001:00004378       @VarClr
 0001:000156A0       @VarCmpEQ
 0001:00010108       @VarCopy
 0001:00004488       @VarCopy
 0001:0001412C       @VarFromBool
 0001:00013FB8       @VarFromByte
 0001:0001417C       @VarFromCurr
 0001:000140D4       @VarFromCurrency
 0001:00014100       @VarFromDate
 0001:00014220       @VarFromDisp
 0001:000140A8       @VarFromDouble
 0001:00013F5C       @VarFromInt
 0001:00014058       @VarFromInt64
 0001:00013F98       @VarFromInteger
 0001:000141F4       @VarFromIntf
 0001:00013FF8       @VarFromLongWord
 0001:00014190       @VarFromLStr
 0001:00014154       @VarFromReal
 0001:00014018       @VarFromShortInt
 0001:00014084       @VarFromSingle
 0001:00014038       @VarFromSmallInt
 0001:00014168       @VarFromTDateTime
 0001:00013FD8       @VarFromWord
 0001:000141BC       @VarFromWStr
 0001:0000FB34       @VarNull
 0001:00011BA0       @VarToBool
 0001:00011858       @VarToBoolean
 0001:00010C98       @VarToByte
 0001:00012A44       @VarToCurrency
 0001:000124DC       @VarToDate
 0001:00013EB0       @VarToDisp
 0001:00011D6C       @VarToDouble
 0001:0001125C       @VarToInt64
 0001:00010798       @VarToInteger
 0001:00013DE4       @VarToIntf
 0001:00010F10       @VarToLongWord
 0001:000130F8       @VarToLStr
 0001:000120E8       @VarToReal
 0001:00010BE8       @VarToShortInt
 0001:00012104       @VarToSingle
 0001:00010D40       @VarToSmallInt
 0001:00010E38       @VarToWord
 0001:00013818       @VarToWStr
 0001:00003C88       @WStrArrayClr
 0001:00003CAC       @WStrAsg
 0001:00003ED0       @WStrCat
 0001:00003F30       @WStrCat3
 0001:00003F98       @WStrCatN
 0001:00003C70       @WStrClr
 0001:00003FE0       @WStrCmp
 0001:00004064       @WStrCopy
 0001:000040B0       @WStrDelete
 0001:00003E04       @WStrFromArray
 0001:00003E38       @WStrFromLStr
 0001:00003D98       @WStrFromPChar
 0001:00003CD8       @WStrFromPCharLen
 0001:00003DC8       @WStrFromPWChar
 0001:00003D64       @WStrFromPWCharLen
 0001:00003E1C       @WStrFromWArray
 0001:00003D88       @WStrFromWChar
 0001:00004140       @WStrInsert
 0001:00003CD0       @WStrLAsg
 0001:00003EC4       @WStrLen
 0001:000041DC       @WStrPos
 0001:0000422C       @WStrSetLength
 0001:00003EB4       @WStrToPWChar
 0001:00003E48       @WStrToString
 0001:000021FC       @_CLenToPasStr
 0001:000021F0       @_CToPasStr
 0001:00001C34       @_IOTest
 0001:00004730       @_llmul
 0001:0002EF00       AbortProc
 0001:00053464       AbsMin
 0001:0000C7B0       AbstractErrorHandler
 0002:0000202C       AbstractErrorProc
 0002:00000140       AccessMode
 0002:00001138       AccessMode
 0001:00001B94       AcquireExceptionObject
 0001:000190E0       ActivateClassGroup
 0001:00006244       ActivateKeyboardLayout
 0002:00002B8C       ActiveDrag
 0001:0008E5C0       ActiveIMM_TLB
 0001:00016A74       ActiveX
 0001:00062D78       ActnList
 0001:0000047C       AddBlockAfter
 0002:0000046C       AddDataModule
 0001:00007C5C       AddExitProc
 0001:0001CD10       AddFinished
 0001:00066574       AddIn
 0001:0000511C       AddModuleUnloadProc
 0001:0000510C       AddModuleUnloadProc
 0001:0001CD48       AddNotFinished
 0001:0006A3F4       AddOle2
 0001:0007D624       Addr_System_EndThread
 0001:0007D62C       Addr_System_LoadResString
 0001:0007D63C       Addr_System_LStrFromPWCharLen
 0001:0007D64C       Addr_System_VarFromLStr
 0001:0007D654       Addr_System_WStrCat3
 0001:0007D634       Addr_System_WStrFromPCharLen
 0001:0007D644       Addr_System_WStrToString
 0001:0001D76C       AddSubComponentsToLoaded
 0001:00027134       AdjustColor
 0001:00086000       AdjustColors
 0001:00034684       AdjustColors
 0001:0003F420       AdjustLineBreaks
 0001:0000814C       AdjustLineBreaks
 0001:0006D6E4       Adjustment
 0001:0000624C       AdjustWindowRectEx
 0002:00001204       AIMM
 0002:000011BC       Alignments
 0002:00000FC4       Alignments
 0002:00000D1C       Alignments
 0002:00000FD4       Alignments
 0002:00000D5C       Alignments
 0002:00000D94       Alignments
 0002:00000984       Alignments
 0002:00001180       Alignments
 0001:00058BE4       AlignWork
 0001:00074628       AlignWork
 0001:00023080       AllocateHWnd
 0001:00031D18       AllocFilterStr
 0001:00007C00       AllocMem
 0002:000025B4       AllocMemCount
 0002:000025B8       AllocMemSize
 0001:0002C884       AllocPatternBitmap
 0001:0000598C       AllocTlsBuffer
 0001:000204F4       AncestorIsValid
 0001:00079620       AncestorIsValid
 0002:00000DB0       AnchorAlign
 0002:00000DA4       AnimateWindowProc
 0002:00000EAC       AnimationStyle
 0001:00007E64       AnsiCompareStr
 0001:00007E9C       AnsiCompareText
 0001:00008AFC       AnsiLastChar
 0001:00006254       AnsiLower
 0001:00007E30       AnsiLowerCase
 0001:0000D1C4       AnsiLowerCaseFileName
 0001:0000D188       AnsiPos
 0001:0006AEA4       AnsiSameCaption
 0001:00007ED4       AnsiSameText
 0001:00007EEC       AnsiStrLIComp
 0001:0000D250       AnsiStrPos
 0001:0000D310       AnsiStrRScan
 0001:0000D358       AnsiStrScan
 0001:00005728       AnsiToUtf8
 0001:00007DFC       AnsiUpperCase
 0001:00013D6C       AnyToIntf
 0001:0000A614       AppendChars
 0001:0000A9E0       AppendFormat
 0001:0000A678       AppendNumber
 0001:0000A658       AppendString
 0002:00002BF0       Application
 0002:0000047C       ApplicationHandleException
 0002:00000484       ApplicationShowException
 0002:00001100       AppVisible
 0002:00000BDC       Arrangements
 0001:0000C794       AssertErrorHandler
 0002:00002024       AssertErrorProc
 0001:00015E04       AssignLongStr
 0001:00016480       AssignVariant
 0002:00000BE4       AutoArrange
 0001:0007B0CC       AutoDetectCharacterSet
 0002:0000260C       avail
 0001:0008B040       AxCtrls
 0001:00008D08       BackfillGetDiskFreeSpaceEx
 0001:00055FF8       BackgroundClipped
 0001:0000E994       BackupVarBoolFromStr
 0001:0000EAF4       BackupVarBStrFromBool
 0001:0000EA14       BackupVarBStrFromCy
 0001:0000EA84       BackupVarBStrFromDate
 0001:0000E928       BackupVarCyFromStr
 0001:0000E8BC       BackupVarDateFromStr
 0001:0000E778       BackupVarI4FromStr
 0001:0000E724       BackupVariantChangeTypeEx
 0001:0000E7E4       BackupVarR4FromStr
 0001:0000E850       BackupVarR8FromStr
 0002:00002D1C       base64
 0002:00000330       BaseTypeMap
 0001:0000CD90       Beep
 0001:000194B4       BeginGlobalLoading
 0001:0000625C       BeginPaint
 0001:00027140       BetterSize
 0001:00067408       BiDiDraw
 0001:00021C8C       BinToHex
 0001:00005FCC       BitBlt
 0002:00000B08       BitBtnCaptions
 0002:00002AC8       BitBtnGlyphs
 0002:00000808       BitmapCanvasList
 0002:000028AC       BitmapImageLock
 0001:0000E760       BiUnimplemented
 0002:00000524       BlockCode
 0002:000025E4       blockDescBlockList
 0002:000025E8       blockDescFreeList
 0002:00000450       BooleanIdents
 0002:0000032C       BooleanToStringRule
 0001:00008820       BoolToStr
 0001:00012E80       BoolToWStrViaOS
 0002:00000BBC       BorderStyles
 0002:00000D14       BorderStyles
 0002:0000097C       BorderStyles
 0001:00005B60       Bounds
 0001:000183DC       Bounds
 0002:00000F6C       Breaks
 0002:000028E4       BrushManager
 0001:00069BDC       BuildImage
 0002:00000924       ButtonCaptions
 0002:00000B38       ButtonCount
 0002:000011E8       ButtonMap
 0002:000008F8       ButtonNames
 0002:0000118C       ButtonNames
 0001:00037670       Buttons
 0002:00000FE8       Buttons
 0002:00000C68       ButtonStates
 0002:00000D8C       ButtonStyles
 0002:00000C78       ButtonStyles
 0002:00002A80       ButtonWidths
 0001:0002690C       BytesPerScanline
 0001:00026C70       ByteSwapColors
 0001:0000CE74       ByteToCharIndex
 0001:0000CE4C       ByteToCharLen
 0001:0000CE10       ByteType
 0001:0000CD98       ByteTypeTest
 0002:00002BD8       CachedComCtrlVer
 0002:00002C44       Cached_ENG_US_FormatSettings
 0001:00022FBC       CalcJmpOffset
 0001:000608FC       CalcSplitterPos
 0001:0008C8F8       CallEventMethod
 0001:00006264       CallNextHookEx
 0001:0000DB64       CallTerminateProcs
 0001:0000626C       CallWindowProc
 0001:00006274       CallWindowProcW
 0001:0005449C       CancelDrag
 0002:000028E8       CanvasList
 0002:00002BA0       CanvasList
 0002:000008D0       Captions
 0002:00000E68       CaptureControl
 0002:00000F0C       cBooleanToItemAutoFlag
 0002:00000360       CBooleanToRelationship
 0001:00005B7C       CenterPoint
 0001:00031628       CenterWindow
 0002:00002AB6       CF_COMPONENT
 0002:00002AB4       CF_PICTURE
 0002:00002818       ChangeAnyProc
 0001:000529C8       ChangeBiDiModeAlignment
 0001:00008B84       ChangeFileExt
 0002:00000D3C       CharCases
 0001:00003674       CharFromWChar
 0001:0000D058       CharLength
 0001:0000627C       CharLowerBuff
 0001:00000294       CharNext
 0001:00006284       CharNext
 0001:00025144       CharsetToIdent
 0001:0000CF60       CharToByteIndex
 0001:0000CFC4       CharToByteLen
 0001:0000628C       CharToOemA
 0001:00006294       CharUpperA
 0001:000062A4       CharUpperBuff
 0001:000062AC       CharUpperBuffW
 0001:0000629C       CharUpperW
 0001:00027724       CheckBool
 0001:0003D3F8       CheckCommonControl
 0001:00002BB4       CheckJmp
 0001:0008299C       CheckLst
 0001:000062B4       CheckMenuItem
 0002:00000F5C       Checks
 0001:0001D7A8       CheckSubComponents
 0001:00021D94       CheckSynchronize
 0001:0006D0FC       CheckTaskWindow
 0001:00014458       CheckType
 0001:00054150       CheckUndock
 0001:0000CC84       CheckWin32Version
 0001:000062BC       ChildWindowFromPoint
 0002:00000348       CInvalidCustomVariantType
 0002:00000F10       cItemAutoFlagToBoolean
 0002:00000F08       cItemAutoFlagToMenu
 0001:0002320C       Classes
 0001:00077AE4       ClassIDToProgID
 0001:0007B298       ClassIsRegistered
 0001:00018EA4       ClassNotFound
 0002:000011F0       CLASS_CActiveIMM
 0002:00002814       ClearAnyProc
 0001:000249C4       ClearColor
 0001:000785F8       ClearExcepInfo
 0001:00015254       ClearVariantTypeList
 0001:000062C4       ClientToScreen
 0001:0005DEA0       ClientToWindow
 0002:00000800       ClipboardFormats
 0001:00034ED4       Clipbrd
 0001:000062CC       CloseClipboard
 0001:00005FD4       CloseEnhMetaFile
 0001:00005CCC       CloseHandle
 0001:0002ED80       ClosePrinter
 0002:00002988       CloseThemeData
 0002:00000858       CLSID_AutoComplete
 0002:00002040       CmdLine
 0002:0000203C       CmdShow
 0002:00000F04       cMenuAutoFlagToItem
 0002:0000036C       CmpTypeMap
 0001:0000E76C       CmpUnimplemented
 0002:00001110       CoAddRefServerProcess
 0001:0008E52C       CoCActiveIMM.Create
 0001:000169D8       CoCreateInstance
 0002:00001108       CoCreateInstanceEx
 0002:00000BAC       Codes
 0002:00000C38       Codes
 0001:000169D0       CoGetClassObject
 0002:00002B28       CoInitExProcLoaded
 0002:00001120       CoInitFlags
 0001:000169C0       CoInitialize
 0002:0000110C       CoInitializeEx
 0002:00002B24       CoInitializeExProc
 0001:00019770       CollectionsEqual
 0002:00000580       Colors
 0001:00024F3C       ColorToIdent
 0002:00000990       ColorToPretyName
 0001:00024F2C       ColorToRGB
 0002:00000C0C       ColumnClicks
 0002:00000C8C       ComboBoxExStyles
 0002:00000C98       ComboExStyles
 0002:00002C1C       ComClassManagerVar
 0001:00077758       ComConst
 0002:000028FC       ComCtl32DLL
 0002:00002B20       ComCtlVersion
 0001:00049844       ComCtrls
 0002:00002BEC       CommandPool
 0001:0002D5C0       CommCtrl
 0001:00030E48       CommDlg
 0001:000007FC       Commit
 0002:00002628       committedRoot
 0001:000788C0       ComObj
 0001:0007B604       CompareComponentHelperToTarget
 0001:00065B58       CompareFront
 0001:00007D64       CompareMem
 0001:00007D34       CompareStr
 0001:00005CD4       CompareString
 0001:00005CDC       CompareStringA
 0001:00005CE4       CompareStringW
 0001:00007D84       CompareText
 0001:00008748       CompareWith
 0001:0001D888       ComponentCreated
 0001:000274E4       ComputeAldusChecksum
 0001:00034E90       ComStrs
 0001:000235B0       Consts
 0001:0002D018       Contnrs
 0002:00002B5E       ControlAtom
 0002:00002FA4       ControlAtom
 0002:00002B64       ControlAtomString
 0002:00002FAC       ControlAtomString
 0001:00071ECC       ControlHasHelp
 0001:00061598       Controls
 0002:00000B80       ConversionFormatList
 0002:000004A0       Convert
 0002:000004B0       Convert
 0001:0000C18C       ConvertAddr
 0001:0000A76C       ConvertEraString
 0001:00007BDC       ConvertErrorFmt
 0001:0004397C       ConvertFlags
 0001:000437E8       ConvertMask
 0001:000439A0       ConvertStates
 0001:0007CDE0       ConvertUCS2toUTF7
 0001:0007CFBC       ConvertUTF7toUCS2
 0001:0000A8D8       ConvertYearString
 0001:00004988       CopyArray
 0001:00029E0C       CopyBitmap
 0001:0002A4D4       CopyBitmapAsMask
 0001:00005FDC       CopyEnhMetaFile
 0001:00037470       CopyImage
 0001:000068B8       CopyMemory
 0001:0002A470       CopyPalette
 0002:00000CB0       Copyright
 0001:00068C88       CopyToBest
 0002:00001114       CoReleaseServerProcess
 0002:00001118       CoResumeClassObjects
 0002:0000111C       CoSuspendClassObjects
 0001:000169F0       CoTaskMemAlloc
 0001:000169F8       CoTaskMemFree
 0001:000169C8       CoUninitialize
 0001:0000CED0       CountChars
 0002:000028C4       CounterLock
 0002:0000034C       CRangeToType
 0001:0000C6D8       CreateAssertException
 0001:0000C860       CreateAVObject
 0001:00005FE4       CreateBitmap
 0001:00005FEC       CreateBrushIndirect
 0001:00077B10       CreateComObject
 0001:00005FF4       CreateCompatibleBitmap
 0001:00005FFC       CreateCompatibleDC
 0001:0001D908       CreateComponent
 0001:00006004       CreateDC
 0001:00006014       CreateDIBitmap
 0001:0000600C       CreateDIBSection
 0001:0000601C       CreateEnhMetaFile
 0001:00005CEC       CreateEvent
 0001:00005CF4       CreateFile
 0001:00005CFC       CreateFileA
 0001:00005D04       CreateFileW
 0001:00006024       CreateFontIndirect
 0001:00087100       CreateGetMessageHookForNT
 0001:0000602C       CreateHalftonePalette
 0001:00006034       CreateIC
 0001:000062D4       CreateIcon
 0001:0000C604       CreateInOutError
 0001:000062DC       CreateMenu
 0001:00032A30       CreateMessageDialog
 0001:0000603C       CreatePalette
 0001:00006044       CreatePenIndirect
 0001:000062E4       CreatePopupMenu
 0001:00077B48       CreateRemoteComObject
 0001:0000604C       CreateSolidBrush
 0001:00016A18       CreateStreamOnHGlobal
 0001:00026CC8       CreateSystemPalette
 0001:00005D0C       CreateThread
 0001:00080464       CreateUnicodeHandle
 0001:00006A24       CreateWindow
 0001:00006974       CreateWindowEx
 0001:000069CC       CreateWindowExW
 0002:0000086C       CreationControl
 0002:00000DA8       CreationControl
 0002:0000043C       CRelationshipToBoolean
 0002:00000310       CResult
 0002:00000138       cSimpleBoolStrs
 0002:000003E8       CText
 0002:00000EA4       Ctl3DStyles
 0002:00002620       curAlloc
 0001:000146EC       CurrCompare
 0002:0000268C       CurrencyDecimals
 0002:00002688       CurrencyFormat
 0002:00002684       CurrencyString
 0001:0000A600       CurrentYear
 0001:0000A150       CurrToStr
 0001:00012E10       CurrToWStrViaOS
 0002:00001084       CursorMap
 0002:00000DB8       Cursors
 0001:00052CE8       CursorToIdent
 0002:00001074       cUseAlpha
 0002:0000107C       cUseColorKey
 0001:00008358       CvtInt
 0001:00008508       CvtInt64
 0001:00008424       CvtInt64W
 0001:000083A4       CvtIntW
 0002:00000178       CWNear
 0001:00080628       DataPointsToHintInfoForTnt
 0001:0003886C       DataTypeToRegData
 0001:000146C4       DateCompare
 0002:0000268D       DateSeparator
 0001:0000B244       DateTimeToStr
 0001:0000B1B8       DateTimeToString
 0001:0000A24C       DateTimeToTimeStamp
 0001:0000B214       DateToStr
 0001:00012E48       DateToWStrViaOS
 0001:0000A5D8       DayOfWeek
 0002:00000174       DCon10
 0002:0000057C       DDBsOnly
 0001:00023134       DeallocateHWnd
 0002:00000028       DebugHook
 0002:0000268B       DecimalSeparator
 0001:0000A5B8       DecodeDate
 0001:0000A468       DecodeDateFully
 0001:0000A300       DecodeTime
 0001:000008BC       Decommit
 0001:00000FE8       DecommitFree
 0002:000025FC       decommittedRoot
 0001:0006FB4C       Default
 0001:00075264       Default
 0002:00000020       Default8087CW
 0002:00000DAC       DefaultDockTreeClass
 0001:00042354       DefaultListViewSort
 0001:0007C934       DefaultSystemCodePage
 0002:000025C0       DefaultUserCodePage
 0002:000007D0       DefBrushData
 0002:00000550       DefFontData
 0001:000062EC       DefFrameProc
 0002:00000204       DefLongDayNames
 0002:000001B8       DefLongMonthNames
 0001:000062F4       DefMDIChildProc
 0002:000007B0       DefPenData
 0002:000001E8       DefShortDayNames
 0002:00000188       DefShortMonthNames
 0001:000062FC       DefWindowProc
 0001:00006304       DefWindowProcW
 0001:00004BF4       DelayLoadResourceModule
 0001:000004D8       DeleteBlock
 0001:00005D14       DeleteCriticalSection
 0001:000003E8       DeleteCriticalSection
 0001:00006054       DeleteDC
 0001:0000605C       DeleteEnhMetaFile
 0001:00000DD0       DeleteFree
 0001:0000630C       DeleteMenu
 0001:00006064       DeleteObject
 0001:000299C8       DeselectBitmap
 0001:00006314       DestroyCursor
 0001:0000631C       DestroyIcon
 0001:000375A0       DestroyLocals
 0001:00006324       DestroyMenu
 0001:0000632C       DestroyWindow
 0001:0004FF54       DialogEnumerationTester
 0001:000316DC       DialogHook
 0001:000332F0       Dialogs
 0002:0000080C       DIBPalSizes
 0002:0000008C       dig
 0002:00002E20       direct
 0002:00000C24       Directions
 0001:0006CF38       DisableTaskWindows
 0001:0007800C       DispatchInvoke
 0001:000785EC       DispatchInvokeError
 0001:00006334       DispatchMessage
 0001:0000633C       DispatchMessageW
 0001:000731AC       DispatchShortCut
 0001:00078608       DispCall
 0001:000786EC       DispCallByID
 0002:00002000       DispCallByIDProc
 0001:00078518       DispCallError
 0002:000011D4       DispIDArgs
 0002:000011C4       DispParams
 0001:00007BC0       DivMod
 0001:00030E80       Dlgs
 0001:00058A74       DoAlign
 0001:000744DC       DoAlign
 0001:0005CB60       DoCalcConstraints
 0002:00002B94       DockSiteList
 0001:000698A8       DoClick
 0001:0005A1B8       DoControlMsg
 0001:0002ED88       DocumentProperties
 0001:0006CEE8       DoDisableWindow
 0001:00053A7C       DoDragOver
 0001:00007C20       DoExitProc
 0001:0005EBD0       DoFindControlZone
 0001:0006D03C       DoFindWindow
 0001:0005F15C       DoFindZone
 0001:0005EC54       DoForEach
 0001:00060560       DoGetNextLimit
 0001:0006CEB0       DoneApplication
 0001:000612C0       DoneControls
 0001:0000CB94       DoneExceptions
 0001:00071528       DoNestedActivation
 0001:00021D54       DoneThreadSynchronization
 0001:00076628       DoOnHelp
 0001:00058634       DoPosition
 0001:0007432C       DoPosition
 0001:0005FB88       DoPrune
 0001:00033B44       DoRect
 0001:00060060       DoSaveZone
 0001:00060264       DoSetNewBounds
 0002:00000458       DotSep
 0002:00000C84       DownMessage
 0002:00000B3C       DownStyles
 0001:000641B8       DoWrite
 0001:0001AD10       DoWrite
 0001:000285D4       DoWrite
 0001:0002797C       DoWrite
 0001:0007DDB0       DoWrite
 0001:000597A0       DoWriteDesignSize
 0001:000570F8       DoWriteIsControl
 0002:00002B78       DragCapture
 0002:00002B6C       DragControl
 0001:000541C4       DragDone
 0001:00053A2C       DragFindTarget
 0001:00053A00       DragFindWindow
 0002:00002B90       DragImageList
 0001:00053E1C       DragInit
 0001:00053F8C       DragInitControl
 0002:00002B74       DragInternalObject
 0001:00053948       DragMessage
 0002:00002B70       DragObject
 0002:00002B9C       DragSave
 0002:00002B84       DragSaveCursor
 0002:00002B7C       DragStartPos
 0002:00002B88       DragThreshold
 0001:00053B4C       DragTo
 0001:000752A0       DrawAppIcon
 0001:0005F6F4       DrawCloseButton
 0001:00006344       DrawEdge
 0001:0000634C       DrawFrameControl
 0001:0005F74C       DrawGrabberLine
 0001:00006354       DrawIcon
 0001:0000635C       DrawIconEx
 0002:00000EE0       DrawingStyles
 0001:00006364       DrawMenuBar
 0001:0006ACC0       DrawMenuItem
 0001:000882F8       DrawMenuText
 0001:0000636C       DrawText
 0001:00006374       DrawTextA
 0001:0000637C       DrawTextW
 0002:0000298C       DrawThemeBackground
 0002:000029B0       DrawThemeEdge
 0002:000029B4       DrawThemeIcon
 0002:00002A38       DrawThemeParentBackground
 0002:00002990       DrawThemeText
 0001:00007F0C       DumbItDownFor95
 0001:0002678C       DupBits
 0001:000049A0       DynArrayClear
 0001:000049A8       DynArraySetLength
 0002:00000FCC       EdgeStyle
 0002:00000E94       EdgeStyles
 0002:00000BC4       EditStyles
 0001:0000C5D8       EHeapException.FreeInstance
 0002:00000D58       Empty
 0002:00000B94       Empty
 0001:00006384       EmptyClipboard
 0001:00014550       EmptyCompare
 0002:00002800       EmptyParam
 0002:00003014       EmptyParam
 0002:000000BC       EmptyStr
 0002:000000C0       EmptyWideStr
 0001:0008F79C       EnableActiveIMM
 0001:0000638C       EnableMenuItem
 0002:00000F64       Enables
 0001:00006394       EnableScrollBar
 0001:0006CFEC       EnableTaskWindows
 0002:00002A20       EnableThemeDialogTexture
 0002:00002A3C       EnableTheming
 0001:0000639C       EnableWindow
 0001:0000606C       EndDoc
 0001:0001953C       EndGlobalLoading
 0001:00006074       EndPage
 0001:000063A4       EndPaint
 0001:0000354C       EndThread
 0001:00005D1C       EnterCriticalSection
 0001:000003D8       EnterCriticalSection
 0001:00005D24       EnumCalendarInfoA
 0002:00002920       EnumDisplayMonitors
 0001:0000BE00       EnumEraNames
 0001:0000BE3C       EnumEraYearOffsets
 0001:00070110       EnumMonitorsProc
 0001:0002ED90       EnumPrinters
 0001:000063AC       EnumThreadWindows
 0001:0001D0B8       EnumValue
 0001:000063B4       EnumWindows
 0001:000779EC       EOleException.Create
 0001:0007791C       EOleSysError.Create
 0001:000063BC       EqualRect
 0002:00002754       EraNames
 0001:0000B4BC       EraToYear
 0002:00002770       EraYearOffsets
 0002:00000064       errCaption
 0001:00001C28       Error
 0001:0001C89C       Error
 0001:000658A8       Error
 0001:00018A48       Error
 0002:00000004       ErrorAddr
 0001:00001BDC       ErrorAt
 0001:0000C684       ErrorHandler
 0002:00000220       ErrorMap
 0002:00002008       ErrorProc
 0002:000023E8       ErrOutput
 0001:00001B68       ExceptAddr
 0002:0000200C       ExceptClsProc
 0001:0000CB00       ExceptHandler
 0001:0000C404       Exception.Create
 0001:0000C440       Exception.CreateFmt
 0001:0000C590       Exception.CreateHelp
 0001:0000C4C0       Exception.CreateRes
 0001:0000C4FC       Exception.CreateResFmt
 0002:0000201C       ExceptionClass
 0001:0000C198       ExceptionErrorMessage
 0002:00000258       ExceptMap
 0001:00001B48       ExceptObject
 0002:00002010       ExceptObjProc
 0002:00002004       ExceptProc
 0001:0000607C       ExcludeClipRect
 0002:00000000       ExitCode
 0001:00003378       ExitDll
 0002:00002048       ExitProc
 0001:000002A4       ExitProcess
 0002:00002028       ExitProcessProc
 0002:00000134       ExitProcList
 0001:0000029C       ExitThread
 0001:00008CCC       ExpandFileName
 0001:000319B4       ExplorerHook
 0001:00038F50       ExtActns
 0001:00034E08       ExtCtrls
 0001:000376C8       ExtDlgs
 0001:00008C84       ExtractFileExt
 0001:0003202C       ExtractFileName
 0001:00008C4C       ExtractFileName
 0001:00032074       ExtractFileNames
 0001:00008C18       ExtractFilePath
 0001:00080680       ExtractTntHintCaption
 0001:00006084       ExtTextOut
 0002:00002790       FalseBoolStrs
 0002:00002FBC       FCheckHeight
 0002:00002FB8       FCheckWidth
 0002:00002ABC       FClipboard
 0002:00000168       FCon1E18
 0001:0002EE98       FetchStr
 0001:00008988       FileAge
 0001:00008980       FileClose
 0001:000088C4       FileCreate
 0001:000088E8       FileCreate
 0001:000089F0       FileExists
 0002:00000804       FileFormats
 0002:00000008       FileMode
 0001:0000886C       FileOpen
 0001:000088F0       FileRead
 0002:00000494       FilerSignature
 0001:00008948       FileSeek
 0001:00005D2C       FileTimeToDosDateTime
 0001:00005D34       FileTimeToLocalFileTime
 0001:0000891C       FileWrite
 0001:00000F08       FillAfterGap
 0001:00000EA8       FillBeforeGap
 0001:00000FA8       FillerSizeAfterGap
 0001:00000F30       FillerSizeBeforeGap
 0001:000063C4       FillRect
 0002:00000B44       FillStyles
 0001:00030CF8       Finalization
 0001:00006EE4       Finalization
 0001:000912D0       Finalization
 0001:00030D30       Finalization
 0001:00077660       Finalization
 0001:0007D6E0       Finalization
 0001:000158DC       Finalization
 0001:00005844       Finalization
 0001:00034F2C       Finalization
 0001:00023580       Finalization
 0001:00030DD0       Finalization
 0001:00034E98       Finalization
 0001:000166E4       Finalization
 0001:0002315C       Finalization
 0001:00080D50       Finalization
 0001:00034E60       Finalization
 0001:00034DC0       Finalization
 0001:0008E440       Finalization
 0001:00016A44       Finalization
 0001:00064908       Finalization
 0001:00030E18       Finalization
 0001:00061530       Finalization
 0001:0006AFA0       Finalization
 0001:0008E590       Finalization
 0001:0007C8B4       Finalization
 0001:0007BE9C       Finalization
 0001:00090000       Finalization
 0001:00088EE4       Finalization
 0001:00038F00       Finalization
 0001:0008FF88       Finalization
 0001:00030E50       Finalization
 0001:0003021C       Finalization
 0001:0007B87C       Finalization
 0001:00088F74       Finalization
 0001:00062D48       Finalization
 0001:0007EE80       Finalization
 0001:000497CC       Finalization
 0001:0002CFE8       Finalization
 0001:0002D590       Finalization
 0001:0002CA9C       Finalization
 0001:0003AB64       Finalization
 0001:0008984C       Finalization
 0001:0007B838       Finalization
 0001:0007EF58       Finalization
 0001:0002EDA0       Finalization
 0001:00033294       Finalization
 0001:0002DD10       Finalization
 0001:00077728       Finalization
 0001:00089898       Finalization
 0001:0000E504       Finalization
 0001:00030CC0       Finalization
 0001:000156B0       Finalization
 0001:0000EEC0       Finalization
 0001:00078C9C       Finalization
 0001:0002C8BC       Finalization
 0001:0004A414       Finalization
 0001:000828B0       Finalization
 0001:00030C88       Finalization
 0001:00078840       Finalization
 0001:00030C48       Finalization
 0001:00037698       Finalization
 0001:00030C10       Finalization
 0001:00006BAC       Finalization
 0001:00030BA0       Finalization
 0001:00030070       Finalization
 0001:00091298       Finalization
 0001:00006B74       Finalization
 0001:000386A8       Finalization
 0001:0002DD50       Finalization
 0001:000872B0       Finalization
 0001:0002FD4C       Finalization
 0001:0002ED38       Finalization
 0001:00038E44       Finalization
 0001:00005A74       Finalization
 0001:00005BA8       Finalization
 0001:0008AFE0       Finalization
 0001:00038EA8       Finalization
 0001:0008296C       Finalization
 0001:0004F3E0       Finalization
 0001:00085448       Finalization
 0001:00085480       Finalization
 0001:0004F548       Finalization
 0001:00086264       Finalization
 0001:00086350       Finalization
 0001:000501CC       Finalization
 0001:000866D8       Finalization
 0001:00037638       Finalization
 0001:00004998       FinalizeArray
 0002:00002FA0       Finalized
 0001:00003170       FinalizeUnits
 0001:00069668       Find
 0001:00081A78       FindActionHelper
 0001:0001FBEC       FindAncestor
 0001:00004C84       FindBS
 0001:00018F64       FindClass
 0001:00004BEC       FindClassHInstance
 0001:00005D3C       FindClose
 0001:000002B4       FindClose
 0001:00008AE0       FindClose
 0001:00000E64       FindCommitted
 0001:00052AC8       FindControl
 0001:0005F388       FindControlAtPos
 0001:000154F8       FindCustomVariantType
 0001:000155B0       FindCustomVariantType
 0001:000544E8       FindDragTarget
 0001:0001DAB8       FindExistingComponent
 0001:00008A6C       FindFirst
 0001:000002BC       FindFirstFile
 0001:00005D44       FindFirstFile
 0001:00005D4C       FindFirstFileA
 0001:00005D54       FindFirstFileW
 0001:000193CC       FindGlobalComponent
 0001:0006D148       FindGlobalComponent
 0002:00002864       FindGlobalComponentProcs
 0001:00004BC4       FindHInstance
 0001:00019274       FindIdentToInt
 0001:000191F8       FindIntToIdent
 0001:00008A00       FindMatchingFile
 0002:00002A7C       FindMsg
 0001:0001CC48       FindNestedComponent
 0001:00008ABC       FindNext
 0001:00005D5C       FindNextFile
 0001:00080118       FindOrCreateWinControlTrap
 0001:00065870       FindPopupControl
 0001:0000EB88       FindProc
 0001:00005D64       FindResource
 0001:00004C3C       FindResourceHInstance
 0001:00076E6C       FindScanline
 0001:0007B234       FindSortedListByTarget
 0001:0006D0A0       FindTopMostWindow
 0001:0001E99C       FindUniqueName
 0001:00015090       FindVarData
 0001:000544B4       FindVCLWindow
 0001:0007B768       FindWideComponentHelper
 0001:0007B624       FindWideComponentHelperIndex
 0001:0007F268       FindWideControlHelper
 0001:000063CC       FindWindow
 0001:0004FFAC       FindWinHelp
 0001:00087CB8       FixMenuBiDiProblem
 0001:00029DC0       FixupBitFields
 0002:00000FDC       Flags
 0002:000027A0       FLanguages
 0001:000300A0       FlatSB
 0002:0000294C       FlatSB_EnableScrollBar
 0002:00002958       FlatSB_GetScrollInfo
 0002:0000295C       FlatSB_GetScrollPos
 0002:00002954       FlatSB_GetScrollRange
 0002:00002964       FlatSB_SetScrollInfo
 0002:00002960       FlatSB_SetScrollPos
 0001:0002FD90       FlatSB_SetScrollProp
 0002:00002968       FlatSB_SetScrollRange
 0002:00002950       FlatSB_ShowScrollBar
 0001:00009DE0       FloatToDecimal
 0001:0000A120       FloatToStr
 0001:00009B0C       FloatToText
 0001:00001F88       Flush
 0002:0000017C       FMSecsPerDay
 0001:000094BC       FmtStr
 0002:00000FF8       FocusCount
 0002:00000FF4       FocusMessages
 0002:00000720       FontCharsets
 0002:000028DC       FontManager
 0001:0008B8B8       FontToOleFont
 0002:00000868       ForceCurrentDirectory
 0001:0006D11C       ForegroundTask
 0001:000094A8       Format
 0002:00000184       Format
 0001:00009098       FormatBuf
 0001:0000908C       FormatClearStr
 0001:00009010       FormatError
 0002:00000160       FormatErrorStrs
 0001:00005D6C       FormatMessage
 0001:00005D74       FormatMessageA
 0001:00005D7C       FormatMessageW
 0001:00009068       FormatVarToStr
 0001:000776BC       Forms
 0001:0000228C       FPower10
 0002:00000854       FPrinter
 0001:00033C08       Frame3D
 0001:000063D4       FrameRect
 0001:0000E090       FreeAndNil
 0001:00000B64       FreeCommitted
 0001:0000119C       FreeCurAlloc
 0001:000545A8       FreeDeviceContext
 0001:00054664       FreeDeviceContexts
 0001:00022F28       FreeIntConstList
 0001:00005D84       FreeLibrary
 0001:000002C4       FreeLibrary
 0001:0008BD00       FreeList
 0001:0002991C       FreeMemoryContexts
 0001:0006D1E4       FreeObjectInstance
 0001:0002305C       FreeObjectInstance
 0001:00005D94       FreeResource
 0001:00000734       FreeSpace
 0001:0000DB90       FreeTerminateProcs
 0001:00030254       FreeThemeLibrary
 0001:0007D59C       FreeTntSystemThreadVars
 0002:00001200       FRichEdit20Module
 0002:00002B1C       FRichEditModule
 0002:00003034       frmMain
 0002:00002D14       GDefaultSystemCodePage
 0001:0002677C       GDICheck
 0001:000266D4       GDIError
 0001:00001EEC       Get8087CW
 0001:00005D9C       GetACP
 0001:00016A28       GetActiveObject
 0001:000063DC       GetActiveWindow
 0001:000749B8       GetAnimation
 0001:0003238C       GetAveCharSize
 0001:0000608C       GetBitmapBits
 0001:000003F0       GetBlockDesc
 0001:00006094       GetBrushOrgEx
 0001:000063E4       GetCapture
 0001:00052DE4       GetCaptureControl
 0001:000828E8       GetCheckSize
 0001:00018F10       GetClass
 0001:000063EC       GetClassInfo
 0001:000063F4       GetClassInfoW
 0001:000063FC       GetClassName
 0001:00006404       GetClassNameW
 0001:0000640C       GetClientRect
 0001:00006414       GetClipboardData
 0001:00028144       GetClipboardFormats
 0001:0000609C       GetClipBox
 0001:0000038C       GetCmdShow
 0001:00062FA0       GetColor
 0001:0003D420       GetComCtlVersion
 0001:000002CC       GetCommandLine
 0001:00005DAC       GetCommandLineW
 0001:00000978       GetCommitted
 0001:00000A20       GetCommittedAt
 0001:00020FA4       GetComponentValue
 0001:00005DB4       GetComputerName
 0001:00059D6C       GetControlAtPos
 0001:0000A6C4       GetCount
 0001:00005DA4       GetCPInfo
 0001:000060A4       GetCurrentPositionEx
 0001:00005DBC       GetCurrentProcessId
 0002:00002A30       GetCurrentThemeName
 0001:00005DC4       GetCurrentThreadId
 0001:0000037C       GetCurrentThreadId
 0001:000068B0       GetCurrentTime
 0001:0000641C       GetCursor
 0001:00076E7C       GetCursorHeightMargin
 0001:00006424       GetCursorPos
 0001:0000A6F4       GetDate
 0001:00005DCC       GetDateFormat
 0001:0000B3D4       GetDateOrder
 0001:0000642C       GetDC
 0001:00006434       GetDCEx
 0001:000060AC       GetDCOrgEx
 0001:0002C4C4       GetDefFontCharSet
 0001:0001A2B8       GetDesigner
 0001:0000643C       GetDesktopWindow
 0001:000060C4       GetDeviceCaps
 0001:0002770C       GetDIB
 0001:000060B4       GetDIBColorTable
 0001:000060BC       GetDIBits
 0001:00027654       GetDIBSizes
 0001:000268EC       GetDInColors
 0001:00005DD4       GetDiskFreeSpaceA
 0002:00000130       GetDiskFreeSpaceEx
 0001:00006444       GetDlgItem
 0001:00060640       GetDockAlign
 0001:0005378C       GetDockSiteAtPos
 0001:00053AB8       GetDropCtl
 0001:0000291C       GetDynaMethod
 0001:000060CC       GetEnhMetaFileBits
 0001:000060D4       GetEnhMetaFileDescription
 0001:000060DC       GetEnhMetaFileHeader
 0001:000060E4       GetEnhMetaFilePaletteEntries
 0001:0001598C       GetEnumName
 0001:00015A64       GetEnumNameValue
 0001:00015AB0       GetEnumValue
 0001:0000BEB4       GetEraNamesAndYearOffsets
 0001:0000B468       GetEraYearOffset
 0001:00016A30       GetErrorInfo
 0001:0000C848       GetExceptionClass
 0001:0000CA34       GetExceptionObject
 0001:00018E98       GetFieldClassTable
 0001:00028124       GetFileFormats
 0001:0000CCA4       GetFileVersion
 0001:00005FB4       GetFileVersionInfo
 0001:00005FBC       GetFileVersionInfoSize
 0001:00016170       GetFloatProp
 0001:0000644C       GetFocus
 0001:00089D80       GetFontAccess
 0001:00025164       GetFontData
 0001:00006454       GetForegroundWindow
 0001:0000D604       GetFormatSettings
 0001:00005DDC       GetFullPathName
 0001:00005DE4       GetFullPathNameA
 0001:00005DEC       GetFullPathNameW
 0001:000246AC       GetHashCode
 0001:00071F04       GetHelpInfo
 0001:0002E1D0       GetHelpSystem
 0001:0007479C       GetHint
 0001:000747D4       GetHintControl
 0001:0006AE40       GetHotkey
 0001:0000645C       GetIconInfo
 0001:00078384       GetIDsOfNames
 0001:00047ACC       GetImageBitmap
 0001:00090DB0       GetIniFileName
 0001:0001658C       GetInt64Prop
 0001:000165F0       GetInterfaceProp
 0001:0000647C       GetKeyboardLayout
 0001:00006484       GetKeyboardLayoutList
 0001:0000648C       GetKeyboardState
 0001:00002578       GetKeyboardType
 0001:00006464       GetKeyNameText
 0001:0000646C       GetKeyNameTextW
 0001:00006474       GetKeyState
 0001:00006494       GetLastActivePopup
 0001:0005E908       GetLastChildZone
 0001:00005DF4       GetLastError
 0001:00041FAC       GetLength
 0001:0000BC78       GetLocaleChar
 0001:000002D4       GetLocaleInfo
 0001:00005E04       GetLocaleInfo
 0001:0000BC2C       GetLocaleStr
 0001:00005DFC       GetLocalTime
 0001:00052D4C       GetLongHint
 0001:00015E18       GetLongStrProp
 0001:0000649C       GetMenu
 0001:00071E8C       GetMenuHelpContext
 0001:000064A4       GetMenuItemCount
 0001:000064AC       GetMenuItemID
 0001:000064B4       GetMenuItemInfo
 0001:000064BC       GetMenuItemInfoW
 0001:00067EB4       GetMenuSize
 0001:000064C4       GetMenuState
 0001:000064CC       GetMenuString
 0001:000064D4       GetMenuStringW
 0001:000870A0       GetMessageForNT
 0001:000064DC       GetMessagePos
 0001:000064E4       GetMessageTime
 0001:00016514       GetMethodProp
 0001:000002DC       GetModuleFileName
 0001:00005E0C       GetModuleFileName
 0001:00005E14       GetModuleFileNameA
 0001:00005E1C       GetModuleFileNameW
 0001:00005E24       GetModuleHandle
 0001:000002E4       GetModuleHandle
 0001:0000596C       GetModuleHandle
 0002:00002914       GetMonitorInfo
 0002:00002918       GetMonitorInfoA
 0002:0000291C       GetMonitorInfoW
 0001:0000BCDC       GetMonthDayNames
 0001:000064EC       GetNextWindow
 0001:000060EC       GetObject
 0001:00080214       GetObjectInstance
 0001:00089E20       GetOleFont
 0001:00089ED8       GetOlePicture
 0001:00030E08       GetOpenFileName
 0001:00015C40       GetOrdProp
 0001:000060F4       GetPaletteEntries
 0001:00001D08       GetParamStr
 0001:000064F4       GetParent
 0001:0006D338       GetParentForm
 0001:00089DD0       GetPictureAccess
 0001:000060FC       GetPixel
 0001:00005E2C       GetPrivateProfileString
 0001:000002EC       GetProcAddress
 0001:00005E34       GetProcAddress
 0001:00005E3C       GetProfileString
 0001:000064FC       GetProp
 0001:00015940       GetPropInfo
 0001:00015960       GetPropInfo
 0001:00015B14       GetPropInfo
 0001:00015B84       GetPropInfo
 0001:00015BBC       GetPropInfos
 0001:0006D7F8       GetRealScrollPosition
 0001:00062F80       GetRGBColor
 0001:00030E10       GetSaveFileName
 0001:00006504       GetScrollInfo
 0001:0000650C       GetScrollPos
 0001:00006514       GetScrollRange
 0001:00052D08       GetShortHint
 0001:00015D10       GetShortStrProp
 0001:00015DA8       GetShortStrPropAsLongStr
 0001:00000658       GetSpace
 0001:000006BC       GetSpaceAt
 0001:00065900       GetSpecialName
 0001:000002F4       GetStartupInfo
 0001:00005E44       GetStdHandle
 0001:0000026C       GetStdHandle
 0001:00006104       GetStockObject
 0001:00005E4C       GetStringTypeEx
 0001:00015F48       GetStrProp
 0001:0000651C       GetSubMenu
 0001:0007B4C8       GetSyncedWideString
 0001:00006524       GetSysColor
 0001:0000652C       GetSysColorBrush
 0001:00005E54       GetSystemInfo
 0001:00006534       GetSystemMenu
 0002:00002904       GetSystemMetrics
 0001:0000653C       GetSystemMetrics
 0001:0000610C       GetSystemPaletteEntries
 0001:00006124       GetTextExtentPoint
 0001:00006114       GetTextExtentPoint32
 0001:0000611C       GetTextExtentPoint32W
 0001:0000612C       GetTextMetrics
 0002:00002A28       GetThemeAppProperties
 0002:00002994       GetThemeBackgroundContentRect
 0002:00002998       GetThemeBackgroundExtent
 0002:000029A8       GetThemeBackgroundRegion
 0002:000029CC       GetThemeBool
 0002:000029C0       GetThemeColor
 0002:00002A34       GetThemeDocumentationProperty
 0002:000029D4       GetThemeEnumValue
 0002:000029F4       GetThemeFilename
 0002:000029DC       GetThemeFont
 0002:000029D0       GetThemeInt
 0002:000029E8       GetThemeIntList
 0002:000029E4       GetThemeMargins
 0002:000029C4       GetThemeMetric
 0002:0000299C       GetThemePartSize
 0002:000029D8       GetThemePosition
 0002:000029EC       GetThemePropertyOrigin
 0002:000029E0       GetThemeRect
 0002:000029C8       GetThemeString
 0002:00002A00       GetThemeSysBool
 0002:000029F8       GetThemeSysColor
 0002:000029FC       GetThemeSysColorBrush
 0002:00002A08       GetThemeSysFont
 0002:00002A10       GetThemeSysInt
 0002:00002A04       GetThemeSysSize
 0002:00002A0C       GetThemeSysString
 0002:000029A0       GetThemeTextExtent
 0002:000029A4       GetThemeTextMetrics
 0001:000002FC       GetThreadLocale
 0001:00005E5C       GetThreadLocale
 0001:00005E64       GetTickCount
 0001:0000A72C       GetTime
 0001:00005998       GetTlsSize
 0001:00074F7C       GetTopMostWindows
 0001:00052EEC       GetTopParent
 0001:00006544       GetTopWindow
 0001:00015980       GetTypeData
 0001:0000654C       GetUpdateRect
 0001:00090CDC       GetUserAppDataFolder
 0001:00005E6C       GetUserDefaultLCID
 0001:000151BC       GetVarDataArrayInfo
 0001:00016494       GetVariantProp
 0001:00000384       GetVersion
 0001:00005E74       GetVersion
 0001:00005E7C       GetVersionEx
 0001:00015FB4       GetWideStrProp
 0001:00015E98       GetWideStrPropAsLongStr
 0001:00006554       GetWindow
 0001:0000655C       GetWindowDC
 0001:00006564       GetWindowLong
 0001:0000656C       GetWindowLongW
 0001:0000613C       GetWindowOrgEx
 0001:00006574       GetWindowPlacement
 0001:0000657C       GetWindowRect
 0001:00006584       GetWindowText
 0001:00006594       GetWindowTextLengthW
 0001:0000658C       GetWindowTextW
 0002:00002A1C       GetWindowTheme
 0001:0000659C       GetWindowThreadProcessId
 0001:000065A4       GetWindowThreadProcessId
 0001:00006134       GetWinMetaFileBits
 0001:00005E84       GlobalAddAtom
 0001:00005E8C       GlobalAlloc
 0001:000068CC       GlobalAllocPtr
 0001:00005E94       GlobalDeleteAtom
 0001:00005E9C       GlobalFindAtom
 0002:00002868       GlobalFixupList
 0001:0001CD90       GlobalFixupReferences
 0001:00005EA4       GlobalFree
 0001:000068F8       GlobalFreePtr
 0001:00005EB4       GlobalHandle
 0001:00005EAC       GlobalLock
 0002:0000284C       GlobalNameSpace
 0001:00005EBC       GlobalReAlloc
 0001:000068DC       GlobalReAllocPtr
 0001:00005EC4       GlobalSize
 0001:00005ECC       GlobalUnlock
 0002:00000B34       GlyphCache
 0001:0002C990       Graphics
 0002:00000B84       GripStyles
 0001:0001908C       GroupDescendentsWith
 0002:00002FC8       GTntClipboard
 0001:00077AB8       GUIDToString
 0002:0000045C       GUID_NULL
 0001:0000FA5C       HandleConversionException
 0001:0007210C       HandleEdge
 0001:00089D54       HandleException
 0001:0001E1F4       HandleException
 0001:0007991C       HasData
 0001:0004C3C4       HasPopup
 0002:00000024       HeapAllocFlags
 0002:000025C8       heapErrorCode
 0002:000025CC       heapLock
 0001:0002ED78       HelpIntfs
 0002:00002940       HelpManager
 0002:00002A78       HelpMsg
 0002:00002B48       HelpViewer
 0002:00002B4C       HelpViewerIntf
 0002:0000012C       HexDisplayPrefix
 0001:00021CC8       HexToBin
 0001:000068A8       HiByte
 0002:00000B98       HideScrollBars
 0002:00000BD4       HideSelections
 0002:00000BA0       HideSelections
 0002:00000D48       HideSelections
 0001:000606BC       HideZone
 0001:0008AAEC       HIMETRICtoDP
 0002:00002668       HInstance
 0002:00002C04       HintDoneEvent
 0001:000748A4       HintGetMsgHook
 0002:00002C08       HintHook
 0001:00074848       HintMouseThread
 0002:00002C0C       HintThread
 0002:00002C00       HintThreadID
 0001:000747F4       HintTimerProc
 0002:00000FEC       HintWindowClass
 0002:000029AC       HitTestThemeBackground
 0001:000068A4       HiWord
 0001:000748E8       HookHintHooks
 0001:00006A7C       HwndMSWheel
 0002:00000C50       IAlignment
 0002:00000F80       IBreaks
 0002:00000F8C       IChecks
 0002:000008E4       IconIDs
 0002:00000F94       IDefaults
 0001:00025154       IdentToCharset
 0001:00024F4C       IdentToColor
 0001:00052CF8       IdentToCursor
 0001:000192F0       IdentToInt
 0002:00000F9C       IEnables
 0001:00068C58       IfHotkeyAvailable
 0002:00002BDC       ImageListWriteExProc
 0001:0002D0D4       ImageList_Add
 0001:0002D0F4       ImageList_AddIcon
 0001:0002D124       ImageList_BeginDrag
 0001:0002D0BC       ImageList_Create
 0001:0002D0C4       ImageList_Destroy
 0001:0002D134       ImageList_DragEnter
 0001:0002D13C       ImageList_DragLeave
 0001:0002D144       ImageList_DragMove
 0001:0002D154       ImageList_DragShowNolock
 0001:0002D104       ImageList_Draw
 0001:0002D114       ImageList_DrawEx
 0001:0002D12C       ImageList_EndDrag
 0001:0002D0EC       ImageList_GetBkColor
 0001:0002D15C       ImageList_GetDragImage
 0001:0002D174       ImageList_GetIconSize
 0001:0002D0CC       ImageList_GetImageCount
 0001:0002D164       ImageList_Read
 0001:0002D11C       ImageList_Remove
 0001:0002D10C       ImageList_Replace
 0001:0002D0DC       ImageList_ReplaceIcon
 0001:0002D0E4       ImageList_SetBkColor
 0001:0002D14C       ImageList_SetDragCursorImage
 0001:0002D17C       ImageList_SetIconSize
 0001:0002D16C       ImageList_Write
 0002:00000EF0       Images
 0001:00064938       ImgList
 0001:0002DD80       Imm
 0002:00000ED4       IMM32DLL
 0001:000612AC       Imm32IsIME
 0002:00000180       IMSecsPerDay
 0001:0000FDE8       InBounds
 0001:0000FB48       InBounds
 0001:0000D148       IncludeTrailingPathDelimiter
 0001:0000FB78       Increment
 0001:0000FE18       Increment
 0001:0002D100       IndexToOverlayMask
 0001:0002D1C8       IndexToStateImageMask
 0001:000065AC       InflateRect
 0001:000386F0       IniFiles
 0001:00000BF8       InitAllocator
 0001:0002D5C8       InitAnApi
 0002:0000292C       InitApis
 0001:00080D04       InitAtomStrings
 0001:00080C1C       InitAtomStrings_D6_D7_D9
 0001:0002D028       InitComCtl
 0001:0003D3CC       InitCommonControl
 0001:0002D020       InitCommonControls
 0001:0002D088       InitCommonControlsEx
 0001:000787C8       InitComObj
 0001:00019598       InitComponent
 0002:00002638       InitContext
 0001:00061348       InitControls
 0001:00080D0C       InitControls
 0001:0002C508       InitDefFontData
 0001:0000DBBC       InitDriveSpacePtr
 0001:0000CB10       InitExceptions
 0001:0002FDEC       InitFlatSB
 0001:00033140       InitGlobals
 0001:0002750C       InitializeBitmapInfoHeader
 0001:00005ED4       InitializeCriticalSection
 0001:000003D0       InitializeCriticalSection
 0002:000025C4       initialized
 0001:0002FDC4       InitializeFlatSB
 0001:00005A24       InitializeModule
 0001:0000EBB4       InitializeVarUtils
 0001:0007CC78       Initialize_UTF7_Data
 0001:00060F4C       InitIMM32
 0001:00019640       InitInheritedComponent
 0001:0000D414       InitLeadBytes
 0001:0002DCA4       InitMultiMonStubs
 0001:0008AE3C       InitOlePro32
 0001:0000CC14       InitPlatformId
 0002:00002044       InitProc
 0001:000775D4       InitProcs
 0001:0002C48C       InitScreenLogPixels
 0001:0000D48C       InitSysLocale
 0001:00030414       InitThemeLibrary
 0001:00021D20       InitThreadSynchronization
 0001:000059A0       InitThreadTLS
 0001:000031E0       InitUnits
 0001:000529DC       InitWndProc
 0001:00080230       InitWndProcW
 0002:00000E74       InnerStyles
 0002:00002050       Input
 0001:000585A8       InsertBefore
 0001:000742CC       InsertBefore
 0001:000010A4       InsertFree
 0001:00068D0C       InsertHotkeyFarEastFormat
 0001:000065B4       InsertMenu
 0001:000065BC       InsertMenuItem
 0002:00002884       InstBlockList
 0002:00002888       InstFreeList
 0001:00014660       Int64Compare
 0001:0001464C       IntCompare
 0002:0000285C       IntConstList
 0001:00077CAC       InterfaceConnect
 0001:00077D58       InterfaceDisconnect
 0001:00000374       InterlockedDecrement
 0001:0000DC24       InterlockedDecrement
 0001:00005D8C       InterlockedExchange
 0001:0000DC30       InterlockedExchange
 0001:0000DC38       InterlockedExchangeAdd
 0001:0000036C       InterlockedIncrement
 0001:0000DC18       InterlockedIncrement
 0001:00024638       InternalDeletePalette
 0001:00001F40       InternalFlush
 0001:00000EE4       InternalFreeMem
 0001:0002765C       InternalGetDIB
 0001:000275F0       InternalGetDIBSizes
 0001:00019430       InternalReadComponentRes
 0002:00002B30       InternalServices
 0001:00003A30       InternalUniqueString
 0001:00006144       IntersectClipRect
 0001:00005AD0       IntersectRect
 0001:000065C4       IntersectRect
 0001:000085FC       IntToHex
 0001:00019330       IntToIdent
 0001:000085D4       IntToStr
 0001:00008404       IntToStr
 0001:000065CC       InvalidateRect
 0001:0002665C       InvalidBitmap
 0001:00026644       InvalidGraphic
 0001:00026668       InvalidIcon
 0001:00026674       InvalidMetafile
 0001:0002662C       InvalidOperation
 0001:0008AC04       InvalidOperation
 0001:00018418       InvalidPoint
 0001:00018404       InvalidPoint
 0002:0000279C       InvalidPointer
 0002:00002D20       invbase64
 0001:000027C8       InvokeImplGetter
 0001:00001CA8       IOResult
 0002:00000FBC       IOwnerDraw
 0002:00000FA4       IRadios
 0002:00000FB4       IRTL
 0001:0006D2C8       IsAccel
 0001:00069EEC       IsAccelChar
 0001:00016A10       IsAccelerator
 0002:00002A18       IsAppThemed
 0001:00053544       IsBeforeTargetWindow
 0001:000065D4       IsChild
 0001:0007FDB8       IsChildEdit
 0002:0000204C       IsConsole
 0002:00002D18       IsDebugging
 0001:00020700       IsDefault
 0001:0002057C       IsDefaultFloatProp
 0001:000205D8       IsDefaultInt64Prop
 0001:000208A4       IsDefaultInterfaceProp
 0001:00020980       IsDefaultMethodProp
 0001:00020758       IsDefaultObjectProp
 0001:00020524       IsDefaultOrdProp
 0001:00079650       IsDefaultOrdPropertyValue
 0001:00020A90       IsDefaultPropertyValue
 0001:00020630       IsDefaultStrProp
 0001:000207D8       IsDefaultValue
 0001:000209F8       IsDefaultVariantProp
 0001:0000D104       IsDelimiter
 0001:000539A0       IsDelphiHandle
 0001:000065DC       IsDialogMessage
 0001:000065E4       IsDialogMessageA
 0001:000065EC       IsDialogMessageW
 0002:00000FAC       ISeparators
 0001:000169B8       IsEqualIID
 0001:000065F4       IsIconic
 0001:00069F48       IsInitialChar
 0001:0000A35C       IsLeapYear
 0002:00002038       IsLibrary
 0002:0000204D       IsMultiThread
 0001:0005E36C       IsOrientationSet
 0001:0000D0D0       IsPathDelimiter
 0001:00005B30       IsRectEmpty
 0001:000065FC       IsRectEmpty
 0001:00038858       IsRelative
 0001:0008F6E4       IsRichEdit20Available
 0001:00053748       IsSiteChildOfClient
 0001:00015C10       IsStoredProp
 0001:0007F7F4       IsTextMessage
 0002:00002A14       IsThemeActive
 0002:000029BC       IsThemeBackgroundPartiallyTransparent
 0002:00002A24       IsThemeDialogTextureEnabled
 0002:000029B8       IsThemePartDefined
 0001:0007F794       IsUnicodeCreationControl
 0001:0001940C       IsUniqueGlobalComponentName
 0002:00002850       IsUniqueGlobalComponentNameProc
 0001:000082F4       IsValidIdent
 0001:0000D474       IsWesternGroup
 0001:000867E4       IsWideCharAccel
 0001:0007BE68       IsWideCharMappableToAnsi
 0001:00006604       IsWindow
 0001:0000660C       IsWindowEnabled
 0001:00006614       IsWindowUnicode
 0001:0000661C       IsWindowVisible
 0001:00006624       IsZoomed
 0001:00065CCC       Iterate
 0001:00065D2C       IterateMenus
 0002:0000002C       JITEnable
 0001:0007D52C       KeyboardCodePage
 0001:0006D27C       KeyboardStateToShiftState
 0001:0006D240       KeyDataToShiftState
 0001:0006D1EC       KeysToShiftState
 0001:0007D540       KeyUnicode
 0001:0000662C       KillTimer
 0001:00008B34       LastDelimiter
 0002:00002D08       Last_VerQueryValue_String
 0001:0007D4B8       LCIDToCodePage
 0001:0000D3A0       LCIDToCodePage
 0001:000057D0       LCIDToCodePage
 0002:0000010C       LeadBytes
 0001:00005EDC       LeaveCriticalSection
 0001:000003E0       LeaveCriticalSection
 0002:00000034       LibModuleList
 0001:0008C0E8       LicenseCheck
 0001:0000614C       LineTo
 0001:0003AB94       ListActns
 0001:00054530       ListAdd
 0001:00039DA0       ListItemsCompare
 0001:00054558       ListRemove
 0002:00002752       ListSeparator
 0001:0002D2DC       ListView_Arrange
 0001:0002D388       ListView_CreateDragImage
 0001:0002D22C       ListView_DeleteAllItems
 0001:0002D334       ListView_DeleteColumn
 0001:0002D214       ListView_DeleteItem
 0001:0002D264       ListView_FindItem
 0001:0002D45C       ListView_GetCheckState
 0001:0002D558       ListView_GetColumnOrderArray
 0001:0002D34C       ListView_GetColumnWidth
 0001:0002D2F4       ListView_GetEditControl
 0001:0002D1CC       ListView_GetItem
 0001:0002D1B8       ListView_GetItemCount
 0001:0002D274       ListView_GetItemRect
 0001:0002D44C       ListView_GetItemState
 0001:0002D240       ListView_GetNextItem
 0001:0002D3E4       ListView_GetOrigin
 0001:0002D514       ListView_GetSelectedCount
 0001:0002D3D4       ListView_GetTopIndex
 0001:0002D2B0       ListView_HitTest
 0001:0002D324       ListView_InsertColumn
 0001:0002D1FC       ListView_InsertItem
 0001:0002D2C0       ListView_RedrawItems
 0001:0002D184       ListView_SetBkColor
 0001:0002D47C       ListView_SetCheckState
 0001:0002D308       ListView_SetColumn
 0001:0002D53C       ListView_SetColumnOrderArray
 0001:0002D364       ListView_SetColumnWidth
 0001:0002D524       ListView_SetExtendedListViewStyle
 0001:0002D19C       ListView_SetImageList
 0001:0002D1E4       ListView_SetItem
 0001:0002D4D8       ListView_SetItemCount
 0001:0002D4E8       ListView_SetItemCountEx
 0001:0002D41C       ListView_SetItemState
 0001:0002D4A8       ListView_SetItemText
 0001:0002D3BC       ListView_SetTextBkColor
 0001:0002D3A4       ListView_SetTextColor
 0001:0002D574       ListView_SetWorkAreas
 0001:0002D4F8       ListView_SortItems
 0001:0002D3FC       ListView_Update
 0001:00006634       LoadBitmap
 0001:00077E08       LoadComExProcs
 0001:0000663C       LoadCursor
 0001:00006644       LoadIcon
 0001:0000664C       LoadKeyboardLayout
 0001:00005EE4       LoadLibrary
 0001:00005EEC       LoadLibraryA
 0001:00000304       LoadLibraryEx
 0001:00005EF4       LoadLibraryW
 0001:00005EFC       LoadResource
 0001:00004E88       LoadResourceModule
 0001:00005778       LoadResString
 0001:0000030C       LoadString
 0001:00006654       LoadString
 0001:0000665C       LoadStringW
 0001:00005974       LocalAlloc
 0001:000003B0       LocalAlloc
 0001:000003B8       LocalFree
 0001:0000BCA0       LocalGetLocaleStr
 0002:00002A4C       Lock
 0001:00005F04       LockResource
 0002:00002694       LongDateFormat
 0002:00002728       LongDayNames
 0002:000026DC       LongMonthNames
 0002:000026A8       LongTimeFormat
 0001:00007CE4       LowerCase
 0001:00005FA4       lstrcmp
 0001:00005FAC       lstrcpy
 0001:00000314       lstrcpyn
 0002:00002824       LVarTypes
 0002:00002828       LVarTypeSync
 0001:000912C8       MainFrm
 0002:00002030       MainInstance
 0002:00002034       MainThreadID
 0001:00000474       MakeEmpty
 0001:0000331C       MakeErrorMessage
 0002:00000EC0       MakeLast
 0001:00006898       MakeLong
 0001:0000695C       MakeLParam
 0001:0006D1C8       MakeObjectInstance
 0001:00022FC4       MakeObjectInstance
 0001:0000691C       MakeROP4
 0001:0007F80C       MakeWMCharMsgSafeForAnsi
 0001:00006884       MakeWord
 0001:00006954       MakeWParam
 0002:000011B8       ManualPeekMessageWithRemove
 0001:0000C7C8       MapException
 0001:00038EF8       Mapi
 0002:00000B60       MAPIDLL
 0002:00000B64       MAPIModule
 0001:00002FE8       MapToRunError
 0001:00006664       MapVirtualKey
 0001:0000666C       MapVirtualKeyW
 0001:00006674       MapWindowPoints
 0002:00000EF8       Mask
 0001:00006154       MaskBlt
 0001:0002CACC       Math
 0001:0002CA94       Max
 0001:0006FB98       MaximizedChildren
 0002:0000003C       MemoryManager
 0001:00087D10       MenuItemHasBitmap
 0002:00000F14       MenuKeyCaps
 0001:0006B010       Menus
 0001:0000050C       MergeBlockAfter
 0001:000011E8       MergeCommit
 0001:0000667C       MessageBeep
 0001:00006684       MessageBox
 0001:000002AC       MessageBox
 0001:00032FD4       MessageDlgPos
 0001:00032FF8       MessageDlgPosHelp
 0001:00006BDC       Messages
 0001:00019EC4       Min
 0001:0002CA8C       Min
 0001:00057DDC       MinVar
 0002:00002934       MMAvailable
 0002:00000950       ModalResults
 0002:00000ED8       ModeMap
 0001:00071898       ModifySystemMenu
 0002:000000A4       Module
 0002:00002665       ModuleIsCpp
 0002:00002664       ModuleIsLib
 0001:00022F94       ModuleUnload
 0002:00000038       ModuleUnloadList
 0002:00002910       MonitorFromPoint
 0002:0000290C       MonitorFromRect
 0002:00002908       MonitorFromWindow
 0002:000000DC       MonthDays
 0002:00002B50       Mouse
 0002:000011E0       MouseMap
 0001:00001CC8       Move
 0001:0000615C       MoveToEx
 0001:00054578       MoveWindowOrg
 0001:000915B8       MSDictBuild
 0001:00005F0C       MulDiv
 0001:00000324       MultiByteToWideChar
 0001:00005F14       MultiByteToWideChar
 0001:0007703C       MultiLineWidth
 0001:0002DD40       MultiMon
 0002:00000BCC       MultiSelections
 0002:00002EAC       mustshiftopt
 0002:00002E2C       mustshiftsafe
 0001:00087FA4       NativeMenuString
 0001:00087F48       NativeMenuTypeIsString
 0002:0000116C       needtables
 0002:00002C24       NeedToUninitialize
 0002:00002689       NegCurrFormat
 0001:00001274       NewCommit
 0001:000012A0       NewCommitAt
 0002:00000B4C       NewState
 0002:00002B54       NewStyleControls
 0001:0000D094       NextCharIndex
 0001:0005E350       NextVisibleZone
 0002:00000498       NilMethod
 0002:00000030       NoErrMsg
 0001:00066AE0       NormalDraw
 0001:00002BA0       NotifyAnyExcept
 0001:0001A350       NotifyDesigner
 0001:00002B74       NotifyExcept
 0001:00002BD4       NotifyExceptFinally
 0001:0001950C       NotifyGlobalLoading
 0001:000051C4       NotifyModuleUnload
 0001:00002B50       NotifyNonDelphiException
 0001:00002B8C       NotifyOnExcept
 0001:00002B34       NotifyReRaise
 0001:00002BFC       NotifyTerminate
 0001:00002C18       NotifyUnhandled
 0002:00002FE0       NTGetMessageHook
 0001:00069898       NthParentOf
 0001:00015698       Null
 0002:00000324       NullAsStringValue
 0001:00014564       NullCompare
 0002:00000318       NullEqualityRule
 0002:0000031C       NullMagnitudeRule
 0002:00000320       NullStrictConvert
 0001:000206C0       ObjectAncestorMatch
 0001:00052A94       ObjectFromHWnd
 0002:00000D50       OEMConverts
 0001:0000668C       OemToAnsi
 0001:00006694       OffsetRect
 0001:00005B48       OffsetRect
 0001:00077AA0       OleCheck
[...]
   615 0001:00085FCF   616 0001:00085FD8   620 0001:00085FDC   621 0001:00085FE1
   624 0001:00085FE4   625 0001:00085FEA   626 0001:00085FF3   630 0001:00085FF8
   631 0001:00085FFD   643 0001:00086000   644 0001:00086003   645 0001:0008600D
   646 0001:0008601B   647 0001:00086025   648 0001:00086033   650 0001:00086038
   651 0001:00086056   652 0001:00086060   654 0001:0008606C   655 0001:00086076
   657 0001:00086080   658 0001:00086087   661 0001:000860A3   662 0001:000860BC
   666 0001:000860D9   668 0001:000860F4   670 0001:000860FE   671 0001:00086105
   673 0001:00086121   676 0001:00086127   679 0001:00086140   680 0001:0008614B
   682 0001:00086155   683 0001:0008615F   684 0001:00086169   687 0001:00086179
   688 0001:0008618B   690 0001:00086190   691 0001:000861A2   692 0001:000861AD
   695 0001:000861F2   699 0001:00086204   700 0001:00086209   703 0001:0008620C
   704 0001:00086212   705 0001:0008621B   709 0001:00086220   710 0001:00086225
   713 0001:00086228   714 0001:00086231   715 0001:0008623C   716 0001:00086247
   719 0001:0008624C   720 0001:0008624F   721 0001:0008625F  1062 0001:00086294
  1062 0001:0008629B

Line numbers for TntDialogs(TntDialogs.pas) segment .text

   922 0001:000863F4   922 0001:00086407

Line numbers for TntStdActns(TntStdActns.pas) segment .text

    37 0001:00086408   622 0001:0008655C   623 0001:00086564   625 0001:0008656D
   626 0001:0008658D   627 0001:000865A9   628 0001:000865C1   631 0001:000865D9
   633 0001:000865F9   637 0001:00086605   638 0001:00086625   640 0001:0008663A
   644 0001:00086652   645 0001:00086672   647 0001:0008667E   656 0001:00086684
   657 0001:0008668A   658 0001:00086693   659 0001:0008669C   662 0001:000866A0
   663 0001:000866A6   664 0001:000866AF   665 0001:000866B8   678 0001:000866BC
   679 0001:000866C2   680 0001:000866CB   684 0001:000866D0   685 0001:000866D5
  1922 0001:00086708  1922 0001:0008670F

Line numbers for TntForms(TntForms.pas) segment .text

   206 0001:000867E4   207 0001:000867FD   208 0001:00086804   209 0001:0008684B
   487 0001:00086854   488 0001:00086866   489 0001:0008686F   490 0001:00086881
   491 0001:00086889   492 0001:000868AD   495 0001:000868B0   496 0001:000868BB
   497 0001:000868C3   498 0001:000868D5   499 0001:000868EC   502 0001:000868F0
   504 0001:0008690D   505 0001:00086936   507 0001:0008694B   508 0001:00086989
   512 0001:00086990   513 0001:0008699C   517 0001:000869A0   518 0001:000869BA
   526 0001:000869BC   527 0001:000869D6   528 0001:000869EE   529 0001:00086A09
   530 0001:00086A2B   532 0001:00086A3E   533 0001:00086A77   537 0001:00086A80
   538 0001:00086A8C   541 0001:00086A90   542 0001:00086AAB   543 0001:00086AC2
   544 0001:00086AE4   545 0001:00086B00   548 0001:00086B0A   549 0001:00086B51
   607 0001:00086B58   608 0001:00086B6F   609 0001:00086B79   610 0001:00086BAA
   613 0001:00086BB0   614 0001:00086BC6   615 0001:00086BF7   618 0001:00086BFC
   619 0001:00086C00   620 0001:00086C02   621 0001:00086C12   622 0001:00086C28
   624 0001:00086C43   626 0001:00086C5E   638 0001:00086D88   639 0001:00086D9A
   640 0001:00086DA3   641 0001:00086DAC   642 0001:00086DBD   643 0001:00086DC6
   644 0001:00086DDD   645 0001:00086DEF   646 0001:00086E00   647 0001:00086E1F
   650 0001:00086E24   651 0001:00086E2F   652 0001:00086E38   653 0001:00086E42
   654 0001:00086E59   658 0001:00086E5C   659 0001:00086E66   664 0001:00086E68
   665 0001:00086E71   667 0001:00086E73   668 0001:00086E86   670 0001:00086EA1
   672 0001:00086EB4   675 0001:00086EB8   680 0001:00086F04   682 0001:00086F06
   683 0001:00086F0A   684 0001:00086F1B   685 0001:00086F34   687 0001:00086F40
   688 0001:00086F53   690 0001:00086F5B   695 0001:00086F64   696 0001:00086F83
   697 0001:00086F87   698 0001:00086F8C   699 0001:00086F96   701 0001:00086F9D
   703 0001:00086FAE   704 0001:00086FB8   706 0001:00086FC0   707 0001:00086FCC
   708 0001:00086FCF   711 0001:00087004   712 0001:00087008   713 0001:0008700F
   715 0001:00087020   716 0001:00087035   717 0001:00087043   719 0001:0008705C
   724 0001:00087099   757 0001:000870A0   758 0001:000870B0   762 0001:000870C2
   763 0001:000870C5   765 0001:000870DF   767 0001:000870E7   768 0001:000870F5
   772 0001:00087100   773 0001:0008711E   774 0001:00087137   775 0001:00087140
   776 0001:00087145   779 0001:000871A4   780 0001:000871BE   784 0001:00087261
   866 0001:000872B0   867 0001:000872D2   868 0001:000872DB   870 0001:000872E8
   872 0001:000872F8   874 0001:00087317   860 0001:0008731C   861 0001:00087325
   862 0001:00087338   863 0001:00087342   865 0001:00087347

Line numbers for TntMenus(TntMenus.pas) segment .text

   172 0001:000874EC   173 0001:000874FC   174 0001:0008751A   175 0001:00087521
   176 0001:00087531   178 0001:00087535   179 0001:00087547   181 0001:00087559
   184 0001:000875BC   185 0001:000875BF   186 0001:000875DD   187 0001:000875E8
   192 0001:00087648   193 0001:0008766E   197 0001:0008768F   199 0001:000876AA
   200 0001:000876C3   201 0001:000876D8   202 0001:000876ED   204 0001:00087702
   206 0001:0008770E   208 0001:0008771E   209 0001:00087725   210 0001:0008774D
   211 0001:00087775   212 0001:0008779D   214 0001:000877A9   216 0001:00087805
   259 0001:0008781C   260 0001:00087821   261 0001:00087823   262 0001:00087828
   263 0001:0008782F   265 0001:00087833   267 0001:00087842   268 0001:00087843
   269 0001:0008784B   271 0001:0008784D   263 0001:0008784E   273 0001:00087854
   278 0001:00087858   279 0001:0008785F   280 0001:00087868   281 0001:0008786C
   283 0001:00087875   284 0001:00087881   289 0001:00087888   290 0001:0008788E
   291 0001:00087897   294 0001:0008789E   295 0001:000878A8   298 0001:000878DA
   299 0001:000878E9   301 0001:000878EE   302 0001:000878FC   292 0001:000878FD
   304 0001:00087908   307 0001:0008790C   308 0001:00087927   309 0001:0008796E
   312 0001:00087974   313 0001:0008798F   314 0001:000879D6   325 0001:000879DC
   326 0001:000879E2   327 0001:000879F3   329 0001:000879FF   330 0001:00087A09
   397 0001:00087A0C   398 0001:00087A30   401 0001:00087A96   402 0001:00087AAA
   405 0001:00087AB1   406 0001:00087AB9   409 0001:00087AE7   410 0001:00087AFA
   411 0001:00087AFB   412 0001:00087B07   414 0001:00087B0C   415 0001:00087B1A
   418 0001:00087B1B   403 0001:00087B1C   421 0001:00087B27   422 0001:00087B4A
   425 0001:00087BFA   430 0001:00087C50   431 0001:00087C57   432 0001:00087C6D
   433 0001:00087C7C   432 0001:00087C8D   434 0001:00087C92   435 0001:00087CA3
   437 0001:00087CAC   440 0001:00087CB8   442 0001:00087CBB   443 0001:00087CC6
   447 0001:00087CEF   450 0001:00087D0B   567 0001:00087D10   568 0001:00087D17
   573 0001:00087D18   574 0001:00087D1E   575 0001:00087D27   576 0001:00087D30
   581 0001:00087D34   582 0001:00087D38   583 0001:00087D51   587 0001:00087D54
   588 0001:00087D59   591 0001:00087D5C   592 0001:00087D7A   596 0001:00087DCA
   598 0001:00087DE3   599 0001:00087E2D   602 0001:00087E34   603 0001:00087E4D
   604 0001:00087E57   605 0001:00087E8A   608 0001:00087E90   609 0001:00087E96
   610 0001:00087EA6   613 0001:00087EAC   614 0001:00087EB2   615 0001:00087EBC
   619 0001:00087EC0   620 0001:00087ED7   623 0001:00087ED8   624 0001:00087EDC
   625 0001:00087EF5   628 0001:00087EF8   629 0001:00087EFB   630 0001:00087F02
   631 0001:00087F12   634 0001:00087F14   635 0001:00087F17   636 0001:00087F20
   637 0001:00087F27   638 0001:00087F37   640 0001:00087F43   650 0001:00087F48
   651 0001:00087F51   652 0001:00087F58   653 0001:00087F5F   654 0001:00087F68
   655 0001:00087F6F   657 0001:00087F9F   662 0001:00087FA4   663 0001:00087FAC
   664 0001:00087FCA   665 0001:00087FE9   666 0001:00087FED   668 0001:00087FF6
   669 0001:00088002   670 0001:00088026   672 0001:0008802F   678 0001:00088090
   679 0001:0008809C   680 0001:000880A3   681 0001:000880AA   682 0001:000880B3
   683 0001:000880BA   686 0001:000880E4   687 0001:000880EE   688 0001:000880F8
   690 0001:0008811A   699 0001:00088120   700 0001:00088140   701 0001:0008814A
   702 0001:00088151   703 0001:00088158   705 0001:00088164   707 0001:0008816E
   712 0001:000881CB   713 0001:000881D6   716 0001:0008820E   717 0001:00088235
   719 0001:0008824C   720 0001:00088256   723 0001:0008827E   726 0001:000882A9
   734 0001:000882C0   735 0001:000882C1   736 0001:000882C8   737 0001:000882CC
   738 0001:000882D0   739 0001:000882E1   741 0001:000882E6   742 0001:000882E8
   743 0001:000882F3   757 0001:000882F8   758 0001:0008832C   759 0001:00088336
   760 0001:00088340   762 0001:00088367   765 0001:00088384   766 0001:0008838A
   769 0001:000883D3   771 0001:000883F4   772 0001:000883F8   773 0001:000883FE
   777 0001:0008840C   780 0001:00088415   782 0001:0008841D   783 0001:00088420
   784 0001:00088424   785 0001:00088443   787 0001:00088446   788 0001:0008844E
   790 0001:00088453   791 0001:00088462   793 0001:00088470   794 0001:00088476
   796 0001:0008847A   797 0001:00088480   798 0001:0008848E   799 0001:0008849D
   802 0001:000884AA   803 0001:000884AD   805 0001:000884B1   806 0001:000884B5
   807 0001:000884BB   808 0001:000884C1   810 0001:000884CA   812 0001:000884D0
   813 0001:000884DF   815 0001:000884F2   820 0001:0008850B   821 0001:00088515
   822 0001:0008851A   823 0001:00088520   825 0001:00088529   827 0001:0008852F
   828 0001:00088532   829 0001:00088535   830 0001:00088546   831 0001:00088555
   833 0001:0008855C   834 0001:00088569   835 0001:00088572   836 0001:00088586
   837 0001:000885B0   839 0001:000885B6   840 0001:000885BB   842 0001:000885C1
   843 0001:000885DF   848 0001:000885F7   849 0001:00088601   850 0001:00088621
   852 0001:00088633   853 0001:00088639   854 0001:0008863F   856 0001:00088662
   857 0001:00088667   859 0001:00088670   862 0001:000886B4   868 0001:000886C0
   869 0001:000886EB   870 0001:000886F6   874 0001:00088741   876 0001:0008875D
   877 0001:00088768   878 0001:00088773   879 0001:00088781   880 0001:0008878B
   881 0001:00088799   882 0001:000887A3   884 0001:000887BA   886 0001:000887CC
   888 0001:000887F0   889 0001:000887FA   890 0001:00088808   891 0001:00088813
   893 0001:0008882C   896 0001:00088846   898 0001:00088882   905 0001:0008888C
   906 0001:000888B5   908 0001:000888CA   910 0001:000888EF   911 0001:000888F9
   913 0001:0008890B   914 0001:00088913   915 0001:0008891B   916 0001:00088925
   917 0001:0008892B   919 0001:00088931   920 0001:0008893C   921 0001:00088963
   924 0001:00088970   925 0001:0008897A   926 0001:00088980   927 0001:00088998
   929 0001:000889A2   931 0001:000889A8   932 0001:000889B5   933 0001:000889C2
   934 0001:000889E9   936 0001:000889F6   937 0001:00088A16   938 0001:00088A25
   940 0001:00088A32   943 0001:00088A7E   948 0001:00088A94   949 0001:00088AA0
   950 0001:00088AAE   952 0001:00088AD7   953 0001:00088ADE   958 0001:00088AE8
   959 0001:00088B17   961 0001:00088B2D   963 0001:00088B44   964 0001:00088B59
   965 0001:00088B67   966 0001:00088B78   967 0001:00088B8A   968 0001:00088BA8
   969 0001:00088BC9   970 0001:00088BD5   971 0001:00088BF2   974 0001:00088C2C
   976 0001:00088C49   978 0001:00088C9D   996 0001:00088CA4   997 0001:00088CA9
  1000 0001:00088CAC  1001 0001:00088CCE  1002 0001:00088CEF  1003 0001:00088D09
  1004 0001:00088D1D  1005 0001:00088D37  1007 0001:00088D4B  1008 0001:00088D78
  1076 0001:00088D90  1077 0001:00088DB4  1080 0001:00088DCB  1081 0001:00088DD5
  1082 0001:00088DE4  1081 0001:00088DF3  1087 0001:00088DFB  1088 0001:00088DFF
  1089 0001:00088E0C  1091 0001:00088E1B  1093 0001:00088E21  1094 0001:00088E2A
  1095 0001:00088E43  1098 0001:00088E4C  1099 0001:00088E56  1100 0001:00088E6D
  1102 0001:00088E73  1103 0001:00088E98  1105 0001:00088E9A  1089 0001:00088E9B
  1106 0001:00088EA2  1109 0001:00088EB0  1110 0001:00088EDC  1117 0001:00088EE4
  1119 0001:00088F1C  1112 0001:00088F20  1113 0001:00088F29  1114 0001:00088F3A
  1116 0001:00088F4A

Line numbers for ActiveIMM_TLB(ActiveIMM_TLB.pas) segment .text

   891 0001:0008E52C   892 0001:0008E542   893 0001:0008E57B  1374 0001:0008E5C0
  1374 0001:0008E5C7

Line numbers for TntComCtrls(TntComCtrls.pas) segment .text

  2588 0001:0008F3C0  2589 0001:0008F3D2  2590 0001:0008F3DB  2591 0001:0008F3F6
  2596 0001:0008F3FC  2597 0001:0008F405  2598 0001:0008F41D  2599 0001:0008F42B
  2600 0001:0008F439  2602 0001:0008F44E  2604 0001:0008F46E  2609 0001:0008F474
  2610 0001:0008F476  2612 0001:0008F479  2613 0001:0008F47D  2615 0001:0008F49A
  2616 0001:0008F4B5  2618 0001:0008F4CA  2621 0001:0008F4D0  2622 0001:0008F4DA
  2623 0001:0008F4E4  2624 0001:0008F4F2  2626 0001:0008F509  2628 0001:0008F51B
  2633 0001:0008F520  2634 0001:0008F529  2635 0001:0008F535  2637 0001:0008F542
  2638 0001:0008F552  2641 0001:0008F558  2642 0001:0008F561  2643 0001:0008F56D
  2645 0001:0008F57A  2646 0001:0008F58A  2649 0001:0008F590  2650 0001:0008F5A9
  2651 0001:0008F5B5  2653 0001:0008F5C0  2654 0001:0008F5F8  2657 0001:0008F600
  2658 0001:0008F619  2659 0001:0008F625  2661 0001:0008F630  2662 0001:0008F668
  2667 0001:0008F670  2668 0001:0008F687  2669 0001:0008F690  2670 0001:0008F6A4
  2671 0001:0008F6A7  2672 0001:0008F6B0  2673 0001:0008F6C0  2674 0001:0008F6DC
  2683 0001:0008F6E4  2684 0001:0008F6ED  2685 0001:0008F6FC  2686 0001:0008F706
  2696 0001:0008F724  2697 0001:0008F72A  2698 0001:0008F733  2699 0001:0008F73C
  2700 0001:0008F743  2703 0001:0008F748  2704 0001:0008F74E  2705 0001:0008F761
  2707 0001:0008F774  2708 0001:0008F77D  2714 0001:0008F79C  2715 0001:0008F7B8
  2716 0001:0008F7C1  2718 0001:0008F7C7  2719 0001:0008F7CB  2720 0001:0008F7D9
  2721 0001:0008F7E7  2722 0001:0008F801  2723 0001:0008F811  2726 0001:0008F824
  2729 0001:0008F853  2735 0001:0008F85C  2736 0001:0008F85F  2738 0001:0008F866
  2739 0001:0008F86F  2740 0001:0008F885  2743 0001:0008F888  2744 0001:0008F88E
  2745 0001:0008F897  2746 0001:0008F8A0  2749 0001:0008F8A4  2750 0001:0008F8AF
  2751 0001:0008F8BA  2752 0001:0008F8D1  2755 0001:0008F8D4  2756 0001:0008F8DE
  2757 0001:0008F8EA  2758 0001:0008F903  2759 0001:0008F908  2763 0001:0008F910
  2764 0001:0008F923  2766 0001:0008F926  2767 0001:0008F928  2770 0001:0008F92C
  2771 0001:0008F92F  2772 0001:0008F93A  2775 0001:0008F93C  2776 0001:0008F955
  2777 0001:0008F986  2783 0001:0008F98C  2784 0001:0008F9AE  2785 0001:0008F9BF
  2787 0001:0008F9D5  2788 0001:0008F9ED  2789 0001:0008F9FB  2790 0001:0008FA17
  2792 0001:0008FA1F  2793 0001:0008FA2A  2794 0001:0008FA65  2825 0001:0008FA6C
  2826 0001:0008FA85  2827 0001:0008FA8E  2828 0001:0008FA99  2829 0001:0008FACC
  2844 0001:0008FAD4  2845 0001:0008FAD9  2848 0001:0008FADC  2849 0001:0008FAE2
  2850 0001:0008FAEB  2854 0001:0008FAF0  2855 0001:0008FAF5  2858 0001:0008FAF8
  2859 0001:0008FAFB  2860 0001:0008FB05  2862 0001:0008FB0A  2863 0001:0008FB11
  2866 0001:0008FB14  2867 0001:0008FB33  2868 0001:0008FB3F  2870 0001:0008FB69
  2871 0001:0008FB74  2872 0001:0008FB82  2874 0001:0008FB99  2876 0001:0008FBC9
  2898 0001:0008FBD0  2899 0001:0008FBDB  2900 0001:0008FBEA  2902 0001:0008FBF1
  2903 0001:0008FC0F  2904 0001:0008FC27  2905 0001:0008FC30  2907 0001:0008FC35
  2908 0001:0008FC3B  2909 0001:0008FC46  2908 0001:0008FC5C  2910 0001:0008FC5F
  2911 0001:0008FC6E  2913 0001:0008FC72  2915 0001:0008FC74  2924 0001:0008FCDC
  2925 0001:0008FCE7  2926 0001:0008FCF6  2928 0001:0008FCFD  2929 0001:0008FD1B
  2930 0001:0008FD1D  2931 0001:0008FD23  2932 0001:0008FD3E  2933 0001:0008FD4F
  2935 0001:0008FD56  2936 0001:0008FD5C  2937 0001:0008FD5D  2939 0001:0008FD61
  2940 0001:0008FD72  2941 0001:0008FD76  2944 0001:0008FD85  2931 0001:0008FD88
  2945 0001:0008FD8E  2947 0001:0008FD92  2979 0001:0008FDFC  2980 0001:0008FDFF
  2981 0001:0008FE06  2982 0001:0008FE0F  2985 0001:0008FE14  2986 0001:0008FE1A
  2987 0001:0008FE2C  2992 0001:0008FE30  2993 0001:0008FE36  2994 0001:0008FE41
  2996 0001:0008FE4A  2997 0001:0008FE68  2998 0001:0008FE7F  3000 0001:0008FE9A
  3006 0001:0008FF00  3007 0001:0008FF07  3008 0001:0008FF12  3010 0001:0008FF1D
  3011 0001:0008FF29  3012 0001:0008FF2B  3014 0001:0008FF48  3017 0001:0008FF4C
  3018 0001:0008FF55  3019 0001:0008FF60  3020 0001:0008FF6B  3023 0001:0008FF70
  3024 0001:0008FF73  3025 0001:0008FF83  5052 0001:0008FF88  5053 0001:0008FFAA
  5054 0001:0008FFB8  5055 0001:0008FFC1  5057 0001:0008FFEB  5049 0001:0008FFF0
  5051 0001:0008FFF7

Line numbers for MainFrm(MainFrm.pas) segment .text

    79 0001:0009035C    80 0001:0009037C    81 0001:0009038D    82 0001:0009039B
    84 0001:000903AE    85 0001:000903D5    86 0001:000903E4    87 0001:000903F2
    89 0001:000903FC    90 0001:0009041C    89 0001:00090441    91 0001:00090444
    92 0001:00090461    91 0001:0009048E    94 0001:00090493    93 0001:0009049D
    95 0001:000904C2    97 0001:000904DD   100 0001:0009052F   103 0001:00090538
   104 0001:00090552   105 0001:00090571   106 0001:00090580   107 0001:000905D1
   118 0001:000905D8   119 0001:00090614   120 0001:00090624   121 0001:0009062D
   123 0001:00090637   122 0001:0009063A   124 0001:00090646   125 0001:00090659
   128 0001:00090667   130 0001:0009066B   129 0001:0009066E   131 0001:0009067F
   133 0001:00090692   134 0001:0009069D   137 0001:000906A5   138 0001:000906AD
   141 0001:000906B2   143 0001:000906B7   139 0001:000906BA   145 0001:000906C5
   147 0001:000906CF   148 0001:000906D5   149 0001:000906D8   151 0001:000906E2
   152 0001:000906F0   155 0001:000906FE   157 0001:00090702   156 0001:00090705
   158 0001:00090716   160 0001:00090729   161 0001:00090751   162 0001:00090758
   163 0001:00090787   164 0001:000907A2   165 0001:000907B0   166 0001:000907BF
   167 0001:000907CE   168 0001:000907DC   169 0001:000907F2   170 0001:00090805
   173 0001:00090820   174 0001:0009082E   176 0001:00090869   178 0001:0009089E
   180 0001:000908AA   181 0001:000908B6   182 0001:000908BA   183 0001:000908C3
   185 0001:000908F7   170 0001:000908FA   187 0001:0009090E   188 0001:00090916
   190 0001:00090960   195 0001:000909A4   196 0001:000909DD   197 0001:000909E2
   198 0001:000909F8   200 0001:00090A06   201 0001:00090A0F   202 0001:00090A3F
   204 0001:00090A5B   206 0001:00090AA2   212 0001:00090AAC   213 0001:00090ACE
   214 0001:00090AD5   216 0001:00090AEF   217 0001:00090AF9   218 0001:00090B07
   220 0001:00090B0C   221 0001:00090B11   222 0001:00090B20   223 0001:00090B2E
   224 0001:00090B38   225 0001:00090B6F   226 0001:00090B88   227 0001:00090BA8
   226 0001:00090BDD   228 0001:00090BE0   230 0001:00090C06   232 0001:00090C16
   233 0001:00090C76   236 0001:00090CDC   237 0001:00090CF4   238 0001:00090D00
   239 0001:00090D1E   240 0001:00090D25   241 0001:00090D35   242 0001:00090D3A
   244 0001:00090D55   245 0001:00090D90   248 0001:00090DB0   249 0001:00090DCB
   250 0001:00090E39   253 0001:00090E50   254 0001:00090E73   255 0001:00090E8D
   256 0001:00090E9B   257 0001:00090EEA   258 0001:00090F33   259 0001:00090F62
   260 0001:00090F83   262 0001:00090FB8   264 0001:00091024   267 0001:00091094
   268 0001:000910B1   269 0001:000910CB   270 0001:000910D9   271 0001:0009110E
   272 0001:0009113D   273 0001:0009115E   275 0001:00091184   277 0001:000911CE
   281 0001:00091230   282 0001:00091235   286 0001:00091238   287 0001:0009123D
   290 0001:00091240   291 0001:00091243   292 0001:0009125D   294 0001:000912C8
   294 0001:000912CF

Line numbers for MSDictBuild(C:\Program\Borland\projects\private\translator\trunk\src\MsDictBuild\MSDictBuild.dpr) segment .text

    11 0001:000915B8    12 0001:000915C8    13 0001:000915D4    14 0001:000915E5
    15 0001:000915FD    16 0001:00091609

Bound resource files

C:\Program\Borland\Delphi7\\Lib\buttons.res
C:\Program\Borland\Delphi7\\Lib\extdlgs.res
C:\Program\Borland\Delphi7\\Lib\controls.res
MainFrm.dfm
manifest.res
MSDictBuild.res
C:\DOCUME~1\pt\LOKALA~1\Temp\dtf60.tmp


Program entry point at 0001:000915B8
